Archive member included to satisfy reference by file (symbol)

app/libapp.a(main.c.obj)      (--whole-archive)
zephyr/libzephyr.a(soc_nrf_common.S.obj)
                              (--whole-archive)
zephyr/libzephyr.a(assert.c.obj)
                              (--whole-archive)
zephyr/libzephyr.a(bitarray.c.obj)
                              (--whole-archive)
zephyr/libzephyr.a(cbprintf.c.obj)
                              (--whole-archive)
zephyr/libzephyr.a(cbprintf_complete.c.obj)
                              (--whole-archive)
zephyr/libzephyr.a(cbprintf_packaged.c.obj)
                              (--whole-archive)
zephyr/libzephyr.a(configs.c.obj)
                              (--whole-archive)
zephyr/libzephyr.a(constraint.c.obj)
                              (--whole-archive)
zephyr/libzephyr.a(crc16_sw.c.obj)
                              (--whole-archive)
zephyr/libzephyr.a(crc32_sw.c.obj)
                              (--whole-archive)
zephyr/libzephyr.a(crc32c_sw.c.obj)
                              (--whole-archive)
zephyr/libzephyr.a(crc7_sw.c.obj)
                              (--whole-archive)
zephyr/libzephyr.a(crc8_sw.c.obj)
                              (--whole-archive)
zephyr/libzephyr.a(dec.c.obj)
                              (--whole-archive)
zephyr/libzephyr.a(fdtable.c.obj)
                              (--whole-archive)
zephyr/libzephyr.a(getchar.c.obj)
                              (--whole-archive)
zephyr/libzephyr.a(heap-validate.c.obj)
                              (--whole-archive)
zephyr/libzephyr.a(heap.c.obj)
                              (--whole-archive)
zephyr/libzephyr.a(hex.c.obj)
                              (--whole-archive)
zephyr/libzephyr.a(multi_heap.c.obj)
                              (--whole-archive)
zephyr/libzephyr.a(notify.c.obj)
                              (--whole-archive)
zephyr/libzephyr.a(nrf_cc3xx_platform_abort_zephyr.c.obj)
                              (--whole-archive)
zephyr/libzephyr.a(nrf_cc3xx_platform_mutex_zephyr.c.obj)
                              (--whole-archive)
zephyr/libzephyr.a(onoff.c.obj)
                              (--whole-archive)
zephyr/libzephyr.a(pm.c.obj)  (--whole-archive)
zephyr/libzephyr.a(printk.c.obj)
                              (--whole-archive)
zephyr/libzephyr.a(rb.c.obj)  (--whole-archive)
zephyr/libzephyr.a(reboot.c.obj)
                              (--whole-archive)
zephyr/libzephyr.a(residency.c.obj)
                              (--whole-archive)
zephyr/libzephyr.a(sem.c.obj)
                              (--whole-archive)
zephyr/libzephyr.a(thread_entry.c.obj)
                              (--whole-archive)
zephyr/libzephyr.a(timeutil.c.obj)
                              (--whole-archive)
zephyr/libzephyr.a(tracing_none.c.obj)
                              (--whole-archive)
zephyr/libzephyr.a(tty.c.obj)
                              (--whole-archive)
zephyr/libzephyr.a(validate_base_addresses.c.obj)
                              (--whole-archive)
zephyr/libzephyr.a(validate_enabled_instances.c.obj)
                              (--whole-archive)
zephyr/arch/common/libarch__common.a(sw_isr_common.c.obj)
                              (--whole-archive)
zephyr/arch/arch/arm/core/aarch32/libarch__arm__core__aarch32.a(cpu_idle.S.obj)
                              (--whole-archive)
zephyr/arch/arch/arm/core/aarch32/libarch__arm__core__aarch32.a(isr_wrapper.S.obj)
                              (--whole-archive)
zephyr/arch/arch/arm/core/aarch32/libarch__arm__core__aarch32.a(nmi_on_reset.S.obj)
                              (--whole-archive)
zephyr/arch/arch/arm/core/aarch32/libarch__arm__core__aarch32.a(swap_helper.S.obj)
                              (--whole-archive)
zephyr/arch/arch/arm/core/aarch32/libarch__arm__core__aarch32.a(fatal.c.obj)
                              (--whole-archive)
zephyr/arch/arch/arm/core/aarch32/libarch__arm__core__aarch32.a(irq_manage.c.obj)
                              (--whole-archive)
zephyr/arch/arch/arm/core/aarch32/libarch__arm__core__aarch32.a(nmi.c.obj)
                              (--whole-archive)
zephyr/arch/arch/arm/core/aarch32/libarch__arm__core__aarch32.a(prep_c.c.obj)
                              (--whole-archive)
zephyr/arch/arch/arm/core/aarch32/libarch__arm__core__aarch32.a(swap.c.obj)
                              (--whole-archive)
zephyr/arch/arch/arm/core/aarch32/libarch__arm__core__aarch32.a(thread.c.obj)
                              (--whole-archive)
zephyr/arch/arch/arm/core/aarch32/cortex_m/libarch__arm__core__aarch32__cortex_m.a(exc_exit.S.obj)
                              (--whole-archive)
zephyr/arch/arch/arm/core/aarch32/cortex_m/libarch__arm__core__aarch32__cortex_m.a(fault_s.S.obj)
                              (--whole-archive)
zephyr/arch/arch/arm/core/aarch32/cortex_m/libarch__arm__core__aarch32__cortex_m.a(reset.S.obj)
                              (--whole-archive)
[...]
Memory Configuration

Name             Origin             Length             Attributes
FLASH            0x0000000000000000 0x0000000000100000 xr
SRAM             0x0000000020000000 0x0000000000040000 xw
IDT_LIST         0x00000000fffff7ff 0x0000000000000800 xw
*default*        0x0000000000000000 0xffffffffffffffff

Linker script and memory map

LOAD zephyr/CMakeFiles/zephyr_pre1.dir/dev_handles.c.obj
LOAD zephyr/CMakeFiles/zephyr_pre1.dir/misc/empty_file.c.obj
LOAD zephyr/CMakeFiles/offsets.dir/./arch/arm/core/offsets/offsets.c.obj
                0x0000000000000020                _region_min_align = 0x20

.rel.plt        0x0000000000000000        0x0
 *(SORT_BY_ALIGNMENT(.rel.plt))
                [!provide]                        PROVIDE (__rel_iplt_start = .)
 *(SORT_BY_ALIGNMENT(.rel.iplt))
 .rel.iplt      0x0000000000000000        0x0 zephyr/CMakeFiles/zephyr_pre1.dir/dev_handles.c.obj
                [!provide]                        PROVIDE (__rel_iplt_end = .)

.rela.plt       0x0000000000000000        0x0
 *(SORT_BY_ALIGNMENT(.rela.plt))
                [!provide]                        PROVIDE (__rela_iplt_start = .)
 *(SORT_BY_ALIGNMENT(.rela.iplt))
                [!provide]                        PROVIDE (__rela_iplt_end = .)

.rel.dyn
 *(SORT_BY_ALIGNMENT(.rel.*))

.rela.dyn
 *(SORT_BY_ALIGNMENT(.rela.*))

/DISCARD/
 *(SORT_BY_ALIGNMENT(.plt))
 *(SORT_BY_ALIGNMENT(.iplt))
 *(SORT_BY_ALIGNMENT(.got.plt))
 *(SORT_BY_ALIGNMENT(.igot.plt))
 *(SORT_BY_ALIGNMENT(.got))
 *(SORT_BY_ALIGNMENT(.igot))
 *(SORT_BY_ALIGNMENT(.note.GNU-stack))
                0x0000000000000000                __rom_region_start = 0x0

rom_start       0x0000000000000000      0x100
                0x0000000000000000                . = 0x0
                0x0000000000000000                . = ALIGN (0x4)
                0x0000000000000000                . = ALIGN (0x80)
                0x0000000000000000                . = ALIGN (0x100)
                0x0000000000000000                _vector_start = .
 *(SORT_BY_ALIGNMENT(.exc_vector_table))
 *(SORT_BY_ALIGNMENT(.exc_vector_table.*))
 .exc_vector_table._vector_table_section
                0x0000000000000000       0x40 zephyr/arch/arch/arm/core/aarch32/cortex_m/libarch__arm__core__aarch32__cortex_m.a(vector_table.S.obj)
                0x0000000000000000                _vector_table
 *(SORT_BY_ALIGNMENT(.gnu.linkonce.irq_vector_table*))
 .gnu.linkonce.irq_vector_table
                0x0000000000000040       0xc0 zephyr/arch/common/libisr_tables.a(isr_tables.c.obj)
                0x0000000000000040                _irq_vector_table
 *(SORT_BY_ALIGNMENT(.vectors))
                0x0000000000000100                _vector_end = .

text            0x0000000000000100     0xa068
                0x0000000000000100                __text_region_start = .
 *(SORT_BY_ALIGNMENT(.text))
 .text          0x0000000000000100      0x378 /home/giacomo/gnuarmemb/gcc-arm-none-eabi-9-2019-q4-major/bin/../lib/gcc/arm-none-eabi/9.2.1/thumb/v7e-m/nofp/libgcc.a(_arm_addsubdf3.o)
                0x0000000000000100                __aeabi_drsub
                0x0000000000000108                __aeabi_dsub
                0x0000000000000108                __subdf3
                0x000000000000010c                __adddf3
                0x000000000000010c                __aeabi_dadd
                0x0000000000000384                __aeabi_ui2d
                0x0000000000000384                __floatunsidf
                0x00000000000003a4                __floatsidf
                0x00000000000003a4                __aeabi_i2d
                0x00000000000003c8                __extendsfdf2
                0x00000000000003c8                __aeabi_f2d
                0x000000000000040c                __aeabi_ul2d
                0x000000000000040c                __floatundidf
                0x000000000000041c                __floatdidf
                0x000000000000041c                __aeabi_l2d
 .text          0x0000000000000478      0x424 /home/giacomo/gnuarmemb/gcc-arm-none-eabi-9-2019-q4-major/bin/../lib/gcc/arm-none-eabi/9.2.1/thumb/v7e-m/nofp/libgcc.a(_arm_muldivdf3.o)
                0x0000000000000478                __aeabi_dmul
                0x0000000000000478                __muldf3
                0x00000000000006cc                __aeabi_ddiv
                0x00000000000006cc                __divdf3
 .text          0x000000000000089c       0x40 /home/giacomo/gnuarmemb/gcc-arm-none-eabi-9-2019-q4-major/bin/../lib/gcc/arm-none-eabi/9.2.1/thumb/v7e-m/nofp/libgcc.a(_arm_fixunsdfsi.o)
                0x000000000000089c                __fixunsdfsi
                0x000000000000089c                __aeabi_d2uiz
 .text          0x00000000000008dc       0x30 /home/giacomo/gnuarmemb/gcc-arm-none-eabi-9-2019-q4-major/bin/../lib/gcc/arm-none-eabi/9.2.1/thumb/v7e-m/nofp/libgcc.a(_aeabi_uldivmod.o)
                0x00000000000008dc                __aeabi_uldivmod
 .text          0x000000000000090c      0x2c0 /home/giacomo/gnuarmemb/gcc-arm-none-eabi-9-2019-q4-major/bin/../lib/gcc/arm-none-eabi/9.2.1/thumb/v7e-m/nofp/libgcc.a(_udivmoddi4.o)
                0x000000000000090c                __udivmoddi4
 .text          0x0000000000000bcc        0x4 /home/giacomo/gnuarmemb/gcc-arm-none-eabi-9-2019-q4-major/bin/../lib/gcc/arm-none-eabi/9.2.1/thumb/v7e-m/nofp/libgcc.a(_dvmd_tls.o)
                0x0000000000000bcc                __aeabi_ldiv0
                0x0000000000000bcc                __aeabi_idiv0
 *(SORT_BY_ALIGNMENT(.text.*))
 .text.thread_FILTER_code
                0x0000000000000bd0      0x164 app/libapp.a(main.c.obj)
                0x0000000000000bd0                thread_FILTER_code
 .text.but1press_cbfunction
                0x0000000000000d34        0xc app/libapp.a(main.c.obj)
                0x0000000000000d34                but1press_cbfunction
 .text.but2press_cbfunction
                0x0000000000000d40        0xc app/libapp.a(main.c.obj)
                0x0000000000000d40                but2press_cbfunction
 .text.but3press_cbfunction
                0x0000000000000d4c        0xc app/libapp.a(main.c.obj)
                0x0000000000000d4c                but3press_cbfunction
 .text.but4press_cbfunction
                0x0000000000000d58        0xc app/libapp.a(main.c.obj)
                0x0000000000000d58                but4press_cbfunction
 .text.z_impl_gpio_pin_configure.constprop.0
                0x0000000000000d64       0x64 app/libapp.a(main.c.obj)
 .text.z_impl_gpio_pin_interrupt_configure.constprop.0
                0x0000000000000dc8       0x6c app/libapp.a(main.c.obj)
 .text.thread_AUTOMATIC_code
                0x0000000000000e34       0xd0 app/libapp.a(main.c.obj)
                0x0000000000000e34                thread_AUTOMATIC_code
 .text.thread_MANUAL_code
                0x0000000000000f04       0xa4 app/libapp.a(main.c.obj)
                0x0000000000000f04                thread_MANUAL_code
 .text.thread_CONTROL_code
                0x0000000000000fa8      0x128 app/libapp.a(main.c.obj)
                0x0000000000000fa8                thread_CONTROL_code
 .text.thread_PWM_code
                0x00000000000010d0       0xfc app/libapp.a(main.c.obj)
                0x00000000000010d0                thread_PWM_code
 .text.thread_A_code
                0x00000000000011cc      0x31c app/libapp.a(main.c.obj)
                0x00000000000011cc                thread_A_code
 .text.main     0x00000000000014e8      0x2b8 app/libapp.a(main.c.obj)
                0x00000000000014e8                main
 .text.cbvprintf
                0x00000000000017a0      0x780 zephyr/libzephyr.a(cbprintf_complete.c.obj)
                0x00000000000017a0                cbvprintf
 .text.console_write
                0x0000000000001f20        0xc zephyr/libzephyr.a(getchar.c.obj)
                0x0000000000001f20                console_write
 .text.console_putchar
                0x0000000000001f2c       0x1c zephyr/libzephyr.a(getchar.c.obj)
                0x0000000000001f2c                console_putchar
 .text.console_getchar
                0x0000000000001f48       0x20 zephyr/libzephyr.a(getchar.c.obj)
                0x0000000000001f48                console_getchar
 .text.console_init
                0x0000000000001f68       0x54 zephyr/libzephyr.a(getchar.c.obj)
                0x0000000000001f68                console_init
 .text.sys_heap_init
                0x0000000000001fbc      0x128 zephyr/libzephyr.a(heap.c.obj)
                0x0000000000001fbc                sys_heap_init
 .text.sys_notify_finalize
                0x00000000000020e4       0x60 zephyr/libzephyr.a(notify.c.obj)
                0x00000000000020e4                sys_notify_finalize
 .text.nrf_cc3xx_platform_abort_init
                0x0000000000002144        0xc zephyr/libzephyr.a(nrf_cc3xx_platform_abort_zephyr.c.obj)
                0x0000000000002144                nrf_cc3xx_platform_abort_init
 .text.mutex_unlock_platform
                0x0000000000002150       0x4c zephyr/libzephyr.a(nrf_cc3xx_platform_mutex_zephyr.c.obj)
 .text.mutex_free_platform
                0x000000000000219c       0x48 zephyr/libzephyr.a(nrf_cc3xx_platform_mutex_zephyr.c.obj)
 .text.mutex_init_platform
                0x00000000000021e4       0x70 zephyr/libzephyr.a(nrf_cc3xx_platform_mutex_zephyr.c.obj)
 .text.mutex_lock_platform
                0x0000000000002254       0x58 zephyr/libzephyr.a(nrf_cc3xx_platform_mutex_zephyr.c.obj)
 .text.nrf_cc3xx_platform_mutex_init
                0x00000000000022ac       0x2c zephyr/libzephyr.a(nrf_cc3xx_platform_mutex_zephyr.c.obj)
                0x00000000000022ac                nrf_cc3xx_platform_mutex_init
 .text.process_event
                0x00000000000022d8      0x3f4 zephyr/libzephyr.a(onoff.c.obj)
 .text.transition_complete
                0x00000000000026cc       0x64 zephyr/libzephyr.a(onoff.c.obj)
 .text.onoff_request
                0x0000000000002730      0x130 zephyr/libzephyr.a(onoff.c.obj)
                0x0000000000002730                onoff_request
 .text.pm_state_notify
                0x0000000000002860       0xcc zephyr/libzephyr.a(pm.c.obj)
 .text.atomic_test_and_set_bit.constprop.0
                0x000000000000292c       0x38 zephyr/libzephyr.a(pm.c.obj)
 .text.pm_system_resume
                0x0000000000002964       0x88 zephyr/libzephyr.a(pm.c.obj)
                0x0000000000002964                pm_system_resume
 .text.pm_system_suspend
                0x00000000000029ec      0x100 zephyr/libzephyr.a(pm.c.obj)
                0x00000000000029ec                pm_system_suspend
 .text.char_out
                0x0000000000002aec       0x10 zephyr/libzephyr.a(printk.c.obj)
 .text.__printk_hook_install
                0x0000000000002afc        0xc zephyr/libzephyr.a(printk.c.obj)
                0x0000000000002afc                __printk_hook_install
 .text.vprintk  0x0000000000002b08       0x1c zephyr/libzephyr.a(printk.c.obj)
                0x0000000000002b08                vprintk
 .text.sys_reboot
                0x0000000000002b24       0x28 zephyr/libzephyr.a(reboot.c.obj)
                0x0000000000002b24                sys_reboot
 .text.tty_init
                0x0000000000002b4c       0x40 zephyr/libzephyr.a(tty.c.obj)
                0x0000000000002b4c                tty_init
 .text.z_arm_cpu_idle_init
                0x0000000000002b8c        0xc zephyr/arch/arch/arm/core/aarch32/libarch__arm__core__aarch32.a(cpu_idle.S.obj)
                0x0000000000002b8c                z_arm_cpu_idle_init
 .text.arch_cpu_idle
                0x0000000000002b98       0x1c zephyr/arch/arch/arm/core/aarch32/libarch__arm__core__aarch32.a(cpu_idle.S.obj)
                0x0000000000002b98                arch_cpu_idle
 .text.arch_cpu_atomic_idle
                0x0000000000002bb4       0x14 zephyr/arch/arch/arm/core/aarch32/libarch__arm__core__aarch32.a(cpu_idle.S.obj)
                0x0000000000002bb4                arch_cpu_atomic_idle
 .text._isr_wrapper
                0x0000000000002bc8       0x40 zephyr/arch/arch/arm/core/aarch32/libarch__arm__core__aarch32.a(isr_wrapper.S.obj)
                0x0000000000002bc8                _isr_wrapper
 .text.z_SysNmiOnReset
                0x0000000000002c08        0x8 zephyr/arch/arch/arm/core/aarch32/libarch__arm__core__aarch32.a(nmi_on_reset.S.obj)
                0x0000000000002c08                z_SysNmiOnReset
 .text.z_arm_pendsv
                0x0000000000002c10       0x54 zephyr/arch/arch/arm/core/aarch32/libarch__arm__core__aarch32.a(swap_helper.S.obj)
                0x0000000000002c10                z_arm_pendsv
 .text.z_arm_svc
                0x0000000000002c64       0x20 zephyr/arch/arch/arm/core/aarch32/libarch__arm__core__aarch32.a(swap_helper.S.obj)
                0x0000000000002c64                z_arm_svc
 .text.arch_irq_enable
                0x0000000000002c84       0x20 zephyr/arch/arch/arm/core/aarch32/libarch__arm__core__aarch32.a(irq_manage.c.obj)
                0x0000000000002c84                arch_irq_enable
 .text.arch_irq_is_enabled
                0x0000000000002ca4       0x1c zephyr/arch/arch/arm/core/aarch32/libarch__arm__core__aarch32.a(irq_manage.c.obj)
                0x0000000000002ca4                arch_irq_is_enabled
 .text.z_arm_irq_priority_set
                0x0000000000002cc0       0x68 zephyr/arch/arch/arm/core/aarch32/libarch__arm__core__aarch32.a(irq_manage.c.obj)
                0x0000000000002cc0                z_arm_irq_priority_set
 .text.z_arm_prep_c
                0x0000000000002d28       0x38 zephyr/arch/arch/arm/core/aarch32/libarch__arm__core__aarch32.a(prep_c.c.obj)
                0x0000000000002d28                z_arm_prep_c
 .text.arch_swap
                0x0000000000002d60       0x34 zephyr/arch/arch/arm/core/aarch32/libarch__arm__core__aarch32.a(swap.c.obj)
                0x0000000000002d60                arch_swap
 .text.arch_new_thread
                0x0000000000002d94       0x38 zephyr/arch/arch/arm/core/aarch32/libarch__arm__core__aarch32.a(thread.c.obj)
                0x0000000000002d94                arch_new_thread
 .text.z_check_thread_stack_fail
                0x0000000000002dcc       0x34 zephyr/arch/arch/arm/core/aarch32/libarch__arm__core__aarch32.a(thread.c.obj)
                0x0000000000002dcc                z_check_thread_stack_fail
 .text.arch_switch_to_main_thread
                0x0000000000002e00       0x2c zephyr/arch/arch/arm/core/aarch32/libarch__arm__core__aarch32.a(thread.c.obj)
                0x0000000000002e00                arch_switch_to_main_thread
 .text._HandlerModeExit
                0x0000000000002e2c       0x1c zephyr/arch/arch/arm/core/aarch32/cortex_m/libarch__arm__core__aarch32__cortex_m.a(exc_exit.S.obj)
                0x0000000000002e2c                z_arm_exc_exit
                0x0000000000002e2c                z_arm_int_exit
 .text.__fault  0x0000000000002e48       0x14 zephyr/arch/arch/arm/core/aarch32/cortex_m/libarch__arm__core__aarch32__cortex_m.a(fault_s.S.obj)
                0x0000000000002e48                z_arm_bus_fault
                0x0000000000002e48                z_arm_usage_fault
                0x0000000000002e48                z_arm_mpu_fault
                0x0000000000002e48                z_arm_exc_spurious
                0x0000000000002e48                z_arm_debug_monitor
                0x0000000000002e48                z_arm_hard_fault
 .text._reset_section
                0x0000000000002e5c       0x54 zephyr/arch/arch/arm/core/aarch32/cortex_m/libarch__arm__core__aarch32__cortex_m.a(reset.S.obj)
                0x0000000000002e5c                z_arm_reset
                0x0000000000002e5c                __start
 .text.mem_manage_fault
                0x0000000000002eb0       0xa4 zephyr/arch/arch/arm/core/aarch32/cortex_m/libarch__arm__core__aarch32__cortex_m.a(fault.c.obj)
 .text.bus_fault.isra.0
                0x0000000000002f54       0x3c zephyr/arch/arch/arm/core/aarch32/cortex_m/libarch__arm__core__aarch32__cortex_m.a(fault.c.obj)
 .text.usage_fault.isra.0
                0x0000000000002f90       0x24 zephyr/arch/arch/arm/core/aarch32/cortex_m/libarch__arm__core__aarch32__cortex_m.a(fault.c.obj)
 .text.z_arm_fault
                0x0000000000002fb4      0x17c zephyr/arch/arch/arm/core/aarch32/cortex_m/libarch__arm__core__aarch32__cortex_m.a(fault.c.obj)
                0x0000000000002fb4                z_arm_fault
 .text.z_arm_fault_init
                0x0000000000003130       0x10 zephyr/arch/arch/arm/core/aarch32/cortex_m/libarch__arm__core__aarch32__cortex_m.a(fault.c.obj)
                0x0000000000003130                z_arm_fault_init
 .text.z_arm_interrupt_init
                0x0000000000003140       0x18 zephyr/arch/arch/arm/core/aarch32/cortex_m/libarch__arm__core__aarch32__cortex_m.a(irq_init.c.obj)
                0x0000000000003140                z_arm_interrupt_init
 .text.z_arm_clear_arm_mpu_config
                0x0000000000003158       0x20 zephyr/arch/arch/arm/core/aarch32/cortex_m/libarch__arm__core__aarch32__cortex_m.a(scb.c.obj)
                0x0000000000003158                z_arm_clear_arm_mpu_config
 .text.z_arm_init_arch_hw_at_boot
                0x0000000000003178       0x64 zephyr/arch/arch/arm/core/aarch32/cortex_m/libarch__arm__core__aarch32__cortex_m.a(scb.c.obj)
                0x0000000000003178                z_arm_init_arch_hw_at_boot
 .text.z_impl_k_thread_abort
                0x00000000000031dc       0x24 zephyr/arch/arch/arm/core/aarch32/cortex_m/libarch__arm__core__aarch32__cortex_m.a(thread_abort.c.obj)
                0x00000000000031dc                z_impl_k_thread_abort
 .text.z_arm_configure_static_mpu_regions
                0x0000000000003200       0x18 zephyr/arch/arch/arm/core/aarch32/mpu/libarch__arm__core__aarch32__mpu.a(arm_core_mpu.c.obj)
                0x0000000000003200                z_arm_configure_static_mpu_regions
 .text.z_arm_configure_dynamic_mpu_regions
                0x0000000000003218       0x20 zephyr/arch/arch/arm/core/aarch32/mpu/libarch__arm__core__aarch32__mpu.a(arm_core_mpu.c.obj)
                0x0000000000003218                z_arm_configure_dynamic_mpu_regions
 .text.mpu_configure_regions
                0x0000000000003238       0x80 zephyr/arch/arch/arm/core/aarch32/mpu/libarch__arm__core__aarch32__mpu.a(arm_mpu.c.obj)
 .text.arm_core_mpu_enable
                0x00000000000032b8       0x14 zephyr/arch/arch/arm/core/aarch32/mpu/libarch__arm__core__aarch32__mpu.a(arm_mpu.c.obj)
                0x00000000000032b8                arm_core_mpu_enable
 .text.arm_core_mpu_disable
                0x00000000000032cc       0x10 zephyr/arch/arch/arm/core/aarch32/mpu/libarch__arm__core__aarch32__mpu.a(arm_mpu.c.obj)
                0x00000000000032cc                arm_core_mpu_disable
 .text.arm_core_mpu_configure_static_mpu_regions
                0x00000000000032dc       0x50 zephyr/arch/arch/arm/core/aarch32/mpu/libarch__arm__core__aarch32__mpu.a(arm_mpu.c.obj)
                0x00000000000032dc                arm_core_mpu_configure_static_mpu_regions
 .text.arm_core_mpu_configure_dynamic_mpu_regions
                0x000000000000332c       0x64 zephyr/arch/arch/arm/core/aarch32/mpu/libarch__arm__core__aarch32__mpu.a(arm_mpu.c.obj)
                0x000000000000332c                arm_core_mpu_configure_dynamic_mpu_regions
 .text.z_arm_mpu_init
                0x0000000000003390       0xbc zephyr/arch/arch/arm/core/aarch32/mpu/libarch__arm__core__aarch32__mpu.a(arm_mpu.c.obj)
                0x0000000000003390                z_arm_mpu_init
 .text.__stdout_hook_install
                0x000000000000344c        0xc zephyr/lib/libc/minimal/liblib__libc__minimal.a(stdout_console.c.obj)
                0x000000000000344c                __stdout_hook_install
 .text.nordicsemi_nrf52_init
                0x0000000000003458       0x64 zephyr/soc/arm/nordic_nrf/nrf52/libsoc__arm__nordic_nrf__nrf52.a(soc.c.obj)
 .text.sys_arch_reboot
                0x00000000000034bc       0x2c zephyr/soc/arm/nordic_nrf/nrf52/libsoc__arm__nordic_nrf__nrf52.a(soc.c.obj)
                0x00000000000034bc                sys_arch_reboot
 .text.arch_busy_wait
                0x00000000000034e8       0x14 zephyr/soc/arm/nordic_nrf/nrf52/libsoc__arm__nordic_nrf__nrf52.a(soc.c.obj)
                0x00000000000034e8                arch_busy_wait
 .text.adc_context_start_sampling.isra.0
                0x00000000000034fc       0x20 zephyr/drivers/adc/libdrivers__adc.a(adc_nrfx_saadc.c.obj)
 .text.adc_nrfx_channel_setup
                0x000000000000351c       0xd4 zephyr/drivers/adc/libdrivers__adc.a(adc_nrfx_saadc.c.obj)
 .text.start_read.isra.0
                0x00000000000035f0      0x188 zephyr/drivers/adc/libdrivers__adc.a(adc_nrfx_saadc.c.obj)
 .text.adc_nrfx_read_async
                0x0000000000003778       0x44 zephyr/drivers/adc/libdrivers__adc.a(adc_nrfx_saadc.c.obj)
 .text.init_saadc
                0x00000000000037bc       0x48 zephyr/drivers/adc/libdrivers__adc.a(adc_nrfx_saadc.c.obj)
 .text.saadc_irq_handler
                0x0000000000003804       0xf4 zephyr/drivers/adc/libdrivers__adc.a(adc_nrfx_saadc.c.obj)
 .text.adc_nrfx_read
                0x00000000000038f8       0x40 zephyr/drivers/adc/libdrivers__adc.a(adc_nrfx_saadc.c.obj)
 .text.onoff_start
                0x0000000000003938       0x54 zephyr/drivers/clock_control/libdrivers__clock_control.a(clock_control_nrf.c.obj)
 .text.get_status
                0x000000000000398c       0x3c zephyr/drivers/clock_control/libdrivers__clock_control.a(clock_control_nrf.c.obj)
 .text.stop     0x00000000000039c8       0x7c zephyr/drivers/clock_control/libdrivers__clock_control.a(clock_control_nrf.c.obj)
 .text.onoff_stop
                0x0000000000003a44       0x28 zephyr/drivers/clock_control/libdrivers__clock_control.a(clock_control_nrf.c.obj)
 .text.clk_init
                0x0000000000003a6c       0x60 zephyr/drivers/clock_control/libdrivers__clock_control.a(clock_control_nrf.c.obj)
 .text.clkstarted_handle.constprop.0
                0x0000000000003acc       0x34 zephyr/drivers/clock_control/libdrivers__clock_control.a(clock_control_nrf.c.obj)
 .text.clock_event_handler
                0x0000000000003b00       0x60 zephyr/drivers/clock_control/libdrivers__clock_control.a(clock_control_nrf.c.obj)
 .text.generic_hfclk_start
                0x0000000000003b60       0x64 zephyr/drivers/clock_control/libdrivers__clock_control.a(clock_control_nrf.c.obj)
 .text.generic_hfclk_stop
                0x0000000000003bc4       0x2c zephyr/drivers/clock_control/libdrivers__clock_control.a(clock_control_nrf.c.obj)
 .text.api_blocking_start
                0x0000000000003bf0       0x3c zephyr/drivers/clock_control/libdrivers__clock_control.a(clock_control_nrf.c.obj)
 .text.z_nrf_clock_control_lf_on
                0x0000000000003c2c      0x158 zephyr/drivers/clock_control/libdrivers__clock_control.a(clock_control_nrf.c.obj)
                0x0000000000003c2c                z_nrf_clock_control_lf_on
 .text.console_out
                0x0000000000003d84       0x34 zephyr/drivers/console/libdrivers__console.a(uart_console.c.obj)
 .text.uart_console_init
                0x0000000000003db8       0x30 zephyr/drivers/console/libdrivers__console.a(uart_console.c.obj)
 .text.gpio_nrfx_manage_callback
                0x0000000000003de8       0xac zephyr/drivers/gpio/libdrivers__gpio.a(gpio_nrfx.c.obj)
 .text.nrfx_gpio_handler
                0x0000000000003e94       0x98 zephyr/drivers/gpio/libdrivers__gpio.a(gpio_nrfx.c.obj)
 .text.gpio_nrfx_pin_interrupt_configure
                0x0000000000003f2c      0x130 zephyr/drivers/gpio/libdrivers__gpio.a(gpio_nrfx.c.obj)
 .text.gpio_nrfx_init
                0x000000000000405c       0x38 zephyr/drivers/gpio/libdrivers__gpio.a(gpio_nrfx.c.obj)
 .text.gpio_nrfx_pin_configure
                0x0000000000004094      0x15c zephyr/drivers/gpio/libdrivers__gpio.a(gpio_nrfx.c.obj)
 .text.pwm_nrfx_get_cycles_per_sec
                0x00000000000041f0       0x10 zephyr/drivers/pwm/libdrivers__pwm.a(pwm_nrfx.c.obj)
 .text.pwm_nrfx_init
                0x0000000000004200       0x44 zephyr/drivers/pwm/libdrivers__pwm.a(pwm_nrfx.c.obj)
 .text.nrf_gpio_pin_port_decode
                0x0000000000004244       0x84 zephyr/drivers/pwm/libdrivers__pwm.a(pwm_nrfx.c.obj)
 .text.uarte_nrfx_configure
                0x00000000000042c8      0x164 zephyr/drivers/serial/libdrivers__serial.a(uart_nrfx_uarte.c.obj)
 .text.nrf_gpio_pin_port_decode
                0x000000000000442c       0x84 zephyr/drivers/serial/libdrivers__serial.a(uart_nrfx_uarte.c.obj)
 .text.uarte_nrfx_poll_out
                0x00000000000044b0       0x94 zephyr/drivers/serial/libdrivers__serial.a(uart_nrfx_uarte.c.obj)
 .text.uarte_instance_init.isra.0
                0x0000000000004544      0x198 zephyr/drivers/serial/libdrivers__serial.a(uart_nrfx_uarte.c.obj)
 .text.sys_clock_timeout_handler
                0x00000000000046dc       0x78 zephyr/drivers/timer/libdrivers__timer.a(nrf_rtc_timer.c.obj)
 .text.compare_int_lock
                0x0000000000004754       0x50 zephyr/drivers/timer/libdrivers__timer.a(nrf_rtc_timer.c.obj)
 .text.compare_int_unlock.part.0
                0x00000000000047a4       0x5c zephyr/drivers/timer/libdrivers__timer.a(nrf_rtc_timer.c.obj)
 .text.z_nrf_rtc_timer_read
                0x0000000000004800       0x44 zephyr/drivers/timer/libdrivers__timer.a(nrf_rtc_timer.c.obj)
                0x0000000000004800                z_nrf_rtc_timer_read
 .text.compare_set
                0x0000000000004844      0x154 zephyr/drivers/timer/libdrivers__timer.a(nrf_rtc_timer.c.obj)
 .text.sys_clock_driver_init
                0x0000000000004998       0x84 zephyr/drivers/timer/libdrivers__timer.a(nrf_rtc_timer.c.obj)
 .text.rtc_nrf_isr
                0x0000000000004a1c       0xf0 zephyr/drivers/timer/libdrivers__timer.a(nrf_rtc_timer.c.obj)
                0x0000000000004a1c                rtc_nrf_isr
 .text.sys_clock_set_timeout
                0x0000000000004b0c       0x60 zephyr/drivers/timer/libdrivers__timer.a(nrf_rtc_timer.c.obj)
                0x0000000000004b0c                sys_clock_set_timeout
 .text.sys_clock_elapsed
                0x0000000000004b6c       0x14 zephyr/drivers/timer/libdrivers__timer.a(nrf_rtc_timer.c.obj)
                0x0000000000004b6c                sys_clock_elapsed
 .text.nrf_clock_is_running.constprop.0
                0x0000000000004b80       0x68 modules/hal_nordic/nrfx/libmodules__hal_nordic__nrfx.a(nrfx_clock.c.obj)
 .text.nrfx_clock_init
                0x0000000000004be8       0x48 modules/hal_nordic/nrfx/libmodules__hal_nordic__nrfx.a(nrfx_clock.c.obj)
                0x0000000000004be8                nrfx_clock_init
 .text.nrfx_clock_enable
                0x0000000000004c30       0x40 modules/hal_nordic/nrfx/libmodules__hal_nordic__nrfx.a(nrfx_clock.c.obj)
                0x0000000000004c30                nrfx_clock_enable
 .text.nrfx_clock_start
                0x0000000000004c70       0xa8 modules/hal_nordic/nrfx/libmodules__hal_nordic__nrfx.a(nrfx_clock.c.obj)
                0x0000000000004c70                nrfx_clock_start
 .text.nrfx_clock_stop
                0x0000000000004d18       0xdc modules/hal_nordic/nrfx/libmodules__hal_nordic__nrfx.a(nrfx_clock.c.obj)
                0x0000000000004d18                nrfx_clock_stop
 .text.nrfx_power_clock_irq_handler
                0x0000000000004df4       0x68 modules/hal_nordic/nrfx/libmodules__hal_nordic__nrfx.a(nrfx_clock.c.obj)
                0x0000000000004df4                nrfx_power_clock_irq_handler
 .text.nrfx_flag32_alloc
                0x0000000000004e5c       0x48 modules/hal_nordic/nrfx/libmodules__hal_nordic__nrfx.a(nrfx_flag32_allocator.c.obj)
                0x0000000000004e5c                nrfx_flag32_alloc
 .text.nrfx_flag32_free
                0x0000000000004ea4       0x44 modules/hal_nordic/nrfx/libmodules__hal_nordic__nrfx.a(nrfx_flag32_allocator.c.obj)
                0x0000000000004ea4                nrfx_flag32_free
 .text.pin_is_task_output
                0x0000000000004ee8       0x1c modules/hal_nordic/nrfx/libmodules__hal_nordic__nrfx.a(nrfx_gpiote.c.obj)
 .text.call_handler
                0x0000000000004f04       0x3c modules/hal_nordic/nrfx/libmodules__hal_nordic__nrfx.a(nrfx_gpiote.c.obj)
 .text.release_handler
                0x0000000000004f40       0x80 modules/hal_nordic/nrfx/libmodules__hal_nordic__nrfx.a(nrfx_gpiote.c.obj)
 .text.pin_handler_trigger_uninit
                0x0000000000004fc0       0x34 modules/hal_nordic/nrfx/libmodules__hal_nordic__nrfx.a(nrfx_gpiote.c.obj)
 .text.nrf_gpio_pin_port_decode
                0x0000000000004ff4       0x6c modules/hal_nordic/nrfx/libmodules__hal_nordic__nrfx.a(nrfx_gpiote.c.obj)
 .text.nrfx_gpiote_input_configure
                0x0000000000005060      0x150 modules/hal_nordic/nrfx/libmodules__hal_nordic__nrfx.a(nrfx_gpiote.c.obj)
                0x0000000000005060                nrfx_gpiote_input_configure
 .text.nrfx_gpiote_output_configure
                0x00000000000051b0       0xe0 modules/hal_nordic/nrfx/libmodules__hal_nordic__nrfx.a(nrfx_gpiote.c.obj)
                0x00000000000051b0                nrfx_gpiote_output_configure
 .text.nrfx_gpiote_global_callback_set
                0x0000000000005290        0xc modules/hal_nordic/nrfx/libmodules__hal_nordic__nrfx.a(nrfx_gpiote.c.obj)
                0x0000000000005290                nrfx_gpiote_global_callback_set
 .text.nrfx_gpiote_channel_get
                0x000000000000529c       0x50 modules/hal_nordic/nrfx/libmodules__hal_nordic__nrfx.a(nrfx_gpiote.c.obj)
                0x000000000000529c                nrfx_gpiote_channel_get
 .text.nrfx_gpiote_init
                0x00000000000052ec       0x50 modules/hal_nordic/nrfx/libmodules__hal_nordic__nrfx.a(nrfx_gpiote.c.obj)
                0x00000000000052ec                nrfx_gpiote_init
 .text.nrfx_gpiote_is_init
                0x000000000000533c       0x14 modules/hal_nordic/nrfx/libmodules__hal_nordic__nrfx.a(nrfx_gpiote.c.obj)
                0x000000000000533c                nrfx_gpiote_is_init
 .text.nrfx_gpiote_channel_free
                0x0000000000005350        0xc modules/hal_nordic/nrfx/libmodules__hal_nordic__nrfx.a(nrfx_gpiote.c.obj)
                0x0000000000005350                nrfx_gpiote_channel_free
 .text.nrfx_gpiote_channel_alloc
                0x000000000000535c        0xc modules/hal_nordic/nrfx/libmodules__hal_nordic__nrfx.a(nrfx_gpiote.c.obj)
                0x000000000000535c                nrfx_gpiote_channel_alloc
 .text.nrfx_gpiote_trigger_enable
                0x0000000000005368       0xe0 modules/hal_nordic/nrfx/libmodules__hal_nordic__nrfx.a(nrfx_gpiote.c.obj)
                0x0000000000005368                nrfx_gpiote_trigger_enable
 .text.nrfx_gpiote_trigger_disable
                0x0000000000005448       0x44 modules/hal_nordic/nrfx/libmodules__hal_nordic__nrfx.a(nrfx_gpiote.c.obj)
                0x0000000000005448                nrfx_gpiote_trigger_disable
 .text.nrfx_gpiote_pin_uninit
                0x000000000000548c       0x48 modules/hal_nordic/nrfx/libmodules__hal_nordic__nrfx.a(nrfx_gpiote.c.obj)
                0x000000000000548c                nrfx_gpiote_pin_uninit
 .text.nrfx_gpiote_irq_handler
                0x00000000000054d4      0x1b4 modules/hal_nordic/nrfx/libmodules__hal_nordic__nrfx.a(nrfx_gpiote.c.obj)
                0x00000000000054d4                nrfx_gpiote_irq_handler
 .text.nrfx_ppi_channel_alloc
                0x0000000000005688        0xc modules/hal_nordic/nrfx/libmodules__hal_nordic__nrfx.a(nrfx_ppi.c.obj)
                0x0000000000005688                nrfx_ppi_channel_alloc
 .text.nrf_pwm_sequence_set
                0x0000000000005694       0xf8 modules/hal_nordic/nrfx/libmodules__hal_nordic__nrfx.a(nrfx_pwm.c.obj)
 .text.nrf_gpio_pin_port_decode
                0x000000000000578c       0x84 modules/hal_nordic/nrfx/libmodules__hal_nordic__nrfx.a(nrfx_pwm.c.obj)
 .text.nrfx_pwm_init
                0x0000000000005810      0x198 modules/hal_nordic/nrfx/libmodules__hal_nordic__nrfx.a(nrfx_pwm.c.obj)
                0x0000000000005810                nrfx_pwm_init
 .text.nrfx_pwm_simple_playback
                0x00000000000059a8       0xe8 modules/hal_nordic/nrfx/libmodules__hal_nordic__nrfx.a(nrfx_pwm.c.obj)
                0x00000000000059a8                nrfx_pwm_simple_playback
 .text.nrfx_pwm_is_stopped
                0x0000000000005a90       0x5c modules/hal_nordic/nrfx/libmodules__hal_nordic__nrfx.a(nrfx_pwm.c.obj)
                0x0000000000005a90                nrfx_pwm_is_stopped
 .text.nrfx_pwm_stop
                0x0000000000005aec       0x64 modules/hal_nordic/nrfx/libmodules__hal_nordic__nrfx.a(nrfx_pwm.c.obj)
                0x0000000000005aec                nrfx_pwm_stop
 .text.nrf52_errata_36
                0x0000000000005b50       0x14 modules/hal_nordic/nrfx/libmodules__hal_nordic__nrfx.a(system_nrf52840.c.obj)
 .text.nrf52_errata_98
                0x0000000000005b64       0x28 modules/hal_nordic/nrfx/libmodules__hal_nordic__nrfx.a(system_nrf52840.c.obj)
 .text.nvmc_wait
                0x0000000000005b8c       0x10 modules/hal_nordic/nrfx/libmodules__hal_nordic__nrfx.a(system_nrf52840.c.obj)
                0x0000000000005b8c                nvmc_wait
 .text.SystemInit
                0x0000000000005b9c      0x1d0 modules/hal_nordic/nrfx/libmodules__hal_nordic__nrfx.a(system_nrf52840.c.obj)
                0x0000000000005b9c                SystemInit
 .text.z_sys_init_run_level
                0x0000000000005d6c       0x40 zephyr/kernel/libkernel.a(device.c.obj)
                0x0000000000005d6c                z_sys_init_run_level
 .text.z_impl_device_get_binding
                0x0000000000005dac       0x58 zephyr/kernel/libkernel.a(device.c.obj)
                0x0000000000005dac                z_impl_device_get_binding
 .text.z_impl_z_errno
                0x0000000000005e04        0xc zephyr/kernel/libkernel.a(errno.c.obj)
                0x0000000000005e04                z_impl_z_errno
 .text.z_fatal_error
                0x0000000000005e10       0x64 zephyr/kernel/libkernel.a(fatal.c.obj)
                0x0000000000005e10                z_fatal_error
 .text.idle     0x0000000000005e74       0x58 zephyr/kernel/libkernel.a(idle.c.obj)
                0x0000000000005e74                idle
 .text.init_idle_thread
                0x0000000000005ecc       0x58 zephyr/kernel/libkernel.a(init.c.obj)
 .text.bg_thread_main
                0x0000000000005f24       0x34 zephyr/kernel/libkernel.a(init.c.obj)
 .text.z_bss_zero
                0x0000000000005f58       0x14 zephyr/kernel/libkernel.a(init.c.obj)
                0x0000000000005f58                z_bss_zero
 .text.z_cstart
                0x0000000000005f6c       0xe4 zephyr/kernel/libkernel.a(init.c.obj)
                0x0000000000005f6c                z_cstart
 .text.init_mem_slab_module
                0x0000000000006050       0x78 zephyr/kernel/libkernel.a(mem_slab.c.obj)
 .text.k_mem_slab_alloc
                0x00000000000060c8       0xd8 zephyr/kernel/libkernel.a(mem_slab.c.obj)
                0x00000000000060c8                k_mem_slab_alloc
 .text.k_mem_slab_free
                0x00000000000061a0       0xc8 zephyr/kernel/libkernel.a(mem_slab.c.obj)
                0x00000000000061a0                k_mem_slab_free
 .text.z_impl_k_mutex_lock
                0x0000000000006268      0x200 zephyr/kernel/libkernel.a(mutex.c.obj)
                0x0000000000006268                z_impl_k_mutex_lock
 .text.z_impl_k_mutex_unlock
                0x0000000000006468      0x190 zephyr/kernel/libkernel.a(mutex.c.obj)
                0x0000000000006468                z_impl_k_mutex_unlock
 .text.signal_poll_event
                0x00000000000065f8       0xec zephyr/kernel/libkernel.a(poll.c.obj)
 .text.z_impl_k_poll_signal_raise
                0x00000000000066e4       0xb8 zephyr/kernel/libkernel.a(poll.c.obj)
                0x00000000000066e4                z_impl_k_poll_signal_raise
 .text.z_reset_time_slice
                0x000000000000679c       0x2c zephyr/kernel/libkernel.a(sched.c.obj)
                0x000000000000679c                z_reset_time_slice
 .text.k_sched_time_slice_set
                0x00000000000067c8       0xcc zephyr/kernel/libkernel.a(sched.c.obj)
                0x00000000000067c8                k_sched_time_slice_set
 .text.z_unpend_thread_no_timeout
                0x0000000000006894       0x90 zephyr/kernel/libkernel.a(sched.c.obj)
                0x0000000000006894                z_unpend_thread_no_timeout
 .text.z_reschedule
                0x0000000000006924       0x88 zephyr/kernel/libkernel.a(sched.c.obj)
                0x0000000000006924                z_reschedule
 .text.k_sched_lock
                0x00000000000069ac       0xe8 zephyr/kernel/libkernel.a(sched.c.obj)
                0x00000000000069ac                k_sched_lock
 .text.z_priq_dumb_remove
                0x0000000000006a94       0x44 zephyr/kernel/libkernel.a(sched.c.obj)
                0x0000000000006a94                z_priq_dumb_remove
 .text.unpend_thread_no_timeout
                0x0000000000006ad8       0x44 zephyr/kernel/libkernel.a(sched.c.obj)
 .text.z_unpend_thread
                0x0000000000006b1c       0x98 zephyr/kernel/libkernel.a(sched.c.obj)
                0x0000000000006b1c                z_unpend_thread
 .text.update_cache
                0x0000000000006bb4       0x70 zephyr/kernel/libkernel.a(sched.c.obj)
 .text.move_thread_to_end_of_prio_q
                0x0000000000006c24       0xac zephyr/kernel/libkernel.a(sched.c.obj)
 .text.z_time_slice
                0x0000000000006cd0       0xf0 zephyr/kernel/libkernel.a(sched.c.obj)
                0x0000000000006cd0                z_time_slice
 .text.ready_thread
                0x0000000000006dc0       0xa4 zephyr/kernel/libkernel.a(sched.c.obj)
 .text.z_ready_thread
                0x0000000000006e64       0x90 zephyr/kernel/libkernel.a(sched.c.obj)
                0x0000000000006e64                z_ready_thread
 .text.z_sched_start
                0x0000000000006ef4       0xa8 zephyr/kernel/libkernel.a(sched.c.obj)
                0x0000000000006ef4                z_sched_start
 .text.z_thread_timeout
                0x0000000000006f9c       0xb4 zephyr/kernel/libkernel.a(sched.c.obj)
                0x0000000000006f9c                z_thread_timeout
 .text.unready_thread
                0x0000000000007050       0x38 zephyr/kernel/libkernel.a(sched.c.obj)
 .text.add_to_waitq_locked
                0x0000000000007088       0x84 zephyr/kernel/libkernel.a(sched.c.obj)
 .text.pend     0x000000000000710c       0xbc zephyr/kernel/libkernel.a(sched.c.obj)
 .text.z_pend_curr
                0x00000000000071c8       0x60 zephyr/kernel/libkernel.a(sched.c.obj)
                0x00000000000071c8                z_pend_curr
 .text.z_set_prio
                0x0000000000007228      0x138 zephyr/kernel/libkernel.a(sched.c.obj)
                0x0000000000007228                z_set_prio
 .text.z_impl_k_thread_suspend
                0x0000000000007360       0xd4 zephyr/kernel/libkernel.a(sched.c.obj)
                0x0000000000007360                z_impl_k_thread_suspend
 .text.k_sched_unlock
                0x0000000000007434       0xf8 zephyr/kernel/libkernel.a(sched.c.obj)
                0x0000000000007434                k_sched_unlock
 .text.z_unpend1_no_timeout
                0x000000000000752c       0x98 zephyr/kernel/libkernel.a(sched.c.obj)
                0x000000000000752c                z_unpend1_no_timeout
 .text.z_unpend_first_thread
                0x00000000000075c4       0xa0 zephyr/kernel/libkernel.a(sched.c.obj)
                0x00000000000075c4                z_unpend_first_thread
 .text.z_sched_init
                0x0000000000007664       0x18 zephyr/kernel/libkernel.a(sched.c.obj)
                0x0000000000007664                z_sched_init
 .text.z_impl_k_yield
                0x000000000000767c      0x148 zephyr/kernel/libkernel.a(sched.c.obj)
                0x000000000000767c                z_impl_k_yield
 .text.z_tick_sleep
                0x00000000000077c4      0x15c zephyr/kernel/libkernel.a(sched.c.obj)
 .text.z_impl_k_sleep
                0x0000000000007920       0x70 zephyr/kernel/libkernel.a(sched.c.obj)
                0x0000000000007920                z_impl_k_sleep
 .text.z_impl_z_current_get
                0x0000000000007990        0xc zephyr/kernel/libkernel.a(sched.c.obj)
                0x0000000000007990                z_impl_z_current_get
 .text.z_impl_k_is_preempt_thread
                0x000000000000799c       0x20 zephyr/kernel/libkernel.a(sched.c.obj)
                0x000000000000799c                z_impl_k_is_preempt_thread
 .text.z_thread_abort
                0x00000000000079bc      0x168 zephyr/kernel/libkernel.a(sched.c.obj)
                0x00000000000079bc                z_thread_abort
 .text.z_sched_wake
                0x0000000000007b24       0xb0 zephyr/kernel/libkernel.a(sched.c.obj)
                0x0000000000007b24                z_sched_wake
 .text.z_sched_wait
                0x0000000000007bd4       0x24 zephyr/kernel/libkernel.a(sched.c.obj)
                0x0000000000007bd4                z_sched_wait
 .text.z_impl_k_sem_give
                0x0000000000007bf8       0x88 zephyr/kernel/libkernel.a(sem.c.obj)
                0x0000000000007bf8                z_impl_k_sem_give
 .text.z_impl_k_sem_take
                0x0000000000007c80      0x114 zephyr/kernel/libkernel.a(sem.c.obj)
                0x0000000000007c80                z_impl_k_sem_take
 .text.k_sys_work_q_init
                0x0000000000007d94       0x34 zephyr/kernel/libkernel.a(system_work_q.c.obj)
 .text.z_setup_new_thread
                0x0000000000007dc8       0xc8 zephyr/kernel/libkernel.a(thread.c.obj)
                0x0000000000007dc8                z_setup_new_thread
 .text.z_impl_k_thread_create
                0x0000000000007e90       0x9c zephyr/kernel/libkernel.a(thread.c.obj)
                0x0000000000007e90                z_impl_k_thread_create
 .text.z_init_static_threads
                0x0000000000007f2c      0x120 zephyr/kernel/libkernel.a(thread.c.obj)
                0x0000000000007f2c                z_init_static_threads
 .text.z_spin_lock_valid
                0x000000000000804c       0x1c zephyr/kernel/libkernel.a(thread.c.obj)
                0x000000000000804c                z_spin_lock_valid
 .text.z_spin_unlock_valid
                0x0000000000008068       0x20 zephyr/kernel/libkernel.a(thread.c.obj)
                0x0000000000008068                z_spin_unlock_valid
 .text.z_spin_lock_set_owner
                0x0000000000008088       0x10 zephyr/kernel/libkernel.a(thread.c.obj)
                0x0000000000008088                z_spin_lock_set_owner
 .text.elapsed  0x0000000000008098       0x14 zephyr/kernel/libkernel.a(timeout.c.obj)
 .text.next_timeout
                0x00000000000080ac       0x58 zephyr/kernel/libkernel.a(timeout.c.obj)
 .text.remove_timeout
                0x0000000000008104       0x34 zephyr/kernel/libkernel.a(timeout.c.obj)
 .text.z_add_timeout
                0x0000000000008138      0x1a8 zephyr/kernel/libkernel.a(timeout.c.obj)
                0x0000000000008138                z_add_timeout
 .text.z_abort_timeout
                0x00000000000082e0       0x9c zephyr/kernel/libkernel.a(timeout.c.obj)
                0x00000000000082e0                z_abort_timeout
 .text.z_get_next_timeout_expiry
                0x000000000000837c       0x90 zephyr/kernel/libkernel.a(timeout.c.obj)
                0x000000000000837c                z_get_next_timeout_expiry
 .text.z_set_timeout_expiry
                0x000000000000840c       0xa0 zephyr/kernel/libkernel.a(timeout.c.obj)
                0x000000000000840c                z_set_timeout_expiry
 .text.sys_clock_announce
                0x00000000000084ac      0x198 zephyr/kernel/libkernel.a(timeout.c.obj)
                0x00000000000084ac                sys_clock_announce
 .text.sys_clock_tick_get
                0x0000000000008644       0xa0 zephyr/kernel/libkernel.a(timeout.c.obj)
                0x0000000000008644                sys_clock_tick_get
 .text.z_timer_expiration_handler
                0x00000000000086e4      0x168 zephyr/kernel/libkernel.a(timer.c.obj)
                0x00000000000086e4                z_timer_expiration_handler
 .text.z_impl_k_timer_start
                0x000000000000884c       0xc0 zephyr/kernel/libkernel.a(timer.c.obj)
                0x000000000000884c                z_impl_k_timer_start
 .text.work_queue_main
                0x000000000000890c      0x228 zephyr/kernel/libkernel.a(work.c.obj)
 .text.submit_to_queue_locked
                0x0000000000008b34       0xc8 zephyr/kernel/libkernel.a(work.c.obj)
 .text.k_work_submit_to_queue
                0x0000000000008bfc       0xc8 zephyr/kernel/libkernel.a(work.c.obj)
                0x0000000000008bfc                k_work_submit_to_queue
 .text.k_work_queue_start
                0x0000000000008cc4       0xe4 zephyr/kernel/libkernel.a(work.c.obj)
                0x0000000000008cc4                k_work_queue_start
 .text.z_data_copy
                0x0000000000008da8       0x34 zephyr/kernel/libkernel.a(xip.c.obj)
                0x0000000000008da8                z_data_copy
 .text.boot_banner
                0x0000000000008ddc       0x18 zephyr/kernel/libkernel.a(banner.c.obj)
                0x0000000000008ddc                boot_banner
 .text.statics_init
                0x0000000000008df4       0x58 zephyr/kernel/libkernel.a(kheap.c.obj)
 .text.nrf_cc3xx_platform_init_no_rng
                0x0000000000008e4c       0x38 /home/giacomo/ncs/nrfxlib/crypto/nrf_cc310_platform/lib/cortex-m4/soft-float/no-interrupts/libnrf_cc310_platform_0.9.13.a(nrf_cc3xx_platform.c.obj)
                0x0000000000008e4c                nrf_cc3xx_platform_init_no_rng
 .text.nrf_cc3xx_platform_abort
                0x0000000000008e84       0x24 /home/giacomo/ncs/nrfxlib/crypto/nrf_cc310_platform/lib/cortex-m4/soft-float/no-interrupts/libnrf_cc310_platform_0.9.13.a(nrf_cc3xx_platform_abort.c.obj)
 .text.CC_PalAbort
                0x0000000000008ea8       0x40 /home/giacomo/ncs/nrfxlib/crypto/nrf_cc310_platform/lib/cortex-m4/soft-float/no-interrupts/libnrf_cc310_platform_0.9.13.a(nrf_cc3xx_platform_abort.c.obj)
                0x0000000000008ea8                CC_PalAbort
 .text.nrf_cc3xx_platform_set_abort
                0x0000000000008ee8       0x10 /home/giacomo/ncs/nrfxlib/crypto/nrf_cc310_platform/lib/cortex-m4/soft-float/no-interrupts/libnrf_cc310_platform_0.9.13.a(nrf_cc3xx_platform_abort.c.obj)
                0x0000000000008ee8                nrf_cc3xx_platform_set_abort
 .text.mutex_free
                0x0000000000008ef8       0x28 /home/giacomo/ncs/nrfxlib/crypto/nrf_cc310_platform/lib/cortex-m4/soft-float/no-interrupts/libnrf_cc310_platform_0.9.13.a(nrf_cc3xx_platform_mutex.c.obj)
 .text.mutex_unlock
                0x0000000000008f20       0x2c /home/giacomo/ncs/nrfxlib/crypto/nrf_cc310_platform/lib/cortex-m4/soft-float/no-interrupts/libnrf_cc310_platform_0.9.13.a(nrf_cc3xx_platform_mutex.c.obj)
 .text.mutex_init
                0x0000000000008f4c       0x1c /home/giacomo/ncs/nrfxlib/crypto/nrf_cc310_platform/lib/cortex-m4/soft-float/no-interrupts/libnrf_cc310_platform_0.9.13.a(nrf_cc3xx_platform_mutex.c.obj)
 .text.mutex_lock
                0x0000000000008f68       0x44 /home/giacomo/ncs/nrfxlib/crypto/nrf_cc310_platform/lib/cortex-m4/soft-float/no-interrupts/libnrf_cc310_platform_0.9.13.a(nrf_cc3xx_platform_mutex.c.obj)
 .text.nrf_cc3xx_platform_set_mutexes
                0x0000000000008fac       0x60 /home/giacomo/ncs/nrfxlib/crypto/nrf_cc310_platform/lib/cortex-m4/soft-float/no-interrupts/libnrf_cc310_platform_0.9.13.a(nrf_cc3xx_platform_mutex.c.obj)
                0x0000000000008fac                nrf_cc3xx_platform_set_mutexes
 .text.CC_LibInitNoRng
                0x000000000000900c       0x6c /home/giacomo/ncs/nrfxlib/crypto/nrf_cc310_platform/lib/cortex-m4/soft-float/no-interrupts/libnrf_cc310_platform_0.9.13.a(cc_lib.c.obj)
                0x000000000000900c                CC_LibInitNoRng
 .text.CC_HalInit
                0x0000000000009078        0x4 /home/giacomo/ncs/nrfxlib/crypto/nrf_cc310_platform/lib/cortex-m4/soft-float/no-interrupts/libnrf_cc310_platform_0.9.13.a(cc_hal.c.obj)
                0x0000000000009078                CC_HalInit
 .text.CC_HalTerminate
                0x000000000000907c        0x4 /home/giacomo/ncs/nrfxlib/crypto/nrf_cc310_platform/lib/cortex-m4/soft-float/no-interrupts/libnrf_cc310_platform_0.9.13.a(cc_hal.c.obj)
                0x000000000000907c                CC_HalTerminate
 .text.CC_HalMaskInterrupt
                0x0000000000009080        0xc /home/giacomo/ncs/nrfxlib/crypto/nrf_cc310_platform/lib/cortex-m4/soft-float/no-interrupts/libnrf_cc310_platform_0.9.13.a(cc_hal.c.obj)
                0x0000000000009080                CC_HalMaskInterrupt
 .text.CC_PalInit
                0x000000000000908c       0x5c /home/giacomo/ncs/nrfxlib/crypto/nrf_cc310_platform/lib/cortex-m4/soft-float/no-interrupts/libnrf_cc310_platform_0.9.13.a(cc_pal.c.obj)
                0x000000000000908c                CC_PalInit
 .text.CC_PalTerminate
                0x00000000000090e8       0x34 /home/giacomo/ncs/nrfxlib/crypto/nrf_cc310_platform/lib/cortex-m4/soft-float/no-interrupts/libnrf_cc310_platform_0.9.13.a(cc_pal.c.obj)
                0x00000000000090e8                CC_PalTerminate
 .text.CC_PalDmaInit
                0x000000000000911c        0x4 /home/giacomo/ncs/nrfxlib/crypto/nrf_cc310_platform/lib/cortex-m4/soft-float/no-interrupts/libnrf_cc310_platform_0.9.13.a(cc_pal_dma.c.obj)
                0x000000000000911c                CC_PalDmaInit
 .text.CC_PalDmaTerminate
                0x0000000000009120        0x4 /home/giacomo/ncs/nrfxlib/crypto/nrf_cc310_platform/lib/cortex-m4/soft-float/no-interrupts/libnrf_cc310_platform_0.9.13.a(cc_pal_dma.c.obj)
                0x0000000000009120                CC_PalDmaTerminate
 .text.CC_PalMutexCreate
                0x0000000000009124       0x14 /home/giacomo/ncs/nrfxlib/crypto/nrf_cc310_platform/lib/cortex-m4/soft-float/no-interrupts/libnrf_cc310_platform_0.9.13.a(cc_pal_mutex.c.obj)
                0x0000000000009124                CC_PalMutexCreate
 .text.CC_PalMutexDestroy
                0x0000000000009138       0x14 /home/giacomo/ncs/nrfxlib/crypto/nrf_cc310_platform/lib/cortex-m4/soft-float/no-interrupts/libnrf_cc310_platform_0.9.13.a(cc_pal_mutex.c.obj)
                0x0000000000009138                CC_PalMutexDestroy
 .text.CC_PalPowerSaveModeInit
                0x000000000000914c       0x3c /home/giacomo/ncs/nrfxlib/crypto/nrf_cc310_platform/lib/cortex-m4/soft-float/no-interrupts/libnrf_cc310_platform_0.9.13.a(cc_pal_pm.c.obj)
                0x000000000000914c                CC_PalPowerSaveModeInit
 .text.CC_PalPowerSaveModeSelect
                0x0000000000009188       0x84 /home/giacomo/ncs/nrfxlib/crypto/nrf_cc310_platform/lib/cortex-m4/soft-float/no-interrupts/libnrf_cc310_platform_0.9.13.a(cc_pal_pm.c.obj)
                0x0000000000009188                CC_PalPowerSaveModeSelect
 .text._OffsetAbsSyms
                0x000000000000920c        0x2 zephyr/CMakeFiles/offsets.dir/./arch/arm/core/offsets/offsets.c.obj
                0x000000000000920c                _OffsetAbsSyms
 .text.gpio_add_callback
                0x000000000000920e       0x10 app/libapp.a(main.c.obj)
 .text.k_uptime_get
                0x000000000000921e       0x1c app/libapp.a(main.c.obj)
 .text.k_msleep
                0x000000000000923a       0x2a app/libapp.a(main.c.obj)
 .text.k_sem_take.constprop.0
                0x0000000000009264        0x4 app/libapp.a(main.c.obj)
 .text.k_sem_init.constprop.0
                0x0000000000009268        0x8 app/libapp.a(main.c.obj)
 .text.char2int
                0x0000000000009270        0x4 app/libapp.a(main.c.obj)
                0x0000000000009270                char2int
 .text.assert_post_action
                0x0000000000009274        0xe zephyr/libzephyr.a(assert.c.obj)
                0x0000000000009274                assert_post_action
 .text.encode_uint
                0x0000000000009282       0x96 zephyr/libzephyr.a(cbprintf_complete.c.obj)
 .text.outs     0x0000000000009318       0x2c zephyr/libzephyr.a(cbprintf_complete.c.obj)
 .text._ConfigAbsSyms
                0x0000000000009344        0x2 zephyr/libzephyr.a(configs.c.obj)
                0x0000000000009344                _ConfigAbsSyms
 .text.chunk_size
                0x0000000000009346        0xa zephyr/libzephyr.a(heap.c.obj)
 .text.free_list_add
                0x0000000000009350       0x4e zephyr/libzephyr.a(heap.c.obj)
 .text.sys_notify_validate
                0x000000000000939e       0x28 zephyr/libzephyr.a(notify.c.obj)
                0x000000000000939e                sys_notify_validate
 .text.abort_function
                0x00000000000093c6        0x8 zephyr/libzephyr.a(nrf_cc3xx_platform_abort_zephyr.c.obj)
 .text.process_recheck
                0x00000000000093ce       0x38 zephyr/libzephyr.a(onoff.c.obj)
 .text.notify_one
                0x0000000000009406       0x2c zephyr/libzephyr.a(onoff.c.obj)
 .text.validate_args
                0x0000000000009432       0x1e zephyr/libzephyr.a(onoff.c.obj)
 .text.onoff_manager_init
                0x0000000000009450       0x26 zephyr/libzephyr.a(onoff.c.obj)
                0x0000000000009450                onoff_manager_init
 .text.arch_printk_char_out
                0x0000000000009476        0x4 zephyr/libzephyr.a(printk.c.obj)
                0x0000000000009476                arch_printk_char_out
 .text.printk   0x000000000000947a       0x1a zephyr/libzephyr.a(printk.c.obj)
                0x000000000000947a                printk
 .text.pm_policy_next_state
                0x0000000000009494        0xa zephyr/libzephyr.a(residency.c.obj)
                0x0000000000009494                pm_policy_next_state
 .text.z_thread_entry
                0x000000000000949e       0x14 zephyr/libzephyr.a(thread_entry.c.obj)
                0x000000000000949e                z_thread_entry
 .text.z_impl_uart_irq_tx_disable
                0x00000000000094b2        0xa zephyr/libzephyr.a(tty.c.obj)
 .text.tty_putchar
                0x00000000000094bc       0xac zephyr/libzephyr.a(tty.c.obj)
 .text.tty_uart_isr
                0x0000000000009568       0xb8 zephyr/libzephyr.a(tty.c.obj)
 .text.tty_write
                0x0000000000009620       0x52 zephyr/libzephyr.a(tty.c.obj)
                0x0000000000009620                tty_write
 .text.tty_read
                0x0000000000009672      0x120 zephyr/libzephyr.a(tty.c.obj)
                0x0000000000009672                tty_read
 .text.tty_set_rx_buf
                0x0000000000009792       0x32 zephyr/libzephyr.a(tty.c.obj)
                0x0000000000009792                tty_set_rx_buf
 .text.tty_set_tx_buf
                0x00000000000097c4       0x24 zephyr/libzephyr.a(tty.c.obj)
                0x00000000000097c4                tty_set_tx_buf
 .text.z_arm_fatal_error
                0x00000000000097e8        0x4 zephyr/arch/arch/arm/core/aarch32/libarch__arm__core__aarch32.a(fatal.c.obj)
                0x00000000000097e8                z_arm_fatal_error
 .text.z_do_kernel_oops
                0x00000000000097ec        0x8 zephyr/arch/arch/arm/core/aarch32/libarch__arm__core__aarch32.a(fatal.c.obj)
                0x00000000000097ec                z_do_kernel_oops
 .text.z_irq_spurious
                0x00000000000097f4        0x8 zephyr/arch/arch/arm/core/aarch32/libarch__arm__core__aarch32.a(irq_manage.c.obj)
                0x00000000000097f4                z_irq_spurious
 .text.z_arm_nmi
                0x00000000000097fc        0xe zephyr/arch/arch/arm/core/aarch32/libarch__arm__core__aarch32.a(nmi.c.obj)
                0x00000000000097fc                z_arm_nmi
 .text._stdout_hook_default
                0x000000000000980a        0x6 zephyr/lib/libc/minimal/liblib__libc__minimal.a(stdout_console.c.obj)
 .text.strlen   0x0000000000009810        0xe zephyr/lib/libc/minimal/liblib__libc__minimal.a(string.c.obj)
                0x0000000000009810                strlen
 .text.strnlen  0x000000000000981e       0x12 zephyr/lib/libc/minimal/liblib__libc__minimal.a(string.c.obj)
                0x000000000000981e                strnlen
 .text.strcmp   0x0000000000009830       0x18 zephyr/lib/libc/minimal/liblib__libc__minimal.a(string.c.obj)
                0x0000000000009830                strcmp
 .text.memcpy   0x0000000000009848       0x16 zephyr/lib/libc/minimal/liblib__libc__minimal.a(string.c.obj)
                0x0000000000009848                memcpy
 .text.memset   0x000000000000985e       0x12 zephyr/lib/libc/minimal/liblib__libc__minimal.a(string.c.obj)
                0x000000000000985e                memset
 .text.pm_power_state_set
                0x0000000000009870       0x26 zephyr/soc/arm/nordic_nrf/nrf52/libsoc__arm__nordic_nrf__nrf52.a(power.c.obj)
                0x0000000000009870                pm_power_state_set
 .text.pm_power_state_exit_post_ops
                0x0000000000009896       0x16 zephyr/soc/arm/nordic_nrf/nrf52/libsoc__arm__nordic_nrf__nrf52.a(power.c.obj)
                0x0000000000009896                pm_power_state_exit_post_ops
 .text.adc_context_on_timer_expired
                0x00000000000098ac       0x2e zephyr/drivers/adc/libdrivers__adc.a(adc_nrfx_saadc.c.obj)
 .text.set_starting_state
                0x00000000000098da       0x3c zephyr/drivers/clock_control/libdrivers__clock_control.a(clock_control_nrf.c.obj)
 .text.set_on_state
                0x0000000000009916       0x26 zephyr/drivers/clock_control/libdrivers__clock_control.a(clock_control_nrf.c.obj)
 .text.onoff_started_callback
                0x000000000000993c        0xc zephyr/drivers/clock_control/libdrivers__clock_control.a(clock_control_nrf.c.obj)
 .text.lfclk_start
                0x0000000000009948        0x6 zephyr/drivers/clock_control/libdrivers__clock_control.a(clock_control_nrf.c.obj)
 .text.lfclk_stop
                0x000000000000994e        0x6 zephyr/drivers/clock_control/libdrivers__clock_control.a(clock_control_nrf.c.obj)
 .text.api_stop
                0x0000000000009954        0x6 zephyr/drivers/clock_control/libdrivers__clock_control.a(clock_control_nrf.c.obj)
 .text.blocking_start_callback
                0x000000000000995a        0x6 zephyr/drivers/clock_control/libdrivers__clock_control.a(clock_control_nrf.c.obj)
 .text.api_start
                0x0000000000009960       0x36 zephyr/drivers/clock_control/libdrivers__clock_control.a(clock_control_nrf.c.obj)
 .text.uart_poll_out
                0x0000000000009996        0x6 zephyr/drivers/console/libdrivers__console.a(uart_console.c.obj)
 .text.debug_hook_out_nop
                0x000000000000999c        0x4 zephyr/drivers/console/libdrivers__console.a(uart_console.c.obj)
 .text.gpio_nrfx_port_get_raw
                0x00000000000099a0        0xe zephyr/drivers/gpio/libdrivers__gpio.a(gpio_nrfx.c.obj)
 .text.gpio_nrfx_port_set_masked_raw
                0x00000000000099ae       0x16 zephyr/drivers/gpio/libdrivers__gpio.a(gpio_nrfx.c.obj)
 .text.gpio_nrfx_port_set_bits_raw
                0x00000000000099c4        0xc zephyr/drivers/gpio/libdrivers__gpio.a(gpio_nrfx.c.obj)
 .text.gpio_nrfx_port_clear_bits_raw
                0x00000000000099d0        0xc zephyr/drivers/gpio/libdrivers__gpio.a(gpio_nrfx.c.obj)
 .text.gpio_nrfx_port_toggle_bits
                0x00000000000099dc       0x12 zephyr/drivers/gpio/libdrivers__gpio.a(gpio_nrfx.c.obj)
 .text.any_other_channel_is_active
                0x00000000000099ee       0x2a zephyr/drivers/pwm/libdrivers__pwm.a(pwm_nrfx.c.obj)
 .text.pwm_nrfx_pin_set
                0x0000000000009a18      0x170 zephyr/drivers/pwm/libdrivers__pwm.a(pwm_nrfx.c.obj)
 .text.uarte_nrfx_isr_int
                0x0000000000009b88       0xbc zephyr/drivers/serial/libdrivers__serial.a(uart_nrfx_uarte.c.obj)
 .text.uarte_nrfx_config_get
                0x0000000000009c44       0x10 zephyr/drivers/serial/libdrivers__serial.a(uart_nrfx_uarte.c.obj)
 .text.uarte_nrfx_err_check
                0x0000000000009c54        0xe zephyr/drivers/serial/libdrivers__serial.a(uart_nrfx_uarte.c.obj)
 .text.is_tx_ready
                0x0000000000009c62       0x20 zephyr/drivers/serial/libdrivers__serial.a(uart_nrfx_uarte.c.obj)
 .text.uarte_nrfx_poll_in
                0x0000000000009c82       0x26 zephyr/drivers/serial/libdrivers__serial.a(uart_nrfx_uarte.c.obj)
 .text.uarte_nrfx_fifo_read
                0x0000000000009ca8       0x2c zephyr/drivers/serial/libdrivers__serial.a(uart_nrfx_uarte.c.obj)
 .text.uarte_nrfx_irq_tx_enable
                0x0000000000009cd4       0x2e zephyr/drivers/serial/libdrivers__serial.a(uart_nrfx_uarte.c.obj)
 .text.uarte_nrfx_irq_tx_disable
                0x0000000000009d02        0xa zephyr/drivers/serial/libdrivers__serial.a(uart_nrfx_uarte.c.obj)
 .text.uarte_nrfx_irq_tx_ready_complete
                0x0000000000009d0c       0x2a zephyr/drivers/serial/libdrivers__serial.a(uart_nrfx_uarte.c.obj)
 .text.uarte_nrfx_irq_rx_ready
                0x0000000000009d36       0x10 zephyr/drivers/serial/libdrivers__serial.a(uart_nrfx_uarte.c.obj)
 .text.uarte_nrfx_irq_rx_enable
                0x0000000000009d46        0xc zephyr/drivers/serial/libdrivers__serial.a(uart_nrfx_uarte.c.obj)
 .text.uarte_nrfx_irq_rx_disable
                0x0000000000009d52        0xc zephyr/drivers/serial/libdrivers__serial.a(uart_nrfx_uarte.c.obj)
 .text.uarte_nrfx_irq_err_enable
                0x0000000000009d5e        0xe zephyr/drivers/serial/libdrivers__serial.a(uart_nrfx_uarte.c.obj)
 .text.uarte_nrfx_irq_err_disable
                0x0000000000009d6c        0xe zephyr/drivers/serial/libdrivers__serial.a(uart_nrfx_uarte.c.obj)
 .text.uarte_nrfx_irq_update
                0x0000000000009d7a        0x4 zephyr/drivers/serial/libdrivers__serial.a(uart_nrfx_uarte.c.obj)
 .text.uarte_nrfx_irq_callback_set
                0x0000000000009d7e        0xa zephyr/drivers/serial/libdrivers__serial.a(uart_nrfx_uarte.c.obj)
 .text.tx_start
                0x0000000000009d88       0x38 zephyr/drivers/serial/libdrivers__serial.a(uart_nrfx_uarte.c.obj)
 .text.uarte_nrfx_fifo_fill
                0x0000000000009dc0       0x80 zephyr/drivers/serial/libdrivers__serial.a(uart_nrfx_uarte.c.obj)
 .text.uarte_nrfx_irq_is_pending
                0x0000000000009e40       0x36 zephyr/drivers/serial/libdrivers__serial.a(uart_nrfx_uarte.c.obj)
 .text.uarte_0_init
                0x0000000000009e76       0x1e zephyr/drivers/serial/libdrivers__serial.a(uart_nrfx_uarte.c.obj)
 .text.uarte_1_init
                0x0000000000009e94       0x1e zephyr/drivers/serial/libdrivers__serial.a(uart_nrfx_uarte.c.obj)
 .text.sys_clock_idle_exit
                0x0000000000009eb2        0x2 zephyr/drivers/timer/libdrivers__timer.a(sys_clock_init.c.obj)
                0x0000000000009eb2                sys_clock_idle_exit
 .text.k_sys_fatal_error_handler
                0x0000000000009eb4        0x8 modules/nrf/lib/fatal_error/lib..__nrf__lib__fatal_error.a(fatal_error.c.obj)
                0x0000000000009eb4                k_sys_fatal_error_handler
 .text.hw_cc3xx_init_internal
                0x0000000000009ebc        0x4 modules/nrf/drivers/hw_cc310/lib..__nrf__drivers__hw_cc310.a(hw_cc310.c.obj)
 .text.hw_cc3xx_init
                0x0000000000009ec0       0x12 modules/nrf/drivers/hw_cc310/lib..__nrf__drivers__hw_cc310.a(hw_cc310.c.obj)
 .text.nrfx_isr
                0x0000000000009ed2        0x2 modules/hal_nordic/nrfx/libmodules__hal_nordic__nrfx.a(nrfx_glue.c.obj)
                0x0000000000009ed2                nrfx_isr
 .text.nrfx_busy_wait
                0x0000000000009ed4        0x4 modules/hal_nordic/nrfx/libmodules__hal_nordic__nrfx.a(nrfx_glue.c.obj)
                0x0000000000009ed4                nrfx_busy_wait
 .text.nrf_gpio_pin_present_check
                0x0000000000009ed8       0x22 modules/hal_nordic/nrfx/libmodules__hal_nordic__nrfx.a(nrfx_gpiote.c.obj)
 .text.nrf_gpiote_in_event_get
                0x0000000000009efa        0x8 modules/hal_nordic/nrfx/libmodules__hal_nordic__nrfx.a(nrfx_gpiote.c.obj)
 .text.nrf_gpio_reconfigure
                0x0000000000009f02       0x96 modules/hal_nordic/nrfx/libmodules__hal_nordic__nrfx.a(nrfx_gpiote.c.obj)
 .text.nrf_gpio_cfg_sense_set
                0x0000000000009f98       0x1e modules/hal_nordic/nrfx/libmodules__hal_nordic__nrfx.a(nrfx_gpiote.c.obj)
 .text.start_playback.isra.0
                0x0000000000009fb6       0x46 modules/hal_nordic/nrfx/libmodules__hal_nordic__nrfx.a(nrfx_pwm.c.obj)
 .text.z_device_state_init
                0x0000000000009ffc        0x2 zephyr/kernel/libkernel.a(device.c.obj)
                0x0000000000009ffc                z_device_state_init
 .text.z_device_ready
                0x0000000000009ffe       0x14 zephyr/kernel/libkernel.a(device.c.obj)
                0x0000000000009ffe                z_device_ready
 .text.z_pm_save_idle_exit
                0x000000000000a012        0xe zephyr/kernel/libkernel.a(idle.c.obj)
                0x000000000000a012                z_pm_save_idle_exit
 .text.k_mem_slab_init
                0x000000000000a020       0x38 zephyr/kernel/libkernel.a(mem_slab.c.obj)
                0x000000000000a020                k_mem_slab_init
 .text.z_impl_k_mutex_init
                0x000000000000a058        0xe zephyr/kernel/libkernel.a(mutex.c.obj)
                0x000000000000a058                z_impl_k_mutex_init
 .text.z_handle_obj_poll_events
                0x000000000000a066       0x1c zephyr/kernel/libkernel.a(poll.c.obj)
                0x000000000000a066                z_handle_obj_poll_events
 .text.z_reschedule_irqlock
                0x000000000000a082       0x18 zephyr/kernel/libkernel.a(sched.c.obj)
                0x000000000000a082                z_reschedule_irqlock
 .text.z_reschedule_unlocked
                0x000000000000a09a       0x14 zephyr/kernel/libkernel.a(sched.c.obj)
 .text.z_priq_dumb_best
                0x000000000000a0ae       0x14 zephyr/kernel/libkernel.a(sched.c.obj)
                0x000000000000a0ae                z_priq_dumb_best
 .text.z_impl_k_sem_init
                0x000000000000a0c2       0x20 zephyr/kernel/libkernel.a(sem.c.obj)
                0x000000000000a0c2                z_impl_k_sem_init
 .text.k_is_in_isr
                0x000000000000a0e2        0xc zephyr/kernel/libkernel.a(thread.c.obj)
                0x000000000000a0e2                k_is_in_isr
 .text.z_impl_k_thread_name_set
                0x000000000000a0ee        0x6 zephyr/kernel/libkernel.a(thread.c.obj)
                0x000000000000a0ee                z_impl_k_thread_name_set
 .text.z_impl_k_thread_start
                0x000000000000a0f4        0x4 zephyr/kernel/libkernel.a(thread.c.obj)
                0x000000000000a0f4                z_impl_k_thread_start
 .text.sys_clock_tick_get_32
                0x000000000000a0f8        0x8 zephyr/kernel/libkernel.a(timeout.c.obj)
                0x000000000000a0f8                sys_clock_tick_get_32
 .text.z_impl_k_uptime_ticks
                0x000000000000a100        0x4 zephyr/kernel/libkernel.a(timeout.c.obj)
                0x000000000000a100                z_impl_k_uptime_ticks
 .text.z_impl_k_busy_wait
                0x000000000000a104        0x8 zephyr/kernel/libkernel.a(timeout.c.obj)
                0x000000000000a104                z_impl_k_busy_wait
 .text.z_impl_k_timer_stop
                0x000000000000a10c       0x3a zephyr/kernel/libkernel.a(timer.c.obj)
                0x000000000000a10c                z_impl_k_timer_stop
 .text.notify_queue_locked
                0x000000000000a146        0xe zephyr/kernel/libkernel.a(work.c.obj)
 .text.k_heap_init
                0x000000000000a154       0x10 zephyr/kernel/libkernel.a(kheap.c.obj)
                0x000000000000a154                k_heap_init
 *(SORT_BY_ALIGNMENT(.TEXT.*))
 .TEXT.z_arm_platform_init
                0x000000000000a164        0x4 zephyr/libzephyr.a(soc_nrf_common.S.obj)
                0x000000000000a164                z_arm_platform_init
 *(SORT_BY_ALIGNMENT(.gnu.linkonce.t.*))
 *(SORT_BY_ALIGNMENT(.glue_7t))
 .glue_7t       0x000000000000a168        0x0 linker stubs
 *(SORT_BY_ALIGNMENT(.glue_7))
 .glue_7        0x000000000000a168        0x0 linker stubs
 *(SORT_BY_ALIGNMENT(.vfp11_veneer))
 .vfp11_veneer  0x000000000000a168        0x0 linker stubs
 *(SORT_BY_ALIGNMENT(.v4_bx))
 .v4_bx         0x000000000000a168        0x0 linker stubs
                0x000000000000a168                __text_region_end = .

.ARM.exidx      0x000000000000a168        0x8
                0x000000000000a168                __exidx_start = .
 *(SORT_BY_ALIGNMENT(.ARM.exidx*) SORT_BY_ALIGNMENT(gnu.linkonce.armexidx.*))
 .ARM.exidx     0x000000000000a168        0x8 /home/giacomo/gnuarmemb/gcc-arm-none-eabi-9-2019-q4-major/bin/../lib/gcc/arm-none-eabi/9.2.1/thumb/v7e-m/nofp/libgcc.a(_udivmoddi4.o)
                0x000000000000a170                __exidx_end = .
                0x000000000000a170                __rodata_region_start = .

initlevel       0x000000000000a170       0x78
                0x000000000000a170                __init_start = .
                0x000000000000a170                __init_PRE_KERNEL_1_start = .
 *(SORT_BY_NAME(SORT_BY_ALIGNMENT(.z_init_PRE_KERNEL_1[0-9]_*)))
 .z_init_PRE_KERNEL_10_
                0x000000000000a170        0x8 zephyr/soc/arm/nordic_nrf/nrf52/libsoc__arm__nordic_nrf__nrf52.a(soc.c.obj)
 *(SORT_BY_NAME(SORT_BY_ALIGNMENT(.z_init_PRE_KERNEL_1[1-9][0-9]_*)))
 .z_init_PRE_KERNEL_130_
                0x000000000000a178        0x8 zephyr/drivers/clock_control/libdrivers__clock_control.a(clock_control_nrf.c.obj)
 .z_init_PRE_KERNEL_130_
                0x000000000000a180        0x8 zephyr/kernel/libkernel.a(mem_slab.c.obj)
 .z_init_PRE_KERNEL_130_
                0x000000000000a188        0x8 zephyr/kernel/libkernel.a(kheap.c.obj)
 .z_init_PRE_KERNEL_140_
                0x000000000000a190       0x10 zephyr/drivers/gpio/libdrivers__gpio.a(gpio_nrfx.c.obj)
 .z_init_PRE_KERNEL_140_
                0x000000000000a1a0        0x8 modules/nrf/drivers/hw_cc310/lib..__nrf__drivers__hw_cc310.a(hw_cc310.c.obj)
 .z_init_PRE_KERNEL_155_
                0x000000000000a1a8       0x10 zephyr/drivers/serial/libdrivers__serial.a(uart_nrfx_uarte.c.obj)
 .z_init_PRE_KERNEL_160_
                0x000000000000a1b8        0x8 zephyr/drivers/console/libdrivers__console.a(uart_console.c.obj)
                0x000000000000a1c0                __init_PRE_KERNEL_2_start = .
 *(SORT_BY_NAME(SORT_BY_ALIGNMENT(.z_init_PRE_KERNEL_2[0-9]_*)))
 .z_init_PRE_KERNEL_20_
                0x000000000000a1c0        0x8 zephyr/drivers/timer/libdrivers__timer.a(nrf_rtc_timer.c.obj)
 *(SORT_BY_NAME(SORT_BY_ALIGNMENT(.z_init_PRE_KERNEL_2[1-9][0-9]_*)))
                0x000000000000a1c8                __init_POST_KERNEL_start = .
 *(SORT_BY_NAME(SORT_BY_ALIGNMENT(.z_init_POST_KERNEL[0-9]_*)))
 *(SORT_BY_NAME(SORT_BY_ALIGNMENT(.z_init_POST_KERNEL[1-9][0-9]_*)))
 .z_init_POST_KERNEL40_
                0x000000000000a1c8        0x8 modules/nrf/drivers/hw_cc310/lib..__nrf__drivers__hw_cc310.a(hw_cc310.c.obj)
 .z_init_POST_KERNEL40_
                0x000000000000a1d0        0x8 zephyr/kernel/libkernel.a(system_work_q.c.obj)
 .z_init_POST_KERNEL50_
                0x000000000000a1d8        0x8 zephyr/drivers/adc/libdrivers__adc.a(adc_nrfx_saadc.c.obj)
 .z_init_POST_KERNEL50_
                0x000000000000a1e0        0x8 zephyr/drivers/pwm/libdrivers__pwm.a(pwm_nrfx.c.obj)
                0x000000000000a1e8                __init_APPLICATION_start = .
 *(SORT_BY_NAME(SORT_BY_ALIGNMENT(.z_init_APPLICATION[0-9]_*)))
 *(SORT_BY_NAME(SORT_BY_ALIGNMENT(.z_init_APPLICATION[1-9][0-9]_*)))
                0x000000000000a1e8                __init_SMP_start = .
 *(SORT_BY_NAME(SORT_BY_ALIGNMENT(.z_init_SMP[0-9]_*)))
 *(SORT_BY_NAME(SORT_BY_ALIGNMENT(.z_init_SMP[1-9][0-9]_*)))
                0x000000000000a1e8                __init_end = .

devices         0x000000000000a1e8       0xa8
                0x000000000000a1e8                __device_start = .
                0x000000000000a1e8                __device_PRE_KERNEL_1_start = .
 *(SORT_BY_NAME(SORT_BY_ALIGNMENT(.z_device_PRE_KERNEL_1[0-9]_*)))
 *(SORT_BY_NAME(SORT_BY_ALIGNMENT(.z_device_PRE_KERNEL_1[1-9][0-9]_*)))
 .z_device_PRE_KERNEL_130_
                0x000000000000a1e8       0x18 zephyr/drivers/clock_control/libdrivers__clock_control.a(clock_control_nrf.c.obj)
                0x000000000000a1e8                __device_dts_ord_27
 .z_device_PRE_KERNEL_140_
                0x000000000000a200       0x30 zephyr/drivers/gpio/libdrivers__gpio.a(gpio_nrfx.c.obj)
                0x000000000000a200                __device_dts_ord_11
                0x000000000000a218                __device_dts_ord_54
 .z_device_PRE_KERNEL_155_
                0x000000000000a230       0x30 zephyr/drivers/serial/libdrivers__serial.a(uart_nrfx_uarte.c.obj)
                0x000000000000a230                __device_dts_ord_63
                0x000000000000a248                __device_dts_ord_62
                0x000000000000a260                __device_PRE_KERNEL_2_start = .
 *(SORT_BY_NAME(SORT_BY_ALIGNMENT(.z_device_PRE_KERNEL_2[0-9]_*)))
 *(SORT_BY_NAME(SORT_BY_ALIGNMENT(.z_device_PRE_KERNEL_2[1-9][0-9]_*)))
                0x000000000000a260                __device_POST_KERNEL_start = .
 *(SORT_BY_NAME(SORT_BY_ALIGNMENT(.z_device_POST_KERNEL[0-9]_*)))
 *(SORT_BY_NAME(SORT_BY_ALIGNMENT(.z_device_POST_KERNEL[1-9][0-9]_*)))
 .z_device_POST_KERNEL50_
                0x000000000000a260       0x18 zephyr/drivers/adc/libdrivers__adc.a(adc_nrfx_saadc.c.obj)
                0x000000000000a260                __device_dts_ord_26
 .z_device_POST_KERNEL50_
                0x000000000000a278       0x18 zephyr/drivers/pwm/libdrivers__pwm.a(pwm_nrfx.c.obj)
                0x000000000000a278                __device_dts_ord_24
                0x000000000000a290                __device_APPLICATION_start = .
 *(SORT_BY_NAME(SORT_BY_ALIGNMENT(.z_device_APPLICATION[0-9]_*)))
 *(SORT_BY_NAME(SORT_BY_ALIGNMENT(.z_device_APPLICATION[1-9][0-9]_*)))
                0x000000000000a290                __device_SMP_start = .
 *(SORT_BY_NAME(SORT_BY_ALIGNMENT(.z_device_SMP[0-9]_*)))
 *(SORT_BY_NAME(SORT_BY_ALIGNMENT(.z_device_SMP[1-9][0-9]_*)))
                0x000000000000a290                __device_end = .

sw_isr_table    0x000000000000a290      0x180
                0x000000000000a290                . = ALIGN (0x0)
 *(SORT_BY_ALIGNMENT(.gnu.linkonce.sw_isr_table*))
 .gnu.linkonce.sw_isr_table
                0x000000000000a290      0x180 zephyr/arch/common/libisr_tables.a(isr_tables.c.obj)
                0x000000000000a290                _sw_isr_table

initlevel_error
                0x000000000000a170        0x0
 *(SORT_BY_NAME(SORT_BY_ALIGNMENT(.z_init_[_A-Z0-9]*)))
                0x0000000000000001                ASSERT ((SIZEOF (initlevel_error) == 0x0), Undefined initialization levels used.)

app_shmem_regions
                0x000000000000a410        0x0
                0x000000000000a410                __app_shmem_regions_start = .
 *(SORT_BY_NAME(SORT_BY_ALIGNMENT(.app_regions.*)))
                0x000000000000a410                __app_shmem_regions_end = .

bt_l2cap_fixed_chan_area
                0x000000000000a410        0x0
                0x000000000000a410                _bt_l2cap_fixed_chan_list_start = .
 *(SORT_BY_NAME(SORT_BY_ALIGNMENT(._bt_l2cap_fixed_chan.static.*)))
                0x000000000000a410                _bt_l2cap_fixed_chan_list_end = .

bt_gatt_service_static_area
                0x000000000000a410        0x0
                0x000000000000a410                _bt_gatt_service_static_list_start = .
 *(SORT_BY_NAME(SORT_BY_ALIGNMENT(._bt_gatt_service_static.static.*)))
                0x000000000000a410                _bt_gatt_service_static_list_end = .

k_p4wq_initparam_area
                0x000000000000a410        0x0
                0x000000000000a410                _k_p4wq_initparam_list_start = .
 *(SORT_BY_NAME(SORT_BY_ALIGNMENT(._k_p4wq_initparam.static.*)))
                0x000000000000a410                _k_p4wq_initparam_list_end = .

log_strings_sections
                0x000000000000a410        0x0
                0x000000000000a410                __log_strings_start = .
 *(SORT_BY_NAME(SORT_BY_ALIGNMENT(.log_strings*)))
                0x000000000000a410                __log_strings_end = .

log_const_sections
                0x000000000000a410        0x0
                0x000000000000a410                __log_const_start = .
 *(SORT_BY_NAME(SORT_BY_ALIGNMENT(.log_const_*)))
                0x000000000000a410                __log_const_end = .

log_backends_sections
                0x000000000000a410        0x0
                0x000000000000a410                __log_backends_start = .
 *(SORT_BY_ALIGNMENT(._log_backend.*))
                0x000000000000a410                __log_backends_end = .

shell_area      0x000000000000a410        0x0
                0x000000000000a410                _shell_list_start = .
 *(SORT_BY_NAME(SORT_BY_ALIGNMENT(._shell.static.*)))
                0x000000000000a410                _shell_list_end = .

shell_root_cmds_sections
                0x000000000000a410        0x0
                0x000000000000a410                __shell_root_cmds_start = .
 *(SORT_BY_NAME(SORT_BY_ALIGNMENT(.shell_root_cmd_*)))
                0x000000000000a410                __shell_root_cmds_end = .

font_entry_sections
                0x000000000000a410        0x0
                0x000000000000a410                __font_entry_start = .
 *(SORT_BY_NAME(SORT_BY_ALIGNMENT(._cfb_font.*)))
                0x000000000000a410                __font_entry_end = .

tracing_backend_area
                0x000000000000a410        0x0
                0x000000000000a410                _tracing_backend_list_start = .
 *(SORT_BY_NAME(SORT_BY_ALIGNMENT(._tracing_backend.static.*)))
                0x000000000000a410                _tracing_backend_list_end = .

zephyr_dbg_info
 *(SORT_BY_ALIGNMENT(.dbg_thread_info))

device_handles  0x000000000000a410       0x2a
                0x000000000000a410                __device_handles_start = .
 *(SORT_BY_NAME(SORT_BY_ALIGNMENT(.__device_handles_pass2*)))
 .__device_handles_pass2
                0x000000000000a410       0x2a zephyr/CMakeFiles/zephyr_pre1.dir/dev_handles.c.obj
                0x000000000000a410                __devicehdl_DT_N_S_soc_S_pwm_4001c000
                0x000000000000a416                __devicehdl_DT_N_S_soc_S_adc_40007000
                0x000000000000a41c                __devicehdl_DT_N_S_soc_S_uart_40002000
                0x000000000000a422                __devicehdl_DT_N_S_soc_S_uart_40028000
                0x000000000000a428                __devicehdl_DT_N_S_soc_S_gpio_50000300
                0x000000000000a42e                __devicehdl_DT_N_S_soc_S_gpio_50000000
                0x000000000000a434                __devicehdl_DT_N_S_soc_S_clock_40000000
                0x000000000000a43a                __device_handles_end = .

rodata          0x000000000000a440     0x195c
 *(SORT_BY_ALIGNMENT(.rodata))
 .rodata        0x000000000000a440        0xd app/libapp.a(main.c.obj)
 *(SORT_BY_ALIGNMENT(.rodata.*))
 *fill*         0x000000000000a44d        0x3 
 .rodata.delay_machine_code.12410
                0x000000000000a450        0x6 zephyr/soc/arm/nordic_nrf/nrf52/libsoc__arm__nordic_nrf__nrf52.a(soc.c.obj)
 *fill*         0x000000000000a456        0x2 
 .rodata.apis   0x000000000000a458        0x8 zephyr/libzephyr.a(nrf_cc3xx_platform_abort_zephyr.c.obj)
 .rodata.mutex_apis
                0x000000000000a460       0x10 zephyr/libzephyr.a(nrf_cc3xx_platform_mutex_zephyr.c.obj)
 .rodata.mutexes
                0x000000000000a470       0x14 zephyr/libzephyr.a(nrf_cc3xx_platform_mutex_zephyr.c.obj)
 .rodata.static_regions
                0x000000000000a484        0xc zephyr/arch/arch/arm/core/aarch32/mpu/libarch__arm__core__aarch32__mpu.a(arm_core_mpu.c.obj)
 .rodata.mpu_config
                0x000000000000a490        0x8 zephyr/soc/arm/common/cortex_m/libsoc__arm__common__cortex_m.a(arm_mpu_regions.c.obj)
                0x000000000000a490                mpu_config
 .rodata.mpu_regions
                0x000000000000a498       0x18 zephyr/soc/arm/common/cortex_m/libsoc__arm__common__cortex_m.a(arm_mpu_regions.c.obj)
 .rodata.adc_nrfx_driver_api
                0x000000000000a4b0       0x10 zephyr/drivers/adc/libdrivers__adc.a(adc_nrfx_saadc.c.obj)
 .rodata.clock_control_api
                0x000000000000a4c0       0x18 zephyr/drivers/clock_control/libdrivers__clock_control.a(clock_control_nrf.c.obj)
 .rodata.config
                0x000000000000a4d8       0x10 zephyr/drivers/clock_control/libdrivers__clock_control.a(clock_control_nrf.c.obj)
 .rodata.transitions.11168
                0x000000000000a4e8        0xc zephyr/drivers/clock_control/libdrivers__clock_control.a(clock_control_nrf.c.obj)
 .rodata.gpio_nrfx_drv_api_funcs
                0x000000000000a4f4       0x24 zephyr/drivers/gpio/libdrivers__gpio.a(gpio_nrfx.c.obj)
 .rodata.gpio_nrfx_p0_cfg
                0x000000000000a518       0x10 zephyr/drivers/gpio/libdrivers__gpio.a(gpio_nrfx.c.obj)
 .rodata.gpio_nrfx_p1_cfg
                0x000000000000a528       0x10 zephyr/drivers/gpio/libdrivers__gpio.a(gpio_nrfx.c.obj)
 .rodata.pwm_nrfx_0config
                0x000000000000a538       0x28 zephyr/drivers/pwm/libdrivers__pwm.a(pwm_nrfx.c.obj)
 .rodata.pwm_nrfx_drv_api_funcs
                0x000000000000a560        0x8 zephyr/drivers/pwm/libdrivers__pwm.a(pwm_nrfx.c.obj)
 .rodata.uart_nrfx_uarte_driver_api
                0x000000000000a568       0x4c zephyr/drivers/serial/libdrivers__serial.a(uart_nrfx_uarte.c.obj)
 .rodata.uarte_0z_config
                0x000000000000a5b4       0x20 zephyr/drivers/serial/libdrivers__serial.a(uart_nrfx_uarte.c.obj)
 .rodata.uarte_1z_config
                0x000000000000a5d4       0x20 zephyr/drivers/serial/libdrivers__serial.a(uart_nrfx_uarte.c.obj)
 .rodata.levels.9433
                0x000000000000a5f4       0x14 zephyr/kernel/libkernel.a(device.c.obj)
 .rodata._k_neg_eagain
                0x000000000000a608        0x4 zephyr/kernel/libkernel.a(errno.c.obj)
                0x000000000000a608                _k_neg_eagain
 .rodata.CSWTCH.8
                0x000000000000a60c       0x1c /home/giacomo/ncs/nrfxlib/crypto/nrf_cc310_platform/lib/cortex-m4/soft-float/no-interrupts/libnrf_cc310_platform_0.9.13.a(nrf_cc3xx_platform.c.obj)
 .rodata.mutex_free.str1.4
                0x000000000000a628       0x26 /home/giacomo/ncs/nrfxlib/crypto/nrf_cc310_platform/lib/cortex-m4/soft-float/no-interrupts/libnrf_cc310_platform_0.9.13.a(nrf_cc3xx_platform_mutex.c.obj)
 *fill*         0x000000000000a64e        0x2 
 .rodata.mutex_init.str1.4
                0x000000000000a650       0x23 /home/giacomo/ncs/nrfxlib/crypto/nrf_cc310_platform/lib/cortex-m4/soft-float/no-interrupts/libnrf_cc310_platform_0.9.13.a(nrf_cc3xx_platform_mutex.c.obj)
 *fill*         0x000000000000a673        0x1 
 .rodata.CC_PalPowerSaveModeInit.str1.4
                0x000000000000a674       0x20 /home/giacomo/ncs/nrfxlib/crypto/nrf_cc310_platform/lib/cortex-m4/soft-float/no-interrupts/libnrf_cc310_platform_0.9.13.a(cc_pal_pm.c.obj)
 .rodata.my_channel_cfg
                0x000000000000a694        0x8 app/libapp.a(main.c.obj)
 .rodata.z_impl_gpio_pin_configure.constprop.0.str1.1
                0x000000000000a69c       0x97 app/libapp.a(main.c.obj)
 .rodata.thread_AUTOMATIC_code.str1.1
                0x000000000000a733       0xd8 app/libapp.a(main.c.obj)
 .rodata.thread_MANUAL_code.str1.1
                0x000000000000a80b       0x51 app/libapp.a(main.c.obj)
 .rodata.thread_FILTER_code.str1.1
                0x000000000000a85c       0x49 app/libapp.a(main.c.obj)
                                         0x4b (size before relaxing)
 .rodata.thread_CONTROL_code.str1.1
                0x000000000000a8a5       0x6f app/libapp.a(main.c.obj)
 .rodata.thread_PWM_code.str1.1
                0x000000000000a914       0x7a app/libapp.a(main.c.obj)
 .rodata.thread_A_code.str1.1
                0x000000000000a98e       0xac app/libapp.a(main.c.obj)
 .rodata.main.str1.1
                0x000000000000aa3a      0x137 app/libapp.a(main.c.obj)
 .rodata.prompt
                0x000000000000ab71        0xa app/libapp.a(main.c.obj)
 .rodata.cbvprintf.str1.1
                0x000000000000ab7b        0x6 zephyr/libzephyr.a(cbprintf_complete.c.obj)
 .rodata.sys_heap_free.str1.1
                0x000000000000ab81       0xcc zephyr/libzephyr.a(heap.c.obj)
                                         0xe9 (size before relaxing)
 .rodata.sys_heap_init.str1.1
                0x000000000000ac4d       0xbb zephyr/libzephyr.a(heap.c.obj)
 .rodata.sys_notify_finalize.str1.1
                0x000000000000ad08       0x23 zephyr/libzephyr.a(notify.c.obj)
                                         0x42 (size before relaxing)
 .rodata.mutex_free_platform.str1.1
                0x000000000000ad2b       0x26 zephyr/libzephyr.a(nrf_cc3xx_platform_mutex_zephyr.c.obj)
 .rodata.mutex_init_platform.str1.1
                0x000000000000ad51       0x2d zephyr/libzephyr.a(nrf_cc3xx_platform_mutex_zephyr.c.obj)
 .rodata.process_event.str1.1
                0x000000000000ad7e      0x122 zephyr/libzephyr.a(onoff.c.obj)
                                        0x141 (size before relaxing)
 .rodata.pm_state_notify.str1.1
                0x000000000000aea0       0x9c zephyr/libzephyr.a(pm.c.obj)
 .rodata.sys_reboot.str1.1
                0x000000000000aea0       0x29 zephyr/libzephyr.a(reboot.c.obj)
 .rodata.z_arm_irq_priority_set.str1.1
                0x000000000000aec9       0x91 zephyr/arch/arch/arm/core/aarch32/libarch__arm__core__aarch32.a(irq_manage.c.obj)
                                         0xae (size before relaxing)
 .rodata.mem_manage_fault.str1.1
                0x000000000000af5a       0xa7 zephyr/arch/arch/arm/core/aarch32/cortex_m/libarch__arm__core__aarch32__cortex_m.a(fault.c.obj)
                                         0xc4 (size before relaxing)
 .rodata.z_arm_fault.str1.1
                0x000000000000b001       0xa5 zephyr/arch/arch/arm/core/aarch32/cortex_m/libarch__arm__core__aarch32__cortex_m.a(fault.c.obj)
                                         0xa7 (size before relaxing)
 .rodata.arm_core_mpu_configure_static_mpu_regions.str1.1
                0x000000000000b0a6       0x63 zephyr/arch/arch/arm/core/aarch32/mpu/libarch__arm__core__aarch32__mpu.a(arm_mpu.c.obj)
                                         0x82 (size before relaxing)
 .rodata.arm_core_mpu_configure_dynamic_mpu_regions.str1.1
                0x000000000000b109       0x2d zephyr/arch/arch/arm/core/aarch32/mpu/libarch__arm__core__aarch32__mpu.a(arm_mpu.c.obj)
 .rodata.z_arm_mpu_init.str1.1
                0x000000000000b136       0xa5 zephyr/arch/arch/arm/core/aarch32/mpu/libarch__arm__core__aarch32__mpu.a(arm_mpu.c.obj)
 .rodata.str1.1
                0x000000000000b1db        0xf zephyr/soc/arm/common/cortex_m/libsoc__arm__common__cortex_m.a(arm_mpu_regions.c.obj)
 .rodata.CSWTCH.9
                0x000000000000b1ea        0x6 zephyr/soc/arm/nordic_nrf/nrf52/libsoc__arm__nordic_nrf__nrf52.a(soc.c.obj)
 .rodata.str1.1
                0x000000000000b1f0        0x6 zephyr/drivers/adc/libdrivers__adc.a(adc_nrfx_saadc.c.obj)
 .rodata.get_status.str1.1
                0x000000000000b1f0       0x61 zephyr/drivers/clock_control/libdrivers__clock_control.a(clock_control_nrf.c.obj)
                                         0x7e (size before relaxing)
 .rodata.clock_event_handler.str1.1
                0x000000000000b251        0x2 zephyr/drivers/clock_control/libdrivers__clock_control.a(clock_control_nrf.c.obj)
 .rodata.z_nrf_clock_control_lf_on.str1.1
                0x000000000000b251        0x9 zephyr/drivers/clock_control/libdrivers__clock_control.a(clock_control_nrf.c.obj)
 .rodata.str1.1
                0x000000000000b25a        0x6 zephyr/drivers/clock_control/libdrivers__clock_control.a(clock_control_nrf.c.obj)
 .rodata.gpio_nrfx_manage_callback.str1.1
                0x000000000000b260       0x6e zephyr/drivers/gpio/libdrivers__gpio.a(gpio_nrfx.c.obj)
                                         0x8b (size before relaxing)
 .rodata.nrfx_gpio_handler.str1.1
                0x000000000000b2ce        0xc zephyr/drivers/gpio/libdrivers__gpio.a(gpio_nrfx.c.obj)
 .rodata.gpio_nrfx_pin_interrupt_configure.str1.1
                0x000000000000b2da       0x56 zephyr/drivers/gpio/libdrivers__gpio.a(gpio_nrfx.c.obj)
                                         0x58 (size before relaxing)
 .rodata.str1.1
                0x000000000000b330        0x7 zephyr/drivers/gpio/libdrivers__gpio.a(gpio_nrfx.c.obj)
                                          0xe (size before relaxing)
 .rodata.nrf_gpio_pin_port_decode.str1.1
                0x000000000000b337       0x75 zephyr/drivers/pwm/libdrivers__pwm.a(pwm_nrfx.c.obj)
 .rodata.str1.1
                0x000000000000b337        0x6 zephyr/drivers/pwm/libdrivers__pwm.a(pwm_nrfx.c.obj)
 .rodata.nrf_gpio_pin_port_decode.str1.1
                0x000000000000b337       0x75 zephyr/drivers/serial/libdrivers__serial.a(uart_nrfx_uarte.c.obj)
 .rodata.str1.1
                0x000000000000b337        0xe zephyr/drivers/serial/libdrivers__serial.a(uart_nrfx_uarte.c.obj)
 .rodata.nrf_clock_is_running.constprop.0.str1.1
                0x000000000000b345       0x34 modules/hal_nordic/nrfx/libmodules__hal_nordic__nrfx.a(nrfx_clock.c.obj)
                                         0x53 (size before relaxing)
 .rodata.nrfx_clock_init.str1.1
                0x000000000000b379       0x4b modules/hal_nordic/nrfx/libmodules__hal_nordic__nrfx.a(nrfx_clock.c.obj)
 .rodata.nrfx_clock_enable.str1.1
                0x000000000000b3c4       0x1e modules/hal_nordic/nrfx/libmodules__hal_nordic__nrfx.a(nrfx_clock.c.obj)
 .rodata.legacy_handler.str1.1
                0x000000000000b3e2       0x64 modules/hal_nordic/nrfx/libmodules__hal_nordic__nrfx.a(nrfx_gpiote.c.obj)
                                         0x81 (size before relaxing)
 .rodata.release_handler.str1.1
                0x000000000000b446       0x14 modules/hal_nordic/nrfx/libmodules__hal_nordic__nrfx.a(nrfx_gpiote.c.obj)
 .rodata.nrf_gpio_pin_port_decode.str1.1
                0x000000000000b45a       0x58 modules/hal_nordic/nrfx/libmodules__hal_nordic__nrfx.a(nrfx_gpiote.c.obj)
 .rodata.nrfx_gpiote_channel_get.str1.1
                0x000000000000b45a        0xa modules/hal_nordic/nrfx/libmodules__hal_nordic__nrfx.a(nrfx_gpiote.c.obj)
 .rodata.nrfx_gpiote_trigger_enable.str1.1
                0x000000000000b464       0x20 modules/hal_nordic/nrfx/libmodules__hal_nordic__nrfx.a(nrfx_gpiote.c.obj)
 .rodata.nrf_pwm_sequence_set.str1.1
                0x000000000000b484       0xcd modules/hal_nordic/nrfx/libmodules__hal_nordic__nrfx.a(nrfx_pwm.c.obj)
                                         0xea (size before relaxing)
 .rodata.nrf_gpio_pin_port_decode.str1.1
                0x000000000000b551       0x58 modules/hal_nordic/nrfx/libmodules__hal_nordic__nrfx.a(nrfx_pwm.c.obj)
 .rodata.nrfx_pwm_init.str1.1
                0x000000000000b551       0x65 modules/hal_nordic/nrfx/libmodules__hal_nordic__nrfx.a(nrfx_pwm.c.obj)
 .rodata.nrfx_pwm_uninit.str1.1
                0x000000000000b5b6       0x2c modules/hal_nordic/nrfx/libmodules__hal_nordic__nrfx.a(nrfx_pwm.c.obj)
 .rodata.nrfx_pwm_simple_playback.str1.1
                0x000000000000b5e2       0x3c modules/hal_nordic/nrfx/libmodules__hal_nordic__nrfx.a(nrfx_pwm.c.obj)
 .rodata.nrfx_pwm_stop.str1.1
                0x000000000000b61e       0x45 modules/hal_nordic/nrfx/libmodules__hal_nordic__nrfx.a(nrfx_pwm.c.obj)
 .rodata.CSWTCH.14
                0x000000000000b663        0x6 modules/hal_nordic/nrfx/libmodules__hal_nordic__nrfx.a(system_nrf52840.c.obj)
 .rodata.CSWTCH.5
                0x000000000000b669        0x6 modules/hal_nordic/nrfx/libmodules__hal_nordic__nrfx.a(system_nrf52840.c.obj)
 .rodata.z_fatal_error.str1.1
                0x000000000000b66f       0x74 zephyr/kernel/libkernel.a(fatal.c.obj)
                                         0x91 (size before relaxing)
 .rodata.idle.str1.1
                0x000000000000b6e3       0x49 zephyr/kernel/libkernel.a(idle.c.obj)
                                         0x66 (size before relaxing)
 .rodata.z_cstart.str1.1
                0x000000000000b72c        0x5 zephyr/kernel/libkernel.a(init.c.obj)
 .rodata.init_mem_slab_module.str1.1
                0x000000000000b731       0x61 zephyr/kernel/libkernel.a(mem_slab.c.obj)
                                         0x7e (size before relaxing)
 .rodata.k_mem_slab_alloc.str1.1
                0x000000000000b792       0x7f zephyr/kernel/libkernel.a(mem_slab.c.obj)
 .rodata.z_impl_k_mutex_lock.str1.1
                0x000000000000b792       0x59 zephyr/kernel/libkernel.a(mutex.c.obj)
                                         0xf5 (size before relaxing)
 .rodata.z_impl_k_mutex_unlock.str1.1
                0x000000000000b7eb       0x76 zephyr/kernel/libkernel.a(mutex.c.obj)
 .rodata.clear_event_registrations.str1.1
                0x000000000000b861       0xfb zephyr/kernel/libkernel.a(poll.c.obj)
                                        0x199 (size before relaxing)
 .rodata.signal_poll_event.str1.1
                0x000000000000b95c       0x35 zephyr/kernel/libkernel.a(poll.c.obj)
 .rodata.k_sched_time_slice_set.str1.1
                0x000000000000b991       0x9c zephyr/kernel/libkernel.a(sched.c.obj)
 .rodata.k_sched_lock.str1.1
                0x000000000000b991       0x71 zephyr/kernel/libkernel.a(sched.c.obj)
 .rodata.z_priq_dumb_remove.str1.1
                0x000000000000b991       0x43 zephyr/kernel/libkernel.a(sched.c.obj)
 .rodata.unpend_thread_no_timeout.str1.1
                0x000000000000b9d4       0x17 zephyr/kernel/libkernel.a(sched.c.obj)
 .rodata.update_cache.str1.1
                0x000000000000b9eb       0x27 zephyr/kernel/libkernel.a(sched.c.obj)
 .rodata.k_sched_unlock.str1.1
                0x000000000000ba12       0x31 zephyr/kernel/libkernel.a(sched.c.obj)
 .rodata.z_tick_sleep.str1.1
                0x000000000000ba43       0x40 zephyr/kernel/libkernel.a(sched.c.obj)
 .rodata.z_thread_abort.str1.1