Archive member included to satisfy reference by file (symbol)

app/libapp.a(main.c.obj)      (--whole-archive)
zephyr/libzephyr.a(soc_nrf_common.S.obj)
                              (--whole-archive)
zephyr/libzephyr.a(assert.c.obj)
                              (--whole-archive)
zephyr/libzephyr.a(bitarray.c.obj)
                              (--whole-archive)
zephyr/libzephyr.a(cbprintf.c.obj)
                              (--whole-archive)
zephyr/libzephyr.a(cbprintf_complete.c.obj)
                              (--whole-archive)
zephyr/libzephyr.a(cbprintf_packaged.c.obj)
                              (--whole-archive)
zephyr/libzephyr.a(configs.c.obj)
                              (--whole-archive)
zephyr/libzephyr.a(constraint.c.obj)
                              (--whole-archive)
zephyr/libzephyr.a(crc16_sw.c.obj)
                              (--whole-archive)
zephyr/libzephyr.a(crc32_sw.c.obj)
                              (--whole-archive)
zephyr/libzephyr.a(crc32c_sw.c.obj)
                              (--whole-archive)
zephyr/libzephyr.a(crc7_sw.c.obj)
                              (--whole-archive)
zephyr/libzephyr.a(crc8_sw.c.obj)
                              (--whole-archive)
zephyr/libzephyr.a(dec.c.obj)
                              (--whole-archive)
zephyr/libzephyr.a(fdtable.c.obj)
                              (--whole-archive)
zephyr/libzephyr.a(getchar.c.obj)
                              (--whole-archive)
zephyr/libzephyr.a(heap-validate.c.obj)
                              (--whole-archive)
zephyr/libzephyr.a(heap.c.obj)
                              (--whole-archive)
zephyr/libzephyr.a(hex.c.obj)
                              (--whole-archive)
zephyr/libzephyr.a(multi_heap.c.obj)
                              (--whole-archive)
zephyr/libzephyr.a(notify.c.obj)
                              (--whole-archive)
zephyr/libzephyr.a(nrf_cc3xx_platform_abort_zephyr.c.obj)
                              (--whole-archive)
zephyr/libzephyr.a(nrf_cc3xx_platform_mutex_zephyr.c.obj)
                              (--whole-archive)
zephyr/libzephyr.a(onoff.c.obj)
                              (--whole-archive)
zephyr/libzephyr.a(pm.c.obj)  (--whole-archive)
zephyr/libzephyr.a(printk.c.obj)
                              (--whole-archive)
zephyr/libzephyr.a(rb.c.obj)  (--whole-archive)
zephyr/libzephyr.a(reboot.c.obj)
                              (--whole-archive)
zephyr/libzephyr.a(residency.c.obj)
                              (--whole-archive)
zephyr/libzephyr.a(sem.c.obj)
                              (--whole-archive)
zephyr/libzephyr.a(thread_entry.c.obj)
                              (--whole-archive)
zephyr/libzephyr.a(timeutil.c.obj)
                              (--whole-archive)
zephyr/libzephyr.a(tracing_none.c.obj)
                              (--whole-archive)
zephyr/libzephyr.a(tty.c.obj)
                              (--whole-archive)
zephyr/libzephyr.a(validate_base_addresses.c.obj)
                              (--whole-archive)
zephyr/libzephyr.a(validate_enabled_instances.c.obj)
                              (--whole-archive)
zephyr/arch/common/libarch__common.a(sw_isr_common.c.obj)
                              (--whole-archive)
zephyr/arch/arch/arm/core/aarch32/libarch__arm__core__aarch32.a(cpu_idle.S.obj)
                              (--whole-archive)
zephyr/arch/arch/arm/core/aarch32/libarch__arm__core__aarch32.a(isr_wrapper.S.obj)
                              (--whole-archive)
zephyr/arch/arch/arm/core/aarch32/libarch__arm__core__aarch32.a(nmi_on_reset.S.obj)
                              (--whole-archive)
zephyr/arch/arch/arm/core/aarch32/libarch__arm__core__aarch32.a(swap_helper.S.obj)
                              (--whole-archive)
zephyr/arch/arch/arm/core/aarch32/libarch__arm__core__aarch32.a(fatal.c.obj)
                              (--whole-archive)
zephyr/arch/arch/arm/core/aarch32/libarch__arm__core__aarch32.a(irq_manage.c.obj)
                              (--whole-archive)
zephyr/arch/arch/arm/core/aarch32/libarch__arm__core__aarch32.a(nmi.c.obj)
                              (--whole-archive)
zephyr/arch/arch/arm/core/aarch32/libarch__arm__core__aarch32.a(prep_c.c.obj)
                              (--whole-archive)
zephyr/arch/arch/arm/core/aarch32/libarch__arm__core__aarch32.a(swap.c.obj)
                              (--whole-archive)
zephyr/arch/arch/arm/core/aarch32/libarch__arm__core__aarch32.a(thread.c.obj)
                              (--whole-archive)
zephyr/arch/arch/arm/core/aarch32/cortex_m/libarch__arm__core__aarch32__cortex_m.a(exc_exit.S.obj)
                              (--whole-archive)
zephyr/arch/arch/arm/core/aarch32/cortex_m/libarch__arm__core__aarch32__cortex_m.a(fault_s.S.obj)
                              (--whole-archive)
zephyr/arch/arch/arm/core/aarch32/cortex_m/libarch__arm__core__aarch32__cortex_m.a(reset.S.obj)
                              (--whole-archive)
[...]
Memory Configuration

Name             Origin             Length             Attributes
FLASH            0x0000000000000000 0x0000000000100000 xr
SRAM             0x0000000020000000 0x0000000000040000 xw
IDT_LIST         0x00000000fffff7ff 0x0000000000000800 xw
*default*        0x0000000000000000 0xffffffffffffffff

Linker script and memory map

LOAD zephyr/CMakeFiles/zephyr_pre1.dir/dev_handles.c.obj
LOAD zephyr/CMakeFiles/zephyr_pre1.dir/misc/empty_file.c.obj
LOAD zephyr/CMakeFiles/offsets.dir/./arch/arm/core/offsets/offsets.c.obj
                0x0000000000000020                _region_min_align = 0x20

.rel.plt        0x0000000000000000        0x0
 *(SORT_BY_ALIGNMENT(.rel.plt))
                [!provide]                        PROVIDE (__rel_iplt_start = .)
 *(SORT_BY_ALIGNMENT(.rel.iplt))
 .rel.iplt      0x0000000000000000        0x0 zephyr/CMakeFiles/zephyr_pre1.dir/dev_handles.c.obj
                [!provide]                        PROVIDE (__rel_iplt_end = .)

.rela.plt       0x0000000000000000        0x0
 *(SORT_BY_ALIGNMENT(.rela.plt))
                [!provide]                        PROVIDE (__rela_iplt_start = .)
 *(SORT_BY_ALIGNMENT(.rela.iplt))
                [!provide]                        PROVIDE (__rela_iplt_end = .)

.rel.dyn
 *(SORT_BY_ALIGNMENT(.rel.*))

.rela.dyn
 *(SORT_BY_ALIGNMENT(.rela.*))

/DISCARD/
 *(SORT_BY_ALIGNMENT(.plt))
 *(SORT_BY_ALIGNMENT(.iplt))
 *(SORT_BY_ALIGNMENT(.got.plt))
 *(SORT_BY_ALIGNMENT(.igot.plt))
 *(SORT_BY_ALIGNMENT(.got))
 *(SORT_BY_ALIGNMENT(.igot))
 *(SORT_BY_ALIGNMENT(.note.GNU-stack))
                0x0000000000000000                __rom_region_start = 0x0

rom_start       0x0000000000000000      0x100
                0x0000000000000000                . = 0x0
                0x0000000000000000                . = ALIGN (0x4)
                0x0000000000000000                . = ALIGN (0x80)
                0x0000000000000000                . = ALIGN (0x100)
                0x0000000000000000                _vector_start = .
 *(SORT_BY_ALIGNMENT(.exc_vector_table))
 *(SORT_BY_ALIGNMENT(.exc_vector_table.*))
 .exc_vector_table._vector_table_section
                0x0000000000000000       0x40 zephyr/arch/arch/arm/core/aarch32/cortex_m/libarch__arm__core__aarch32__cortex_m.a(vector_table.S.obj)
                0x0000000000000000                _vector_table
 *(SORT_BY_ALIGNMENT(.gnu.linkonce.irq_vector_table*))
 .gnu.linkonce.irq_vector_table
                0x0000000000000040       0xc0 zephyr/arch/common/libisr_tables.a(isr_tables.c.obj)
                0x0000000000000040                _irq_vector_table
 *(SORT_BY_ALIGNMENT(.vectors))
                0x0000000000000100                _vector_end = .

text            0x0000000000000100     0xa300
                0x0000000000000100                __text_region_start = .
 *(SORT_BY_ALIGNMENT(.text))
 .text          0x0000000000000100      0x378 /home/giacomo/gnuarmemb/gcc-arm-none-eabi-9-2019-q4-major/bin/../lib/gcc/arm-none-eabi/9.2.1/thumb/v7e-m/nofp/libgcc.a(_arm_addsubdf3.o)
                0x0000000000000100                __aeabi_drsub
                0x0000000000000108                __aeabi_dsub
                0x0000000000000108                __subdf3
                0x000000000000010c                __adddf3
                0x000000000000010c                __aeabi_dadd
                0x0000000000000384                __aeabi_ui2d
                0x0000000000000384                __floatunsidf
                0x00000000000003a4                __floatsidf
                0x00000000000003a4                __aeabi_i2d
                0x00000000000003c8                __extendsfdf2
                0x00000000000003c8                __aeabi_f2d
                0x000000000000040c                __aeabi_ul2d
                0x000000000000040c                __floatundidf
                0x000000000000041c                __floatdidf
                0x000000000000041c                __aeabi_l2d
 .text          0x0000000000000478      0x424 /home/giacomo/gnuarmemb/gcc-arm-none-eabi-9-2019-q4-major/bin/../lib/gcc/arm-none-eabi/9.2.1/thumb/v7e-m/nofp/libgcc.a(_arm_muldivdf3.o)
                0x0000000000000478                __aeabi_dmul
                0x0000000000000478                __muldf3
                0x00000000000006cc                __aeabi_ddiv
                0x00000000000006cc                __divdf3
 .text          0x000000000000089c       0x40 /home/giacomo/gnuarmemb/gcc-arm-none-eabi-9-2019-q4-major/bin/../lib/gcc/arm-none-eabi/9.2.1/thumb/v7e-m/nofp/libgcc.a(_arm_fixunsdfsi.o)
                0x000000000000089c                __fixunsdfsi
                0x000000000000089c                __aeabi_d2uiz
 .text          0x00000000000008dc       0xa0 /home/giacomo/gnuarmemb/gcc-arm-none-eabi-9-2019-q4-major/bin/../lib/gcc/arm-none-eabi/9.2.1/thumb/v7e-m/nofp/libgcc.a(_aeabi_ldivmod.o)
                0x00000000000008dc                __aeabi_ldivmod
 .text          0x000000000000097c       0x30 /home/giacomo/gnuarmemb/gcc-arm-none-eabi-9-2019-q4-major/bin/../lib/gcc/arm-none-eabi/9.2.1/thumb/v7e-m/nofp/libgcc.a(_aeabi_uldivmod.o)
                0x000000000000097c                __aeabi_uldivmod
 .text          0x00000000000009ac      0x2c0 /home/giacomo/gnuarmemb/gcc-arm-none-eabi-9-2019-q4-major/bin/../lib/gcc/arm-none-eabi/9.2.1/thumb/v7e-m/nofp/libgcc.a(_udivmoddi4.o)
                0x00000000000009ac                __udivmoddi4
 .text          0x0000000000000c6c        0x4 /home/giacomo/gnuarmemb/gcc-arm-none-eabi-9-2019-q4-major/bin/../lib/gcc/arm-none-eabi/9.2.1/thumb/v7e-m/nofp/libgcc.a(_dvmd_tls.o)
                0x0000000000000c6c                __aeabi_ldiv0
                0x0000000000000c6c                __aeabi_idiv0
 *(SORT_BY_ALIGNMENT(.text.*))
 .text.thread_FILTER_code
                0x0000000000000c70      0x164 app/libapp.a(main.c.obj)
                0x0000000000000c70                thread_FILTER_code
 .text.but1press_cbfunction
                0x0000000000000dd4        0xc app/libapp.a(main.c.obj)
                0x0000000000000dd4                but1press_cbfunction
 .text.but2press_cbfunction
                0x0000000000000de0        0xc app/libapp.a(main.c.obj)
                0x0000000000000de0                but2press_cbfunction
 .text.but3press_cbfunction
                0x0000000000000dec        0xc app/libapp.a(main.c.obj)
                0x0000000000000dec                but3press_cbfunction
 .text.but4press_cbfunction
                0x0000000000000df8       0x14 app/libapp.a(main.c.obj)
                0x0000000000000df8                but4press_cbfunction
 .text.z_impl_gpio_pin_configure.constprop.0
                0x0000000000000e0c       0x64 app/libapp.a(main.c.obj)
 .text.z_impl_gpio_pin_interrupt_configure.constprop.0
                0x0000000000000e70       0x6c app/libapp.a(main.c.obj)
 .text.thread_CONTROL_code
                0x0000000000000edc      0x13c app/libapp.a(main.c.obj)
                0x0000000000000edc                thread_CONTROL_code
 .text.thread_AUTOMATIC_code
                0x0000000000001018       0xd0 app/libapp.a(main.c.obj)
                0x0000000000001018                thread_AUTOMATIC_code
 .text.thread_MANUAL_code
                0x00000000000010e8       0xa4 app/libapp.a(main.c.obj)
                0x00000000000010e8                thread_MANUAL_code
 .text.thread_PWM_code
                0x000000000000118c      0x10c app/libapp.a(main.c.obj)
                0x000000000000118c                thread_PWM_code
 .text.printDays
                0x0000000000001298       0x4c app/libapp.a(main.c.obj)
                0x0000000000001298                printDays
 .text.thread_A_code
                0x00000000000012e4      0x498 app/libapp.a(main.c.obj)
                0x00000000000012e4                thread_A_code
 .text.main     0x000000000000177c      0x2b8 app/libapp.a(main.c.obj)
                0x000000000000177c                main
 .text.cbvprintf
                0x0000000000001a34      0x780 zephyr/libzephyr.a(cbprintf_complete.c.obj)
                0x0000000000001a34                cbvprintf
 .text.console_write
                0x00000000000021b4        0xc zephyr/libzephyr.a(getchar.c.obj)
                0x00000000000021b4                console_write
 .text.console_putchar
                0x00000000000021c0       0x1c zephyr/libzephyr.a(getchar.c.obj)
                0x00000000000021c0                console_putchar
 .text.console_getchar
                0x00000000000021dc       0x20 zephyr/libzephyr.a(getchar.c.obj)
                0x00000000000021dc                console_getchar
 .text.console_init
                0x00000000000021fc       0x54 zephyr/libzephyr.a(getchar.c.obj)
                0x00000000000021fc                console_init
 .text.sys_heap_init
                0x0000000000002250      0x128 zephyr/libzephyr.a(heap.c.obj)
                0x0000000000002250                sys_heap_init
 .text.sys_notify_finalize
                0x0000000000002378       0x60 zephyr/libzephyr.a(notify.c.obj)
                0x0000000000002378                sys_notify_finalize
 .text.nrf_cc3xx_platform_abort_init
                0x00000000000023d8        0xc zephyr/libzephyr.a(nrf_cc3xx_platform_abort_zephyr.c.obj)
                0x00000000000023d8                nrf_cc3xx_platform_abort_init
 .text.mutex_unlock_platform
                0x00000000000023e4       0x4c zephyr/libzephyr.a(nrf_cc3xx_platform_mutex_zephyr.c.obj)
 .text.mutex_free_platform
                0x0000000000002430       0x48 zephyr/libzephyr.a(nrf_cc3xx_platform_mutex_zephyr.c.obj)
 .text.mutex_init_platform
                0x0000000000002478       0x70 zephyr/libzephyr.a(nrf_cc3xx_platform_mutex_zephyr.c.obj)
 .text.mutex_lock_platform
                0x00000000000024e8       0x58 zephyr/libzephyr.a(nrf_cc3xx_platform_mutex_zephyr.c.obj)
 .text.nrf_cc3xx_platform_mutex_init
                0x0000000000002540       0x2c zephyr/libzephyr.a(nrf_cc3xx_platform_mutex_zephyr.c.obj)
                0x0000000000002540                nrf_cc3xx_platform_mutex_init
 .text.process_event
                0x000000000000256c      0x3f4 zephyr/libzephyr.a(onoff.c.obj)
 .text.transition_complete
                0x0000000000002960       0x64 zephyr/libzephyr.a(onoff.c.obj)
 .text.onoff_request
                0x00000000000029c4      0x130 zephyr/libzephyr.a(onoff.c.obj)
                0x00000000000029c4                onoff_request
 .text.pm_state_notify
                0x0000000000002af4       0xcc zephyr/libzephyr.a(pm.c.obj)
 .text.atomic_test_and_set_bit.constprop.0
                0x0000000000002bc0       0x38 zephyr/libzephyr.a(pm.c.obj)
 .text.pm_system_resume
                0x0000000000002bf8       0x88 zephyr/libzephyr.a(pm.c.obj)
                0x0000000000002bf8                pm_system_resume
 .text.pm_system_suspend
                0x0000000000002c80      0x100 zephyr/libzephyr.a(pm.c.obj)
                0x0000000000002c80                pm_system_suspend
 .text.char_out
                0x0000000000002d80       0x10 zephyr/libzephyr.a(printk.c.obj)
 .text.__printk_hook_install
                0x0000000000002d90        0xc zephyr/libzephyr.a(printk.c.obj)
                0x0000000000002d90                __printk_hook_install
 .text.vprintk  0x0000000000002d9c       0x1c zephyr/libzephyr.a(printk.c.obj)
                0x0000000000002d9c                vprintk
 .text.sys_reboot
                0x0000000000002db8       0x28 zephyr/libzephyr.a(reboot.c.obj)
                0x0000000000002db8                sys_reboot
 .text.tty_init
                0x0000000000002de0       0x40 zephyr/libzephyr.a(tty.c.obj)
                0x0000000000002de0                tty_init
 .text.z_arm_cpu_idle_init
                0x0000000000002e20        0xc zephyr/arch/arch/arm/core/aarch32/libarch__arm__core__aarch32.a(cpu_idle.S.obj)
                0x0000000000002e20                z_arm_cpu_idle_init
 .text.arch_cpu_idle
                0x0000000000002e2c       0x1c zephyr/arch/arch/arm/core/aarch32/libarch__arm__core__aarch32.a(cpu_idle.S.obj)
                0x0000000000002e2c                arch_cpu_idle
 .text.arch_cpu_atomic_idle
                0x0000000000002e48       0x14 zephyr/arch/arch/arm/core/aarch32/libarch__arm__core__aarch32.a(cpu_idle.S.obj)
                0x0000000000002e48                arch_cpu_atomic_idle
 .text._isr_wrapper
                0x0000000000002e5c       0x40 zephyr/arch/arch/arm/core/aarch32/libarch__arm__core__aarch32.a(isr_wrapper.S.obj)
                0x0000000000002e5c                _isr_wrapper
 .text.z_SysNmiOnReset
                0x0000000000002e9c        0x8 zephyr/arch/arch/arm/core/aarch32/libarch__arm__core__aarch32.a(nmi_on_reset.S.obj)
                0x0000000000002e9c                z_SysNmiOnReset
 .text.z_arm_pendsv
                0x0000000000002ea4       0x54 zephyr/arch/arch/arm/core/aarch32/libarch__arm__core__aarch32.a(swap_helper.S.obj)
                0x0000000000002ea4                z_arm_pendsv
 .text.z_arm_svc
                0x0000000000002ef8       0x20 zephyr/arch/arch/arm/core/aarch32/libarch__arm__core__aarch32.a(swap_helper.S.obj)
                0x0000000000002ef8                z_arm_svc
 .text.arch_irq_enable
                0x0000000000002f18       0x20 zephyr/arch/arch/arm/core/aarch32/libarch__arm__core__aarch32.a(irq_manage.c.obj)
                0x0000000000002f18                arch_irq_enable
 .text.arch_irq_is_enabled
                0x0000000000002f38       0x1c zephyr/arch/arch/arm/core/aarch32/libarch__arm__core__aarch32.a(irq_manage.c.obj)
                0x0000000000002f38                arch_irq_is_enabled
 .text.z_arm_irq_priority_set
                0x0000000000002f54       0x68 zephyr/arch/arch/arm/core/aarch32/libarch__arm__core__aarch32.a(irq_manage.c.obj)
                0x0000000000002f54                z_arm_irq_priority_set
 .text.z_arm_prep_c
                0x0000000000002fbc       0x38 zephyr/arch/arch/arm/core/aarch32/libarch__arm__core__aarch32.a(prep_c.c.obj)
                0x0000000000002fbc                z_arm_prep_c
 .text.arch_swap
                0x0000000000002ff4       0x34 zephyr/arch/arch/arm/core/aarch32/libarch__arm__core__aarch32.a(swap.c.obj)
                0x0000000000002ff4                arch_swap
 .text.arch_new_thread
                0x0000000000003028       0x38 zephyr/arch/arch/arm/core/aarch32/libarch__arm__core__aarch32.a(thread.c.obj)
                0x0000000000003028                arch_new_thread
 .text.z_check_thread_stack_fail
                0x0000000000003060       0x34 zephyr/arch/arch/arm/core/aarch32/libarch__arm__core__aarch32.a(thread.c.obj)
                0x0000000000003060                z_check_thread_stack_fail
 .text.arch_switch_to_main_thread
                0x0000000000003094       0x2c zephyr/arch/arch/arm/core/aarch32/libarch__arm__core__aarch32.a(thread.c.obj)
                0x0000000000003094                arch_switch_to_main_thread
 .text._HandlerModeExit
                0x00000000000030c0       0x1c zephyr/arch/arch/arm/core/aarch32/cortex_m/libarch__arm__core__aarch32__cortex_m.a(exc_exit.S.obj)
                0x00000000000030c0                z_arm_exc_exit
                0x00000000000030c0                z_arm_int_exit
 .text.__fault  0x00000000000030dc       0x14 zephyr/arch/arch/arm/core/aarch32/cortex_m/libarch__arm__core__aarch32__cortex_m.a(fault_s.S.obj)
                0x00000000000030dc                z_arm_bus_fault
                0x00000000000030dc                z_arm_usage_fault
                0x00000000000030dc                z_arm_mpu_fault
                0x00000000000030dc                z_arm_exc_spurious
                0x00000000000030dc                z_arm_debug_monitor
                0x00000000000030dc                z_arm_hard_fault
 .text._reset_section
                0x00000000000030f0       0x54 zephyr/arch/arch/arm/core/aarch32/cortex_m/libarch__arm__core__aarch32__cortex_m.a(reset.S.obj)
                0x00000000000030f0                z_arm_reset
                0x00000000000030f0                __start
 .text.mem_manage_fault
                0x0000000000003144       0xa4 zephyr/arch/arch/arm/core/aarch32/cortex_m/libarch__arm__core__aarch32__cortex_m.a(fault.c.obj)
 .text.bus_fault.isra.0
                0x00000000000031e8       0x3c zephyr/arch/arch/arm/core/aarch32/cortex_m/libarch__arm__core__aarch32__cortex_m.a(fault.c.obj)
 .text.usage_fault.isra.0
                0x0000000000003224       0x24 zephyr/arch/arch/arm/core/aarch32/cortex_m/libarch__arm__core__aarch32__cortex_m.a(fault.c.obj)
 .text.z_arm_fault
                0x0000000000003248      0x17c zephyr/arch/arch/arm/core/aarch32/cortex_m/libarch__arm__core__aarch32__cortex_m.a(fault.c.obj)
                0x0000000000003248                z_arm_fault
 .text.z_arm_fault_init
                0x00000000000033c4       0x10 zephyr/arch/arch/arm/core/aarch32/cortex_m/libarch__arm__core__aarch32__cortex_m.a(fault.c.obj)
                0x00000000000033c4                z_arm_fault_init
 .text.z_arm_interrupt_init
                0x00000000000033d4       0x18 zephyr/arch/arch/arm/core/aarch32/cortex_m/libarch__arm__core__aarch32__cortex_m.a(irq_init.c.obj)
                0x00000000000033d4                z_arm_interrupt_init
 .text.z_arm_clear_arm_mpu_config
                0x00000000000033ec       0x20 zephyr/arch/arch/arm/core/aarch32/cortex_m/libarch__arm__core__aarch32__cortex_m.a(scb.c.obj)
                0x00000000000033ec                z_arm_clear_arm_mpu_config
 .text.z_arm_init_arch_hw_at_boot
                0x000000000000340c       0x64 zephyr/arch/arch/arm/core/aarch32/cortex_m/libarch__arm__core__aarch32__cortex_m.a(scb.c.obj)
                0x000000000000340c                z_arm_init_arch_hw_at_boot
 .text.z_impl_k_thread_abort
                0x0000000000003470       0x24 zephyr/arch/arch/arm/core/aarch32/cortex_m/libarch__arm__core__aarch32__cortex_m.a(thread_abort.c.obj)
                0x0000000000003470                z_impl_k_thread_abort
 .text.z_arm_configure_static_mpu_regions
                0x0000000000003494       0x18 zephyr/arch/arch/arm/core/aarch32/mpu/libarch__arm__core__aarch32__mpu.a(arm_core_mpu.c.obj)
                0x0000000000003494                z_arm_configure_static_mpu_regions
 .text.z_arm_configure_dynamic_mpu_regions
                0x00000000000034ac       0x20 zephyr/arch/arch/arm/core/aarch32/mpu/libarch__arm__core__aarch32__mpu.a(arm_core_mpu.c.obj)
                0x00000000000034ac                z_arm_configure_dynamic_mpu_regions
 .text.mpu_configure_regions
                0x00000000000034cc       0x80 zephyr/arch/arch/arm/core/aarch32/mpu/libarch__arm__core__aarch32__mpu.a(arm_mpu.c.obj)
 .text.arm_core_mpu_enable
                0x000000000000354c       0x14 zephyr/arch/arch/arm/core/aarch32/mpu/libarch__arm__core__aarch32__mpu.a(arm_mpu.c.obj)
                0x000000000000354c                arm_core_mpu_enable
 .text.arm_core_mpu_disable
                0x0000000000003560       0x10 zephyr/arch/arch/arm/core/aarch32/mpu/libarch__arm__core__aarch32__mpu.a(arm_mpu.c.obj)
                0x0000000000003560                arm_core_mpu_disable
 .text.arm_core_mpu_configure_static_mpu_regions
                0x0000000000003570       0x50 zephyr/arch/arch/arm/core/aarch32/mpu/libarch__arm__core__aarch32__mpu.a(arm_mpu.c.obj)
                0x0000000000003570                arm_core_mpu_configure_static_mpu_regions
 .text.arm_core_mpu_configure_dynamic_mpu_regions
                0x00000000000035c0       0x64 zephyr/arch/arch/arm/core/aarch32/mpu/libarch__arm__core__aarch32__mpu.a(arm_mpu.c.obj)
                0x00000000000035c0                arm_core_mpu_configure_dynamic_mpu_regions
 .text.z_arm_mpu_init
                0x0000000000003624       0xbc zephyr/arch/arch/arm/core/aarch32/mpu/libarch__arm__core__aarch32__mpu.a(arm_mpu.c.obj)
                0x0000000000003624                z_arm_mpu_init
 .text.__stdout_hook_install
                0x00000000000036e0        0xc zephyr/lib/libc/minimal/liblib__libc__minimal.a(stdout_console.c.obj)
                0x00000000000036e0                __stdout_hook_install
 .text.nordicsemi_nrf52_init
                0x00000000000036ec       0x64 zephyr/soc/arm/nordic_nrf/nrf52/libsoc__arm__nordic_nrf__nrf52.a(soc.c.obj)
 .text.sys_arch_reboot
                0x0000000000003750       0x2c zephyr/soc/arm/nordic_nrf/nrf52/libsoc__arm__nordic_nrf__nrf52.a(soc.c.obj)
                0x0000000000003750                sys_arch_reboot
 .text.arch_busy_wait
                0x000000000000377c       0x14 zephyr/soc/arm/nordic_nrf/nrf52/libsoc__arm__nordic_nrf__nrf52.a(soc.c.obj)
                0x000000000000377c                arch_busy_wait
 .text.adc_context_start_sampling.isra.0
                0x0000000000003790       0x20 zephyr/drivers/adc/libdrivers__adc.a(adc_nrfx_saadc.c.obj)
 .text.adc_nrfx_channel_setup
                0x00000000000037b0       0xd4 zephyr/drivers/adc/libdrivers__adc.a(adc_nrfx_saadc.c.obj)
 .text.start_read.isra.0
                0x0000000000003884      0x188 zephyr/drivers/adc/libdrivers__adc.a(adc_nrfx_saadc.c.obj)
 .text.adc_nrfx_read_async
                0x0000000000003a0c       0x44 zephyr/drivers/adc/libdrivers__adc.a(adc_nrfx_saadc.c.obj)
 .text.init_saadc
                0x0000000000003a50       0x48 zephyr/drivers/adc/libdrivers__adc.a(adc_nrfx_saadc.c.obj)
 .text.saadc_irq_handler
                0x0000000000003a98       0xf4 zephyr/drivers/adc/libdrivers__adc.a(adc_nrfx_saadc.c.obj)
 .text.adc_nrfx_read
                0x0000000000003b8c       0x40 zephyr/drivers/adc/libdrivers__adc.a(adc_nrfx_saadc.c.obj)
 .text.onoff_start
                0x0000000000003bcc       0x54 zephyr/drivers/clock_control/libdrivers__clock_control.a(clock_control_nrf.c.obj)
 .text.get_status
                0x0000000000003c20       0x3c zephyr/drivers/clock_control/libdrivers__clock_control.a(clock_control_nrf.c.obj)
 .text.stop     0x0000000000003c5c       0x7c zephyr/drivers/clock_control/libdrivers__clock_control.a(clock_control_nrf.c.obj)
 .text.onoff_stop
                0x0000000000003cd8       0x28 zephyr/drivers/clock_control/libdrivers__clock_control.a(clock_control_nrf.c.obj)
 .text.clk_init
                0x0000000000003d00       0x60 zephyr/drivers/clock_control/libdrivers__clock_control.a(clock_control_nrf.c.obj)
 .text.clkstarted_handle.constprop.0
                0x0000000000003d60       0x34 zephyr/drivers/clock_control/libdrivers__clock_control.a(clock_control_nrf.c.obj)
 .text.clock_event_handler
                0x0000000000003d94       0x60 zephyr/drivers/clock_control/libdrivers__clock_control.a(clock_control_nrf.c.obj)
 .text.generic_hfclk_start
                0x0000000000003df4       0x64 zephyr/drivers/clock_control/libdrivers__clock_control.a(clock_control_nrf.c.obj)
 .text.generic_hfclk_stop
                0x0000000000003e58       0x2c zephyr/drivers/clock_control/libdrivers__clock_control.a(clock_control_nrf.c.obj)
 .text.api_blocking_start
                0x0000000000003e84       0x3c zephyr/drivers/clock_control/libdrivers__clock_control.a(clock_control_nrf.c.obj)
 .text.z_nrf_clock_control_lf_on
                0x0000000000003ec0      0x158 zephyr/drivers/clock_control/libdrivers__clock_control.a(clock_control_nrf.c.obj)
                0x0000000000003ec0                z_nrf_clock_control_lf_on
 .text.console_out
                0x0000000000004018       0x34 zephyr/drivers/console/libdrivers__console.a(uart_console.c.obj)
 .text.uart_console_init
                0x000000000000404c       0x30 zephyr/drivers/console/libdrivers__console.a(uart_console.c.obj)
 .text.gpio_nrfx_manage_callback
                0x000000000000407c       0xac zephyr/drivers/gpio/libdrivers__gpio.a(gpio_nrfx.c.obj)
 .text.nrfx_gpio_handler
                0x0000000000004128       0x98 zephyr/drivers/gpio/libdrivers__gpio.a(gpio_nrfx.c.obj)
 .text.gpio_nrfx_pin_interrupt_configure
                0x00000000000041c0      0x130 zephyr/drivers/gpio/libdrivers__gpio.a(gpio_nrfx.c.obj)
 .text.gpio_nrfx_init
                0x00000000000042f0       0x38 zephyr/drivers/gpio/libdrivers__gpio.a(gpio_nrfx.c.obj)
 .text.gpio_nrfx_pin_configure
                0x0000000000004328      0x15c zephyr/drivers/gpio/libdrivers__gpio.a(gpio_nrfx.c.obj)
 .text.pwm_nrfx_get_cycles_per_sec
                0x0000000000004484       0x10 zephyr/drivers/pwm/libdrivers__pwm.a(pwm_nrfx.c.obj)
 .text.pwm_nrfx_init
                0x0000000000004494       0x44 zephyr/drivers/pwm/libdrivers__pwm.a(pwm_nrfx.c.obj)
 .text.nrf_gpio_pin_port_decode
                0x00000000000044d8       0x84 zephyr/drivers/pwm/libdrivers__pwm.a(pwm_nrfx.c.obj)
 .text.uarte_nrfx_configure
                0x000000000000455c      0x164 zephyr/drivers/serial/libdrivers__serial.a(uart_nrfx_uarte.c.obj)
 .text.nrf_gpio_pin_port_decode
                0x00000000000046c0       0x84 zephyr/drivers/serial/libdrivers__serial.a(uart_nrfx_uarte.c.obj)
 .text.uarte_nrfx_poll_out
                0x0000000000004744       0x94 zephyr/drivers/serial/libdrivers__serial.a(uart_nrfx_uarte.c.obj)
 .text.uarte_instance_init.isra.0
                0x00000000000047d8      0x198 zephyr/drivers/serial/libdrivers__serial.a(uart_nrfx_uarte.c.obj)
 .text.sys_clock_timeout_handler
                0x0000000000004970       0x78 zephyr/drivers/timer/libdrivers__timer.a(nrf_rtc_timer.c.obj)
 .text.compare_int_lock
                0x00000000000049e8       0x50 zephyr/drivers/timer/libdrivers__timer.a(nrf_rtc_timer.c.obj)
 .text.compare_int_unlock.part.0
                0x0000000000004a38       0x5c zephyr/drivers/timer/libdrivers__timer.a(nrf_rtc_timer.c.obj)
 .text.z_nrf_rtc_timer_read
                0x0000000000004a94       0x44 zephyr/drivers/timer/libdrivers__timer.a(nrf_rtc_timer.c.obj)
                0x0000000000004a94                z_nrf_rtc_timer_read
 .text.compare_set
                0x0000000000004ad8      0x154 zephyr/drivers/timer/libdrivers__timer.a(nrf_rtc_timer.c.obj)
 .text.sys_clock_driver_init
                0x0000000000004c2c       0x84 zephyr/drivers/timer/libdrivers__timer.a(nrf_rtc_timer.c.obj)
 .text.rtc_nrf_isr
                0x0000000000004cb0       0xf0 zephyr/drivers/timer/libdrivers__timer.a(nrf_rtc_timer.c.obj)
                0x0000000000004cb0                rtc_nrf_isr
 .text.sys_clock_set_timeout
                0x0000000000004da0       0x60 zephyr/drivers/timer/libdrivers__timer.a(nrf_rtc_timer.c.obj)
                0x0000000000004da0                sys_clock_set_timeout
 .text.sys_clock_elapsed
                0x0000000000004e00       0x14 zephyr/drivers/timer/libdrivers__timer.a(nrf_rtc_timer.c.obj)
                0x0000000000004e00                sys_clock_elapsed
 .text.nrf_clock_is_running.constprop.0
                0x0000000000004e14       0x68 modules/hal_nordic/nrfx/libmodules__hal_nordic__nrfx.a(nrfx_clock.c.obj)
 .text.nrfx_clock_init
                0x0000000000004e7c       0x48 modules/hal_nordic/nrfx/libmodules__hal_nordic__nrfx.a(nrfx_clock.c.obj)
                0x0000000000004e7c                nrfx_clock_init
 .text.nrfx_clock_enable
                0x0000000000004ec4       0x40 modules/hal_nordic/nrfx/libmodules__hal_nordic__nrfx.a(nrfx_clock.c.obj)
                0x0000000000004ec4                nrfx_clock_enable
 .text.nrfx_clock_start
                0x0000000000004f04       0xa8 modules/hal_nordic/nrfx/libmodules__hal_nordic__nrfx.a(nrfx_clock.c.obj)
                0x0000000000004f04                nrfx_clock_start
 .text.nrfx_clock_stop
                0x0000000000004fac       0xdc modules/hal_nordic/nrfx/libmodules__hal_nordic__nrfx.a(nrfx_clock.c.obj)
                0x0000000000004fac                nrfx_clock_stop
 .text.nrfx_power_clock_irq_handler
                0x0000000000005088       0x68 modules/hal_nordic/nrfx/libmodules__hal_nordic__nrfx.a(nrfx_clock.c.obj)
                0x0000000000005088                nrfx_power_clock_irq_handler
 .text.nrfx_flag32_alloc
                0x00000000000050f0       0x48 modules/hal_nordic/nrfx/libmodules__hal_nordic__nrfx.a(nrfx_flag32_allocator.c.obj)
                0x00000000000050f0                nrfx_flag32_alloc
 .text.nrfx_flag32_free
                0x0000000000005138       0x44 modules/hal_nordic/nrfx/libmodules__hal_nordic__nrfx.a(nrfx_flag32_allocator.c.obj)
                0x0000000000005138                nrfx_flag32_free
 .text.pin_is_task_output
                0x000000000000517c       0x1c modules/hal_nordic/nrfx/libmodules__hal_nordic__nrfx.a(nrfx_gpiote.c.obj)
 .text.call_handler
                0x0000000000005198       0x3c modules/hal_nordic/nrfx/libmodules__hal_nordic__nrfx.a(nrfx_gpiote.c.obj)
 .text.release_handler
                0x00000000000051d4       0x80 modules/hal_nordic/nrfx/libmodules__hal_nordic__nrfx.a(nrfx_gpiote.c.obj)
 .text.pin_handler_trigger_uninit
                0x0000000000005254       0x34 modules/hal_nordic/nrfx/libmodules__hal_nordic__nrfx.a(nrfx_gpiote.c.obj)
 .text.nrf_gpio_pin_port_decode
                0x0000000000005288       0x6c modules/hal_nordic/nrfx/libmodules__hal_nordic__nrfx.a(nrfx_gpiote.c.obj)
 .text.nrfx_gpiote_input_configure
                0x00000000000052f4      0x150 modules/hal_nordic/nrfx/libmodules__hal_nordic__nrfx.a(nrfx_gpiote.c.obj)
                0x00000000000052f4                nrfx_gpiote_input_configure
 .text.nrfx_gpiote_output_configure
                0x0000000000005444       0xe0 modules/hal_nordic/nrfx/libmodules__hal_nordic__nrfx.a(nrfx_gpiote.c.obj)
                0x0000000000005444                nrfx_gpiote_output_configure
 .text.nrfx_gpiote_global_callback_set
                0x0000000000005524        0xc modules/hal_nordic/nrfx/libmodules__hal_nordic__nrfx.a(nrfx_gpiote.c.obj)
                0x0000000000005524                nrfx_gpiote_global_callback_set
 .text.nrfx_gpiote_channel_get
                0x0000000000005530       0x50 modules/hal_nordic/nrfx/libmodules__hal_nordic__nrfx.a(nrfx_gpiote.c.obj)
                0x0000000000005530                nrfx_gpiote_channel_get
 .text.nrfx_gpiote_init
                0x0000000000005580       0x50 modules/hal_nordic/nrfx/libmodules__hal_nordic__nrfx.a(nrfx_gpiote.c.obj)
                0x0000000000005580                nrfx_gpiote_init
 .text.nrfx_gpiote_is_init
                0x00000000000055d0       0x14 modules/hal_nordic/nrfx/libmodules__hal_nordic__nrfx.a(nrfx_gpiote.c.obj)
                0x00000000000055d0                nrfx_gpiote_is_init
 .text.nrfx_gpiote_channel_free
                0x00000000000055e4        0xc modules/hal_nordic/nrfx/libmodules__hal_nordic__nrfx.a(nrfx_gpiote.c.obj)
                0x00000000000055e4                nrfx_gpiote_channel_free
 .text.nrfx_gpiote_channel_alloc
                0x00000000000055f0        0xc modules/hal_nordic/nrfx/libmodules__hal_nordic__nrfx.a(nrfx_gpiote.c.obj)
                0x00000000000055f0                nrfx_gpiote_channel_alloc
 .text.nrfx_gpiote_trigger_enable
                0x00000000000055fc       0xe0 modules/hal_nordic/nrfx/libmodules__hal_nordic__nrfx.a(nrfx_gpiote.c.obj)
                0x00000000000055fc                nrfx_gpiote_trigger_enable
 .text.nrfx_gpiote_trigger_disable
                0x00000000000056dc       0x44 modules/hal_nordic/nrfx/libmodules__hal_nordic__nrfx.a(nrfx_gpiote.c.obj)
                0x00000000000056dc                nrfx_gpiote_trigger_disable
 .text.nrfx_gpiote_pin_uninit
                0x0000000000005720       0x48 modules/hal_nordic/nrfx/libmodules__hal_nordic__nrfx.a(nrfx_gpiote.c.obj)
                0x0000000000005720                nrfx_gpiote_pin_uninit
 .text.nrfx_gpiote_irq_handler
                0x0000000000005768      0x1b4 modules/hal_nordic/nrfx/libmodules__hal_nordic__nrfx.a(nrfx_gpiote.c.obj)
                0x0000000000005768                nrfx_gpiote_irq_handler
 .text.nrfx_ppi_channel_alloc
                0x000000000000591c        0xc modules/hal_nordic/nrfx/libmodules__hal_nordic__nrfx.a(nrfx_ppi.c.obj)
                0x000000000000591c                nrfx_ppi_channel_alloc
 .text.nrf_pwm_sequence_set
                0x0000000000005928       0xf8 modules/hal_nordic/nrfx/libmodules__hal_nordic__nrfx.a(nrfx_pwm.c.obj)
 .text.nrf_gpio_pin_port_decode
                0x0000000000005a20       0x84 modules/hal_nordic/nrfx/libmodules__hal_nordic__nrfx.a(nrfx_pwm.c.obj)
 .text.nrfx_pwm_init
                0x0000000000005aa4      0x198 modules/hal_nordic/nrfx/libmodules__hal_nordic__nrfx.a(nrfx_pwm.c.obj)
                0x0000000000005aa4                nrfx_pwm_init
 .text.nrfx_pwm_simple_playback
                0x0000000000005c3c       0xe8 modules/hal_nordic/nrfx/libmodules__hal_nordic__nrfx.a(nrfx_pwm.c.obj)
                0x0000000000005c3c                nrfx_pwm_simple_playback
 .text.nrfx_pwm_is_stopped
                0x0000000000005d24       0x5c modules/hal_nordic/nrfx/libmodules__hal_nordic__nrfx.a(nrfx_pwm.c.obj)
                0x0000000000005d24                nrfx_pwm_is_stopped
 .text.nrfx_pwm_stop
                0x0000000000005d80       0x64 modules/hal_nordic/nrfx/libmodules__hal_nordic__nrfx.a(nrfx_pwm.c.obj)
                0x0000000000005d80                nrfx_pwm_stop
 .text.nrf52_errata_36
                0x0000000000005de4       0x14 modules/hal_nordic/nrfx/libmodules__hal_nordic__nrfx.a(system_nrf52840.c.obj)
 .text.nrf52_errata_98
                0x0000000000005df8       0x28 modules/hal_nordic/nrfx/libmodules__hal_nordic__nrfx.a(system_nrf52840.c.obj)
 .text.nvmc_wait
                0x0000000000005e20       0x10 modules/hal_nordic/nrfx/libmodules__hal_nordic__nrfx.a(system_nrf52840.c.obj)
                0x0000000000005e20                nvmc_wait
 .text.SystemInit
                0x0000000000005e30      0x1d0 modules/hal_nordic/nrfx/libmodules__hal_nordic__nrfx.a(system_nrf52840.c.obj)
                0x0000000000005e30                SystemInit
 .text.z_sys_init_run_level
                0x0000000000006000       0x40 zephyr/kernel/libkernel.a(device.c.obj)
                0x0000000000006000                z_sys_init_run_level
 .text.z_impl_device_get_binding
                0x0000000000006040       0x58 zephyr/kernel/libkernel.a(device.c.obj)
                0x0000000000006040                z_impl_device_get_binding
 .text.z_impl_z_errno
                0x0000000000006098        0xc zephyr/kernel/libkernel.a(errno.c.obj)
                0x0000000000006098                z_impl_z_errno
 .text.z_fatal_error
                0x00000000000060a4       0x64 zephyr/kernel/libkernel.a(fatal.c.obj)
                0x00000000000060a4                z_fatal_error
 .text.idle     0x0000000000006108       0x58 zephyr/kernel/libkernel.a(idle.c.obj)
                0x0000000000006108                idle
 .text.init_idle_thread
                0x0000000000006160       0x58 zephyr/kernel/libkernel.a(init.c.obj)
 .text.bg_thread_main
                0x00000000000061b8       0x34 zephyr/kernel/libkernel.a(init.c.obj)
 .text.z_bss_zero
                0x00000000000061ec       0x14 zephyr/kernel/libkernel.a(init.c.obj)
                0x00000000000061ec                z_bss_zero
 .text.z_cstart
                0x0000000000006200       0xe4 zephyr/kernel/libkernel.a(init.c.obj)
                0x0000000000006200                z_cstart
 .text.init_mem_slab_module
                0x00000000000062e4       0x78 zephyr/kernel/libkernel.a(mem_slab.c.obj)
 .text.k_mem_slab_alloc
                0x000000000000635c       0xd8 zephyr/kernel/libkernel.a(mem_slab.c.obj)
                0x000000000000635c                k_mem_slab_alloc
 .text.k_mem_slab_free
                0x0000000000006434       0xc8 zephyr/kernel/libkernel.a(mem_slab.c.obj)
                0x0000000000006434                k_mem_slab_free
 .text.z_impl_k_mutex_lock
                0x00000000000064fc      0x200 zephyr/kernel/libkernel.a(mutex.c.obj)
                0x00000000000064fc                z_impl_k_mutex_lock
 .text.z_impl_k_mutex_unlock
                0x00000000000066fc      0x190 zephyr/kernel/libkernel.a(mutex.c.obj)
                0x00000000000066fc                z_impl_k_mutex_unlock
 .text.signal_poll_event
                0x000000000000688c       0xec zephyr/kernel/libkernel.a(poll.c.obj)
 .text.z_impl_k_poll_signal_raise
                0x0000000000006978       0xb8 zephyr/kernel/libkernel.a(poll.c.obj)
                0x0000000000006978                z_impl_k_poll_signal_raise
 .text.z_reset_time_slice
                0x0000000000006a30       0x2c zephyr/kernel/libkernel.a(sched.c.obj)
                0x0000000000006a30                z_reset_time_slice
 .text.k_sched_time_slice_set
                0x0000000000006a5c       0xcc zephyr/kernel/libkernel.a(sched.c.obj)
                0x0000000000006a5c                k_sched_time_slice_set
 .text.z_unpend_thread_no_timeout
                0x0000000000006b28       0x90 zephyr/kernel/libkernel.a(sched.c.obj)
                0x0000000000006b28                z_unpend_thread_no_timeout
 .text.z_reschedule
                0x0000000000006bb8       0x88 zephyr/kernel/libkernel.a(sched.c.obj)
                0x0000000000006bb8                z_reschedule
 .text.k_sched_lock
                0x0000000000006c40       0xe8 zephyr/kernel/libkernel.a(sched.c.obj)
                0x0000000000006c40                k_sched_lock
 .text.z_priq_dumb_remove
                0x0000000000006d28       0x44 zephyr/kernel/libkernel.a(sched.c.obj)
                0x0000000000006d28                z_priq_dumb_remove
 .text.unpend_thread_no_timeout
                0x0000000000006d6c       0x44 zephyr/kernel/libkernel.a(sched.c.obj)
 .text.z_unpend_thread
                0x0000000000006db0       0x98 zephyr/kernel/libkernel.a(sched.c.obj)
                0x0000000000006db0                z_unpend_thread
 .text.update_cache
                0x0000000000006e48       0x70 zephyr/kernel/libkernel.a(sched.c.obj)
 .text.move_thread_to_end_of_prio_q
                0x0000000000006eb8       0xac zephyr/kernel/libkernel.a(sched.c.obj)
 .text.z_time_slice
                0x0000000000006f64       0xf0 zephyr/kernel/libkernel.a(sched.c.obj)
                0x0000000000006f64                z_time_slice
 .text.ready_thread
                0x0000000000007054       0xa4 zephyr/kernel/libkernel.a(sched.c.obj)
 .text.z_ready_thread
                0x00000000000070f8       0x90 zephyr/kernel/libkernel.a(sched.c.obj)
                0x00000000000070f8                z_ready_thread
 .text.z_sched_start
                0x0000000000007188       0xa8 zephyr/kernel/libkernel.a(sched.c.obj)
                0x0000000000007188                z_sched_start
 .text.z_thread_timeout
                0x0000000000007230       0xb4 zephyr/kernel/libkernel.a(sched.c.obj)
                0x0000000000007230                z_thread_timeout
 .text.unready_thread
                0x00000000000072e4       0x38 zephyr/kernel/libkernel.a(sched.c.obj)
 .text.add_to_waitq_locked
                0x000000000000731c       0x84 zephyr/kernel/libkernel.a(sched.c.obj)
 .text.pend     0x00000000000073a0       0xbc zephyr/kernel/libkernel.a(sched.c.obj)
 .text.z_pend_curr
                0x000000000000745c       0x60 zephyr/kernel/libkernel.a(sched.c.obj)
                0x000000000000745c                z_pend_curr
 .text.z_set_prio
                0x00000000000074bc      0x138 zephyr/kernel/libkernel.a(sched.c.obj)
                0x00000000000074bc                z_set_prio
 .text.z_impl_k_thread_suspend
                0x00000000000075f4       0xd4 zephyr/kernel/libkernel.a(sched.c.obj)
                0x00000000000075f4                z_impl_k_thread_suspend
 .text.k_sched_unlock
                0x00000000000076c8       0xf8 zephyr/kernel/libkernel.a(sched.c.obj)
                0x00000000000076c8                k_sched_unlock
 .text.z_unpend1_no_timeout
                0x00000000000077c0       0x98 zephyr/kernel/libkernel.a(sched.c.obj)
                0x00000000000077c0                z_unpend1_no_timeout
 .text.z_unpend_first_thread
                0x0000000000007858       0xa0 zephyr/kernel/libkernel.a(sched.c.obj)
                0x0000000000007858                z_unpend_first_thread
 .text.z_sched_init
                0x00000000000078f8       0x18 zephyr/kernel/libkernel.a(sched.c.obj)
                0x00000000000078f8                z_sched_init
 .text.z_impl_k_yield
                0x0000000000007910      0x148 zephyr/kernel/libkernel.a(sched.c.obj)
                0x0000000000007910                z_impl_k_yield
 .text.z_tick_sleep
                0x0000000000007a58      0x15c zephyr/kernel/libkernel.a(sched.c.obj)
 .text.z_impl_k_sleep
                0x0000000000007bb4       0x70 zephyr/kernel/libkernel.a(sched.c.obj)
                0x0000000000007bb4                z_impl_k_sleep
 .text.z_impl_z_current_get
                0x0000000000007c24        0xc zephyr/kernel/libkernel.a(sched.c.obj)
                0x0000000000007c24                z_impl_z_current_get
 .text.z_impl_k_is_preempt_thread
                0x0000000000007c30       0x20 zephyr/kernel/libkernel.a(sched.c.obj)
                0x0000000000007c30                z_impl_k_is_preempt_thread
 .text.z_thread_abort
                0x0000000000007c50      0x168 zephyr/kernel/libkernel.a(sched.c.obj)
                0x0000000000007c50                z_thread_abort
 .text.z_sched_wake
                0x0000000000007db8       0xb0 zephyr/kernel/libkernel.a(sched.c.obj)
                0x0000000000007db8                z_sched_wake
 .text.z_sched_wait
                0x0000000000007e68       0x24 zephyr/kernel/libkernel.a(sched.c.obj)
                0x0000000000007e68                z_sched_wait
 .text.z_impl_k_sem_give
                0x0000000000007e8c       0x88 zephyr/kernel/libkernel.a(sem.c.obj)
                0x0000000000007e8c                z_impl_k_sem_give
 .text.z_impl_k_sem_take
                0x0000000000007f14      0x114 zephyr/kernel/libkernel.a(sem.c.obj)
                0x0000000000007f14                z_impl_k_sem_take
 .text.k_sys_work_q_init
                0x0000000000008028       0x34 zephyr/kernel/libkernel.a(system_work_q.c.obj)
 .text.z_setup_new_thread
                0x000000000000805c       0xc8 zephyr/kernel/libkernel.a(thread.c.obj)
                0x000000000000805c                z_setup_new_thread
 .text.z_impl_k_thread_create
                0x0000000000008124       0x9c zephyr/kernel/libkernel.a(thread.c.obj)
                0x0000000000008124                z_impl_k_thread_create
 .text.z_init_static_threads
                0x00000000000081c0      0x120 zephyr/kernel/libkernel.a(thread.c.obj)
                0x00000000000081c0                z_init_static_threads
 .text.z_spin_lock_valid
                0x00000000000082e0       0x1c zephyr/kernel/libkernel.a(thread.c.obj)
                0x00000000000082e0                z_spin_lock_valid
 .text.z_spin_unlock_valid
                0x00000000000082fc       0x20 zephyr/kernel/libkernel.a(thread.c.obj)
                0x00000000000082fc                z_spin_unlock_valid
 .text.z_spin_lock_set_owner
                0x000000000000831c       0x10 zephyr/kernel/libkernel.a(thread.c.obj)
                0x000000000000831c                z_spin_lock_set_owner
 .text.elapsed  0x000000000000832c       0x14 zephyr/kernel/libkernel.a(timeout.c.obj)
 .text.next_timeout
                0x0000000000008340       0x58 zephyr/kernel/libkernel.a(timeout.c.obj)
 .text.remove_timeout
                0x0000000000008398       0x34 zephyr/kernel/libkernel.a(timeout.c.obj)
 .text.z_add_timeout
                0x00000000000083cc      0x1a8 zephyr/kernel/libkernel.a(timeout.c.obj)
                0x00000000000083cc                z_add_timeout
 .text.z_abort_timeout
                0x0000000000008574       0x9c zephyr/kernel/libkernel.a(timeout.c.obj)
                0x0000000000008574                z_abort_timeout
 .text.z_get_next_timeout_expiry
                0x0000000000008610       0x90 zephyr/kernel/libkernel.a(timeout.c.obj)
                0x0000000000008610                z_get_next_timeout_expiry
 .text.z_set_timeout_expiry
                0x00000000000086a0       0xa0 zephyr/kernel/libkernel.a(timeout.c.obj)
                0x00000000000086a0                z_set_timeout_expiry
 .text.sys_clock_announce
                0x0000000000008740      0x198 zephyr/kernel/libkernel.a(timeout.c.obj)
                0x0000000000008740                sys_clock_announce
 .text.sys_clock_tick_get
                0x00000000000088d8       0xa0 zephyr/kernel/libkernel.a(timeout.c.obj)
                0x00000000000088d8                sys_clock_tick_get
 .text.z_timer_expiration_handler
                0x0000000000008978      0x168 zephyr/kernel/libkernel.a(timer.c.obj)
                0x0000000000008978                z_timer_expiration_handler
 .text.z_impl_k_timer_start
                0x0000000000008ae0       0xc0 zephyr/kernel/libkernel.a(timer.c.obj)
                0x0000000000008ae0                z_impl_k_timer_start
 .text.work_queue_main
                0x0000000000008ba0      0x228 zephyr/kernel/libkernel.a(work.c.obj)
 .text.submit_to_queue_locked
                0x0000000000008dc8       0xc8 zephyr/kernel/libkernel.a(work.c.obj)
 .text.k_work_submit_to_queue
                0x0000000000008e90       0xc8 zephyr/kernel/libkernel.a(work.c.obj)
                0x0000000000008e90                k_work_submit_to_queue
 .text.k_work_queue_start
                0x0000000000008f58       0xe4 zephyr/kernel/libkernel.a(work.c.obj)
                0x0000000000008f58                k_work_queue_start
 .text.z_data_copy
                0x000000000000903c       0x34 zephyr/kernel/libkernel.a(xip.c.obj)
                0x000000000000903c                z_data_copy
 .text.boot_banner
                0x0000000000009070       0x18 zephyr/kernel/libkernel.a(banner.c.obj)
                0x0000000000009070                boot_banner
 .text.statics_init
                0x0000000000009088       0x58 zephyr/kernel/libkernel.a(kheap.c.obj)
 .text.nrf_cc3xx_platform_init_no_rng
                0x00000000000090e0       0x38 /home/giacomo/ncs/nrfxlib/crypto/nrf_cc310_platform/lib/cortex-m4/soft-float/no-interrupts/libnrf_cc310_platform_0.9.13.a(nrf_cc3xx_platform.c.obj)
                0x00000000000090e0                nrf_cc3xx_platform_init_no_rng
 .text.nrf_cc3xx_platform_abort
                0x0000000000009118       0x24 /home/giacomo/ncs/nrfxlib/crypto/nrf_cc310_platform/lib/cortex-m4/soft-float/no-interrupts/libnrf_cc310_platform_0.9.13.a(nrf_cc3xx_platform_abort.c.obj)
 .text.CC_PalAbort
                0x000000000000913c       0x40 /home/giacomo/ncs/nrfxlib/crypto/nrf_cc310_platform/lib/cortex-m4/soft-float/no-interrupts/libnrf_cc310_platform_0.9.13.a(nrf_cc3xx_platform_abort.c.obj)
                0x000000000000913c                CC_PalAbort
 .text.nrf_cc3xx_platform_set_abort
                0x000000000000917c       0x10 /home/giacomo/ncs/nrfxlib/crypto/nrf_cc310_platform/lib/cortex-m4/soft-float/no-interrupts/libnrf_cc310_platform_0.9.13.a(nrf_cc3xx_platform_abort.c.obj)
                0x000000000000917c                nrf_cc3xx_platform_set_abort
 .text.mutex_free
                0x000000000000918c       0x28 /home/giacomo/ncs/nrfxlib/crypto/nrf_cc310_platform/lib/cortex-m4/soft-float/no-interrupts/libnrf_cc310_platform_0.9.13.a(nrf_cc3xx_platform_mutex.c.obj)
 .text.mutex_unlock
                0x00000000000091b4       0x2c /home/giacomo/ncs/nrfxlib/crypto/nrf_cc310_platform/lib/cortex-m4/soft-float/no-interrupts/libnrf_cc310_platform_0.9.13.a(nrf_cc3xx_platform_mutex.c.obj)
 .text.mutex_init
                0x00000000000091e0       0x1c /home/giacomo/ncs/nrfxlib/crypto/nrf_cc310_platform/lib/cortex-m4/soft-float/no-interrupts/libnrf_cc310_platform_0.9.13.a(nrf_cc3xx_platform_mutex.c.obj)
 .text.mutex_lock
                0x00000000000091fc       0x44 /home/giacomo/ncs/nrfxlib/crypto/nrf_cc310_platform/lib/cortex-m4/soft-float/no-interrupts/libnrf_cc310_platform_0.9.13.a(nrf_cc3xx_platform_mutex.c.obj)
 .text.nrf_cc3xx_platform_set_mutexes
                0x0000000000009240       0x60 /home/giacomo/ncs/nrfxlib/crypto/nrf_cc310_platform/lib/cortex-m4/soft-float/no-interrupts/libnrf_cc310_platform_0.9.13.a(nrf_cc3xx_platform_mutex.c.obj)
                0x0000000000009240                nrf_cc3xx_platform_set_mutexes
 .text.CC_LibInitNoRng
                0x00000000000092a0       0x6c /home/giacomo/ncs/nrfxlib/crypto/nrf_cc310_platform/lib/cortex-m4/soft-float/no-interrupts/libnrf_cc310_platform_0.9.13.a(cc_lib.c.obj)
                0x00000000000092a0                CC_LibInitNoRng
 .text.CC_HalInit
                0x000000000000930c        0x4 /home/giacomo/ncs/nrfxlib/crypto/nrf_cc310_platform/lib/cortex-m4/soft-float/no-interrupts/libnrf_cc310_platform_0.9.13.a(cc_hal.c.obj)
                0x000000000000930c                CC_HalInit
 .text.CC_HalTerminate
                0x0000000000009310        0x4 /home/giacomo/ncs/nrfxlib/crypto/nrf_cc310_platform/lib/cortex-m4/soft-float/no-interrupts/libnrf_cc310_platform_0.9.13.a(cc_hal.c.obj)
                0x0000000000009310                CC_HalTerminate
 .text.CC_HalMaskInterrupt
                0x0000000000009314        0xc /home/giacomo/ncs/nrfxlib/crypto/nrf_cc310_platform/lib/cortex-m4/soft-float/no-interrupts/libnrf_cc310_platform_0.9.13.a(cc_hal.c.obj)
                0x0000000000009314                CC_HalMaskInterrupt
 .text.CC_PalInit
                0x0000000000009320       0x5c /home/giacomo/ncs/nrfxlib/crypto/nrf_cc310_platform/lib/cortex-m4/soft-float/no-interrupts/libnrf_cc310_platform_0.9.13.a(cc_pal.c.obj)
                0x0000000000009320                CC_PalInit
 .text.CC_PalTerminate
                0x000000000000937c       0x34 /home/giacomo/ncs/nrfxlib/crypto/nrf_cc310_platform/lib/cortex-m4/soft-float/no-interrupts/libnrf_cc310_platform_0.9.13.a(cc_pal.c.obj)
                0x000000000000937c                CC_PalTerminate
 .text.CC_PalDmaInit
                0x00000000000093b0        0x4 /home/giacomo/ncs/nrfxlib/crypto/nrf_cc310_platform/lib/cortex-m4/soft-float/no-interrupts/libnrf_cc310_platform_0.9.13.a(cc_pal_dma.c.obj)
                0x00000000000093b0                CC_PalDmaInit
 .text.CC_PalDmaTerminate
                0x00000000000093b4        0x4 /home/giacomo/ncs/nrfxlib/crypto/nrf_cc310_platform/lib/cortex-m4/soft-float/no-interrupts/libnrf_cc310_platform_0.9.13.a(cc_pal_dma.c.obj)
                0x00000000000093b4                CC_PalDmaTerminate
 .text.CC_PalMutexCreate
                0x00000000000093b8       0x14 /home/giacomo/ncs/nrfxlib/crypto/nrf_cc310_platform/lib/cortex-m4/soft-float/no-interrupts/libnrf_cc310_platform_0.9.13.a(cc_pal_mutex.c.obj)
                0x00000000000093b8                CC_PalMutexCreate
 .text.CC_PalMutexDestroy
                0x00000000000093cc       0x14 /home/giacomo/ncs/nrfxlib/crypto/nrf_cc310_platform/lib/cortex-m4/soft-float/no-interrupts/libnrf_cc310_platform_0.9.13.a(cc_pal_mutex.c.obj)
                0x00000000000093cc                CC_PalMutexDestroy
 .text.CC_PalPowerSaveModeInit
                0x00000000000093e0       0x3c /home/giacomo/ncs/nrfxlib/crypto/nrf_cc310_platform/lib/cortex-m4/soft-float/no-interrupts/libnrf_cc310_platform_0.9.13.a(cc_pal_pm.c.obj)
                0x00000000000093e0                CC_PalPowerSaveModeInit
 .text.CC_PalPowerSaveModeSelect
                0x000000000000941c       0x84 /home/giacomo/ncs/nrfxlib/crypto/nrf_cc310_platform/lib/cortex-m4/soft-float/no-interrupts/libnrf_cc310_platform_0.9.13.a(cc_pal_pm.c.obj)
                0x000000000000941c                CC_PalPowerSaveModeSelect
 .text._OffsetAbsSyms
                0x00000000000094a0        0x2 zephyr/CMakeFiles/offsets.dir/./arch/arm/core/offsets/offsets.c.obj
                0x00000000000094a0                _OffsetAbsSyms
 .text.gpio_add_callback
                0x00000000000094a2       0x10 app/libapp.a(main.c.obj)
 .text.k_sem_give
                0x00000000000094b2        0x4 app/libapp.a(main.c.obj)
 .text.k_uptime_get
                0x00000000000094b6       0x1c app/libapp.a(main.c.obj)
 .text.k_msleep
                0x00000000000094d2       0x2a app/libapp.a(main.c.obj)
 .text.k_sem_take.constprop.0
                0x00000000000094fc        0x4 app/libapp.a(main.c.obj)
 .text.k_sem_init.constprop.0
                0x0000000000009500        0x8 app/libapp.a(main.c.obj)
 .text.char2int
                0x0000000000009508        0x4 app/libapp.a(main.c.obj)
                0x0000000000009508                char2int
 .text.assert_post_action
                0x000000000000950c        0xe zephyr/libzephyr.a(assert.c.obj)
                0x000000000000950c                assert_post_action
 .text.encode_uint
                0x000000000000951a       0x96 zephyr/libzephyr.a(cbprintf_complete.c.obj)
 .text.outs     0x00000000000095b0       0x2c zephyr/libzephyr.a(cbprintf_complete.c.obj)
 .text._ConfigAbsSyms
                0x00000000000095dc        0x2 zephyr/libzephyr.a(configs.c.obj)
                0x00000000000095dc                _ConfigAbsSyms
 .text.chunk_size
                0x00000000000095de        0xa zephyr/libzephyr.a(heap.c.obj)
 .text.free_list_add
                0x00000000000095e8       0x4e zephyr/libzephyr.a(heap.c.obj)
 .text.sys_notify_validate
                0x0000000000009636       0x28 zephyr/libzephyr.a(notify.c.obj)
                0x0000000000009636                sys_notify_validate
 .text.abort_function
                0x000000000000965e        0x8 zephyr/libzephyr.a(nrf_cc3xx_platform_abort_zephyr.c.obj)
 .text.process_recheck
                0x0000000000009666       0x38 zephyr/libzephyr.a(onoff.c.obj)
 .text.notify_one
                0x000000000000969e       0x2c zephyr/libzephyr.a(onoff.c.obj)
 .text.validate_args
                0x00000000000096ca       0x1e zephyr/libzephyr.a(onoff.c.obj)
 .text.onoff_manager_init
                0x00000000000096e8       0x26 zephyr/libzephyr.a(onoff.c.obj)
                0x00000000000096e8                onoff_manager_init
 .text.arch_printk_char_out
                0x000000000000970e        0x4 zephyr/libzephyr.a(printk.c.obj)
                0x000000000000970e                arch_printk_char_out
 .text.printk   0x0000000000009712       0x1a zephyr/libzephyr.a(printk.c.obj)
                0x0000000000009712                printk
 .text.pm_policy_next_state
                0x000000000000972c        0xa zephyr/libzephyr.a(residency.c.obj)
                0x000000000000972c                pm_policy_next_state
 .text.z_thread_entry
                0x0000000000009736       0x14 zephyr/libzephyr.a(thread_entry.c.obj)
                0x0000000000009736                z_thread_entry
 .text.z_impl_uart_irq_tx_disable
                0x000000000000974a        0xa zephyr/libzephyr.a(tty.c.obj)
 .text.tty_putchar
                0x0000000000009754       0xac zephyr/libzephyr.a(tty.c.obj)
 .text.tty_uart_isr
                0x0000000000009800       0xb8 zephyr/libzephyr.a(tty.c.obj)
 .text.tty_write
                0x00000000000098b8       0x52 zephyr/libzephyr.a(tty.c.obj)
                0x00000000000098b8                tty_write
 .text.tty_read
                0x000000000000990a      0x120 zephyr/libzephyr.a(tty.c.obj)
                0x000000000000990a                tty_read
 .text.tty_set_rx_buf
                0x0000000000009a2a       0x32 zephyr/libzephyr.a(tty.c.obj)
                0x0000000000009a2a                tty_set_rx_buf
 .text.tty_set_tx_buf
                0x0000000000009a5c       0x24 zephyr/libzephyr.a(tty.c.obj)
                0x0000000000009a5c                tty_set_tx_buf
 .text.z_arm_fatal_error
                0x0000000000009a80        0x4 zephyr/arch/arch/arm/core/aarch32/libarch__arm__core__aarch32.a(fatal.c.obj)
                0x0000000000009a80                z_arm_fatal_error
 .text.z_do_kernel_oops
                0x0000000000009a84        0x8 zephyr/arch/arch/arm/core/aarch32/libarch__arm__core__aarch32.a(fatal.c.obj)
                0x0000000000009a84                z_do_kernel_oops
 .text.z_irq_spurious
                0x0000000000009a8c        0x8 zephyr/arch/arch/arm/core/aarch32/libarch__arm__core__aarch32.a(irq_manage.c.obj)
                0x0000000000009a8c                z_irq_spurious
 .text.z_arm_nmi
                0x0000000000009a94        0xe zephyr/arch/arch/arm/core/aarch32/libarch__arm__core__aarch32.a(nmi.c.obj)
                0x0000000000009a94                z_arm_nmi
 .text._stdout_hook_default
                0x0000000000009aa2        0x6 zephyr/lib/libc/minimal/liblib__libc__minimal.a(stdout_console.c.obj)
 .text.strlen   0x0000000000009aa8        0xe zephyr/lib/libc/minimal/liblib__libc__minimal.a(string.c.obj)
                0x0000000000009aa8                strlen
 .text.strnlen  0x0000000000009ab6       0x12 zephyr/lib/libc/minimal/liblib__libc__minimal.a(string.c.obj)
                0x0000000000009ab6                strnlen
 .text.strcmp   0x0000000000009ac8       0x18 zephyr/lib/libc/minimal/liblib__libc__minimal.a(string.c.obj)
                0x0000000000009ac8                strcmp
 .text.memcpy   0x0000000000009ae0       0x16 zephyr/lib/libc/minimal/liblib__libc__minimal.a(string.c.obj)
                0x0000000000009ae0                memcpy
 .text.memset   0x0000000000009af6       0x12 zephyr/lib/libc/minimal/liblib__libc__minimal.a(string.c.obj)
                0x0000000000009af6                memset
 .text.pm_power_state_set
                0x0000000000009b08       0x26 zephyr/soc/arm/nordic_nrf/nrf52/libsoc__arm__nordic_nrf__nrf52.a(power.c.obj)
                0x0000000000009b08                pm_power_state_set
 .text.pm_power_state_exit_post_ops
                0x0000000000009b2e       0x16 zephyr/soc/arm/nordic_nrf/nrf52/libsoc__arm__nordic_nrf__nrf52.a(power.c.obj)
                0x0000000000009b2e                pm_power_state_exit_post_ops
 .text.adc_context_on_timer_expired
                0x0000000000009b44       0x2e zephyr/drivers/adc/libdrivers__adc.a(adc_nrfx_saadc.c.obj)
 .text.set_starting_state
                0x0000000000009b72       0x3c zephyr/drivers/clock_control/libdrivers__clock_control.a(clock_control_nrf.c.obj)
 .text.set_on_state
                0x0000000000009bae       0x26 zephyr/drivers/clock_control/libdrivers__clock_control.a(clock_control_nrf.c.obj)
 .text.onoff_started_callback
                0x0000000000009bd4        0xc zephyr/drivers/clock_control/libdrivers__clock_control.a(clock_control_nrf.c.obj)
 .text.lfclk_start
                0x0000000000009be0        0x6 zephyr/drivers/clock_control/libdrivers__clock_control.a(clock_control_nrf.c.obj)
 .text.lfclk_stop
                0x0000000000009be6        0x6 zephyr/drivers/clock_control/libdrivers__clock_control.a(clock_control_nrf.c.obj)
 .text.api_stop
                0x0000000000009bec        0x6 zephyr/drivers/clock_control/libdrivers__clock_control.a(clock_control_nrf.c.obj)
 .text.blocking_start_callback
                0x0000000000009bf2        0x6 zephyr/drivers/clock_control/libdrivers__clock_control.a(clock_control_nrf.c.obj)
 .text.api_start
                0x0000000000009bf8       0x36 zephyr/drivers/clock_control/libdrivers__clock_control.a(clock_control_nrf.c.obj)
 .text.uart_poll_out
                0x0000000000009c2e        0x6 zephyr/drivers/console/libdrivers__console.a(uart_console.c.obj)
 .text.debug_hook_out_nop
                0x0000000000009c34        0x4 zephyr/drivers/console/libdrivers__console.a(uart_console.c.obj)
 .text.gpio_nrfx_port_get_raw
                0x0000000000009c38        0xe zephyr/drivers/gpio/libdrivers__gpio.a(gpio_nrfx.c.obj)
 .text.gpio_nrfx_port_set_masked_raw
                0x0000000000009c46       0x16 zephyr/drivers/gpio/libdrivers__gpio.a(gpio_nrfx.c.obj)
 .text.gpio_nrfx_port_set_bits_raw
                0x0000000000009c5c        0xc zephyr/drivers/gpio/libdrivers__gpio.a(gpio_nrfx.c.obj)
 .text.gpio_nrfx_port_clear_bits_raw
                0x0000000000009c68        0xc zephyr/drivers/gpio/libdrivers__gpio.a(gpio_nrfx.c.obj)
 .text.gpio_nrfx_port_toggle_bits
                0x0000000000009c74       0x12 zephyr/drivers/gpio/libdrivers__gpio.a(gpio_nrfx.c.obj)
 .text.any_other_channel_is_active
                0x0000000000009c86       0x2a zephyr/drivers/pwm/libdrivers__pwm.a(pwm_nrfx.c.obj)
 .text.pwm_nrfx_pin_set
                0x0000000000009cb0      0x170 zephyr/drivers/pwm/libdrivers__pwm.a(pwm_nrfx.c.obj)
 .text.uarte_nrfx_isr_int
                0x0000000000009e20       0xbc zephyr/drivers/serial/libdrivers__serial.a(uart_nrfx_uarte.c.obj)
 .text.uarte_nrfx_config_get
                0x0000000000009edc       0x10 zephyr/drivers/serial/libdrivers__serial.a(uart_nrfx_uarte.c.obj)
 .text.uarte_nrfx_err_check
                0x0000000000009eec        0xe zephyr/drivers/serial/libdrivers__serial.a(uart_nrfx_uarte.c.obj)
 .text.is_tx_ready
                0x0000000000009efa       0x20 zephyr/drivers/serial/libdrivers__serial.a(uart_nrfx_uarte.c.obj)
 .text.uarte_nrfx_poll_in
                0x0000000000009f1a       0x26 zephyr/drivers/serial/libdrivers__serial.a(uart_nrfx_uarte.c.obj)
 .text.uarte_nrfx_fifo_read
                0x0000000000009f40       0x2c zephyr/drivers/serial/libdrivers__serial.a(uart_nrfx_uarte.c.obj)
 .text.uarte_nrfx_irq_tx_enable
                0x0000000000009f6c       0x2e zephyr/drivers/serial/libdrivers__serial.a(uart_nrfx_uarte.c.obj)
 .text.uarte_nrfx_irq_tx_disable
                0x0000000000009f9a        0xa zephyr/drivers/serial/libdrivers__serial.a(uart_nrfx_uarte.c.obj)
 .text.uarte_nrfx_irq_tx_ready_complete
                0x0000000000009fa4       0x2a zephyr/drivers/serial/libdrivers__serial.a(uart_nrfx_uarte.c.obj)
 .text.uarte_nrfx_irq_rx_ready
                0x0000000000009fce       0x10 zephyr/drivers/serial/libdrivers__serial.a(uart_nrfx_uarte.c.obj)
 .text.uarte_nrfx_irq_rx_enable
                0x0000000000009fde        0xc zephyr/drivers/serial/libdrivers__serial.a(uart_nrfx_uarte.c.obj)
 .text.uarte_nrfx_irq_rx_disable
                0x0000000000009fea        0xc zephyr/drivers/serial/libdrivers__serial.a(uart_nrfx_uarte.c.obj)
 .text.uarte_nrfx_irq_err_enable
                0x0000000000009ff6        0xe zephyr/drivers/serial/libdrivers__serial.a(uart_nrfx_uarte.c.obj)
 .text.uarte_nrfx_irq_err_disable
                0x000000000000a004        0xe zephyr/drivers/serial/libdrivers__serial.a(uart_nrfx_uarte.c.obj)
 .text.uarte_nrfx_irq_update
                0x000000000000a012        0x4 zephyr/drivers/serial/libdrivers__serial.a(uart_nrfx_uarte.c.obj)
 .text.uarte_nrfx_irq_callback_set
                0x000000000000a016        0xa zephyr/drivers/serial/libdrivers__serial.a(uart_nrfx_uarte.c.obj)
 .text.tx_start
                0x000000000000a020       0x38 zephyr/drivers/serial/libdrivers__serial.a(uart_nrfx_uarte.c.obj)
 .text.uarte_nrfx_fifo_fill
                0x000000000000a058       0x80 zephyr/drivers/serial/libdrivers__serial.a(uart_nrfx_uarte.c.obj)
 .text.uarte_nrfx_irq_is_pending
                0x000000000000a0d8       0x36 zephyr/drivers/serial/libdrivers__serial.a(uart_nrfx_uarte.c.obj)
 .text.uarte_0_init
                0x000000000000a10e       0x1e zephyr/drivers/serial/libdrivers__serial.a(uart_nrfx_uarte.c.obj)
 .text.uarte_1_init
                0x000000000000a12c       0x1e zephyr/drivers/serial/libdrivers__serial.a(uart_nrfx_uarte.c.obj)
 .text.sys_clock_idle_exit
                0x000000000000a14a        0x2 zephyr/drivers/timer/libdrivers__timer.a(sys_clock_init.c.obj)
                0x000000000000a14a                sys_clock_idle_exit
 .text.k_sys_fatal_error_handler
                0x000000000000a14c        0x8 modules/nrf/lib/fatal_error/lib..__nrf__lib__fatal_error.a(fatal_error.c.obj)
                0x000000000000a14c                k_sys_fatal_error_handler
 .text.hw_cc3xx_init_internal
                0x000000000000a154        0x4 modules/nrf/drivers/hw_cc310/lib..__nrf__drivers__hw_cc310.a(hw_cc310.c.obj)
 .text.hw_cc3xx_init
                0x000000000000a158       0x12 modules/nrf/drivers/hw_cc310/lib..__nrf__drivers__hw_cc310.a(hw_cc310.c.obj)
 .text.nrfx_isr
                0x000000000000a16a        0x2 modules/hal_nordic/nrfx/libmodules__hal_nordic__nrfx.a(nrfx_glue.c.obj)
                0x000000000000a16a                nrfx_isr
 .text.nrfx_busy_wait
                0x000000000000a16c        0x4 modules/hal_nordic/nrfx/libmodules__hal_nordic__nrfx.a(nrfx_glue.c.obj)
                0x000000000000a16c                nrfx_busy_wait
 .text.nrf_gpio_pin_present_check
                0x000000000000a170       0x22 modules/hal_nordic/nrfx/libmodules__hal_nordic__nrfx.a(nrfx_gpiote.c.obj)
 .text.nrf_gpiote_in_event_get
                0x000000000000a192        0x8 modules/hal_nordic/nrfx/libmodules__hal_nordic__nrfx.a(nrfx_gpiote.c.obj)
 .text.nrf_gpio_reconfigure
                0x000000000000a19a       0x96 modules/hal_nordic/nrfx/libmodules__hal_nordic__nrfx.a(nrfx_gpiote.c.obj)
 .text.nrf_gpio_cfg_sense_set
                0x000000000000a230       0x1e modules/hal_nordic/nrfx/libmodules__hal_nordic__nrfx.a(nrfx_gpiote.c.obj)
 .text.start_playback.isra.0
                0x000000000000a24e       0x46 modules/hal_nordic/nrfx/libmodules__hal_nordic__nrfx.a(nrfx_pwm.c.obj)
 .text.z_device_state_init
                0x000000000000a294        0x2 zephyr/kernel/libkernel.a(device.c.obj)
                0x000000000000a294                z_device_state_init
 .text.z_device_ready
                0x000000000000a296       0x14 zephyr/kernel/libkernel.a(device.c.obj)
                0x000000000000a296                z_device_ready
 .text.z_pm_save_idle_exit
                0x000000000000a2aa        0xe zephyr/kernel/libkernel.a(idle.c.obj)
                0x000000000000a2aa                z_pm_save_idle_exit
 .text.k_mem_slab_init
                0x000000000000a2b8       0x38 zephyr/kernel/libkernel.a(mem_slab.c.obj)
                0x000000000000a2b8                k_mem_slab_init
 .text.z_impl_k_mutex_init
                0x000000000000a2f0        0xe zephyr/kernel/libkernel.a(mutex.c.obj)
                0x000000000000a2f0                z_impl_k_mutex_init
 .text.z_handle_obj_poll_events
                0x000000000000a2fe       0x1c zephyr/kernel/libkernel.a(poll.c.obj)
                0x000000000000a2fe                z_handle_obj_poll_events
 .text.z_reschedule_irqlock
                0x000000000000a31a       0x18 zephyr/kernel/libkernel.a(sched.c.obj)
                0x000000000000a31a                z_reschedule_irqlock
 .text.z_reschedule_unlocked
                0x000000000000a332       0x14 zephyr/kernel/libkernel.a(sched.c.obj)
 .text.z_priq_dumb_best
                0x000000000000a346       0x14 zephyr/kernel/libkernel.a(sched.c.obj)
                0x000000000000a346                z_priq_dumb_best
 .text.z_impl_k_sem_init
                0x000000000000a35a       0x20 zephyr/kernel/libkernel.a(sem.c.obj)
                0x000000000000a35a                z_impl_k_sem_init
 .text.k_is_in_isr
                0x000000000000a37a        0xc zephyr/kernel/libkernel.a(thread.c.obj)
                0x000000000000a37a                k_is_in_isr
 .text.z_impl_k_thread_name_set
                0x000000000000a386        0x6 zephyr/kernel/libkernel.a(thread.c.obj)
                0x000000000000a386                z_impl_k_thread_name_set
 .text.z_impl_k_thread_start
                0x000000000000a38c        0x4 zephyr/kernel/libkernel.a(thread.c.obj)
                0x000000000000a38c                z_impl_k_thread_start
 .text.sys_clock_tick_get_32
                0x000000000000a390        0x8 zephyr/kernel/libkernel.a(timeout.c.obj)
                0x000000000000a390                sys_clock_tick_get_32
 .text.z_impl_k_uptime_ticks
                0x000000000000a398        0x4 zephyr/kernel/libkernel.a(timeout.c.obj)
                0x000000000000a398                z_impl_k_uptime_ticks
 .text.z_impl_k_busy_wait
                0x000000000000a39c        0x8 zephyr/kernel/libkernel.a(timeout.c.obj)
                0x000000000000a39c                z_impl_k_busy_wait
 .text.z_impl_k_timer_stop
                0x000000000000a3a4       0x3a zephyr/kernel/libkernel.a(timer.c.obj)
                0x000000000000a3a4                z_impl_k_timer_stop
 .text.notify_queue_locked
                0x000000000000a3de        0xe zephyr/kernel/libkernel.a(work.c.obj)
 .text.k_heap_init
                0x000000000000a3ec       0x10 zephyr/kernel/libkernel.a(kheap.c.obj)
                0x000000000000a3ec                k_heap_init
 *(SORT_BY_ALIGNMENT(.TEXT.*))
 .TEXT.z_arm_platform_init
                0x000000000000a3fc        0x4 zephyr/libzephyr.a(soc_nrf_common.S.obj)
                0x000000000000a3fc                z_arm_platform_init
 *(SORT_BY_ALIGNMENT(.gnu.linkonce.t.*))
 *(SORT_BY_ALIGNMENT(.glue_7t))
 .glue_7t       0x000000000000a400        0x0 linker stubs
 *(SORT_BY_ALIGNMENT(.glue_7))
 .glue_7        0x000000000000a400        0x0 linker stubs
 *(SORT_BY_ALIGNMENT(.vfp11_veneer))
 .vfp11_veneer  0x000000000000a400        0x0 linker stubs
 *(SORT_BY_ALIGNMENT(.v4_bx))
 .v4_bx         0x000000000000a400        0x0 linker stubs
                0x000000000000a400                __text_region_end = .

.ARM.exidx      0x000000000000a400        0x8
                0x000000000000a400                __exidx_start = .
 *(SORT_BY_ALIGNMENT(.ARM.exidx*) SORT_BY_ALIGNMENT(gnu.linkonce.armexidx.*))
 .ARM.exidx     0x000000000000a400        0x8 /home/giacomo/gnuarmemb/gcc-arm-none-eabi-9-2019-q4-major/bin/../lib/gcc/arm-none-eabi/9.2.1/thumb/v7e-m/nofp/libgcc.a(_udivmoddi4.o)
                0x000000000000a408                __exidx_end = .
                0x000000000000a408                __rodata_region_start = .

initlevel       0x000000000000a408       0x78
                0x000000000000a408                __init_start = .
                0x000000000000a408                __init_PRE_KERNEL_1_start = .
 *(SORT_BY_NAME(SORT_BY_ALIGNMENT(.z_init_PRE_KERNEL_1[0-9]_*)))
 .z_init_PRE_KERNEL_10_
                0x000000000000a408        0x8 zephyr/soc/arm/nordic_nrf/nrf52/libsoc__arm__nordic_nrf__nrf52.a(soc.c.obj)
 *(SORT_BY_NAME(SORT_BY_ALIGNMENT(.z_init_PRE_KERNEL_1[1-9][0-9]_*)))
 .z_init_PRE_KERNEL_130_
                0x000000000000a410        0x8 zephyr/drivers/clock_control/libdrivers__clock_control.a(clock_control_nrf.c.obj)
 .z_init_PRE_KERNEL_130_
                0x000000000000a418        0x8 zephyr/kernel/libkernel.a(mem_slab.c.obj)
 .z_init_PRE_KERNEL_130_
                0x000000000000a420        0x8 zephyr/kernel/libkernel.a(kheap.c.obj)
 .z_init_PRE_KERNEL_140_
                0x000000000000a428       0x10 zephyr/drivers/gpio/libdrivers__gpio.a(gpio_nrfx.c.obj)
 .z_init_PRE_KERNEL_140_
                0x000000000000a438        0x8 modules/nrf/drivers/hw_cc310/lib..__nrf__drivers__hw_cc310.a(hw_cc310.c.obj)
 .z_init_PRE_KERNEL_155_
                0x000000000000a440       0x10 zephyr/drivers/serial/libdrivers__serial.a(uart_nrfx_uarte.c.obj)
 .z_init_PRE_KERNEL_160_
                0x000000000000a450        0x8 zephyr/drivers/console/libdrivers__console.a(uart_console.c.obj)
                0x000000000000a458                __init_PRE_KERNEL_2_start = .
 *(SORT_BY_NAME(SORT_BY_ALIGNMENT(.z_init_PRE_KERNEL_2[0-9]_*)))
 .z_init_PRE_KERNEL_20_
                0x000000000000a458        0x8 zephyr/drivers/timer/libdrivers__timer.a(nrf_rtc_timer.c.obj)
 *(SORT_BY_NAME(SORT_BY_ALIGNMENT(.z_init_PRE_KERNEL_2[1-9][0-9]_*)))
                0x000000000000a460                __init_POST_KERNEL_start = .
 *(SORT_BY_NAME(SORT_BY_ALIGNMENT(.z_init_POST_KERNEL[0-9]_*)))
 *(SORT_BY_NAME(SORT_BY_ALIGNMENT(.z_init_POST_KERNEL[1-9][0-9]_*)))
 .z_init_POST_KERNEL40_
                0x000000000000a460        0x8 modules/nrf/drivers/hw_cc310/lib..__nrf__drivers__hw_cc310.a(hw_cc310.c.obj)
 .z_init_POST_KERNEL40_
                0x000000000000a468        0x8 zephyr/kernel/libkernel.a(system_work_q.c.obj)
 .z_init_POST_KERNEL50_
                0x000000000000a470        0x8 zephyr/drivers/adc/libdrivers__adc.a(adc_nrfx_saadc.c.obj)
 .z_init_POST_KERNEL50_
                0x000000000000a478        0x8 zephyr/drivers/pwm/libdrivers__pwm.a(pwm_nrfx.c.obj)
                0x000000000000a480                __init_APPLICATION_start = .
 *(SORT_BY_NAME(SORT_BY_ALIGNMENT(.z_init_APPLICATION[0-9]_*)))
 *(SORT_BY_NAME(SORT_BY_ALIGNMENT(.z_init_APPLICATION[1-9][0-9]_*)))
                0x000000000000a480                __init_SMP_start = .
 *(SORT_BY_NAME(SORT_BY_ALIGNMENT(.z_init_SMP[0-9]_*)))
 *(SORT_BY_NAME(SORT_BY_ALIGNMENT(.z_init_SMP[1-9][0-9]_*)))
                0x000000000000a480                __init_end = .

devices         0x000000000000a480       0xa8
                0x000000000000a480                __device_start = .
                0x000000000000a480                __device_PRE_KERNEL_1_start = .
 *(SORT_BY_NAME(SORT_BY_ALIGNMENT(.z_device_PRE_KERNEL_1[0-9]_*)))
 *(SORT_BY_NAME(SORT_BY_ALIGNMENT(.z_device_PRE_KERNEL_1[1-9][0-9]_*)))
 .z_device_PRE_KERNEL_130_
                0x000000000000a480       0x18 zephyr/drivers/clock_control/libdrivers__clock_control.a(clock_control_nrf.c.obj)
                0x000000000000a480                __device_dts_ord_27
 .z_device_PRE_KERNEL_140_
                0x000000000000a498       0x30 zephyr/drivers/gpio/libdrivers__gpio.a(gpio_nrfx.c.obj)
                0x000000000000a498                __device_dts_ord_11
                0x000000000000a4b0                __device_dts_ord_54
 .z_device_PRE_KERNEL_155_
                0x000000000000a4c8       0x30 zephyr/drivers/serial/libdrivers__serial.a(uart_nrfx_uarte.c.obj)
                0x000000000000a4c8                __device_dts_ord_63
                0x000000000000a4e0                __device_dts_ord_62
                0x000000000000a4f8                __device_PRE_KERNEL_2_start = .
 *(SORT_BY_NAME(SORT_BY_ALIGNMENT(.z_device_PRE_KERNEL_2[0-9]_*)))
 *(SORT_BY_NAME(SORT_BY_ALIGNMENT(.z_device_PRE_KERNEL_2[1-9][0-9]_*)))
                0x000000000000a4f8                __device_POST_KERNEL_start = .
 *(SORT_BY_NAME(SORT_BY_ALIGNMENT(.z_device_POST_KERNEL[0-9]_*)))
 *(SORT_BY_NAME(SORT_BY_ALIGNMENT(.z_device_POST_KERNEL[1-9][0-9]_*)))
 .z_device_POST_KERNEL50_
                0x000000000000a4f8       0x18 zephyr/drivers/adc/libdrivers__adc.a(adc_nrfx_saadc.c.obj)
                0x000000000000a4f8                __device_dts_ord_26
 .z_device_POST_KERNEL50_
                0x000000000000a510       0x18 zephyr/drivers/pwm/libdrivers__pwm.a(pwm_nrfx.c.obj)
                0x000000000000a510                __device_dts_ord_24
                0x000000000000a528                __device_APPLICATION_start = .
 *(SORT_BY_NAME(SORT_BY_ALIGNMENT(.z_device_APPLICATION[0-9]_*)))
 *(SORT_BY_NAME(SORT_BY_ALIGNMENT(.z_device_APPLICATION[1-9][0-9]_*)))
                0x000000000000a528                __device_SMP_start = .
 *(SORT_BY_NAME(SORT_BY_ALIGNMENT(.z_device_SMP[0-9]_*)))
 *(SORT_BY_NAME(SORT_BY_ALIGNMENT(.z_device_SMP[1-9][0-9]_*)))
                0x000000000000a528                __device_end = .

sw_isr_table    0x000000000000a528      0x180
                0x000000000000a528                . = ALIGN (0x0)
 *(SORT_BY_ALIGNMENT(.gnu.linkonce.sw_isr_table*))
 .gnu.linkonce.sw_isr_table
                0x000000000000a528      0x180 zephyr/arch/common/libisr_tables.a(isr_tables.c.obj)
                0x000000000000a528                _sw_isr_table

initlevel_error
                0x000000000000a408        0x0
 *(SORT_BY_NAME(SORT_BY_ALIGNMENT(.z_init_[_A-Z0-9]*)))
                0x0000000000000001                ASSERT ((SIZEOF (initlevel_error) == 0x0), Undefined initialization levels used.)

app_shmem_regions
                0x000000000000a6a8        0x0
                0x000000000000a6a8                __app_shmem_regions_start = .
 *(SORT_BY_NAME(SORT_BY_ALIGNMENT(.app_regions.*)))
                0x000000000000a6a8                __app_shmem_regions_end = .

bt_l2cap_fixed_chan_area
                0x000000000000a6a8        0x0
                0x000000000000a6a8                _bt_l2cap_fixed_chan_list_start = .
 *(SORT_BY_NAME(SORT_BY_ALIGNMENT(._bt_l2cap_fixed_chan.static.*)))
                0x000000000000a6a8                _bt_l2cap_fixed_chan_list_end = .

bt_gatt_service_static_area
                0x000000000000a6a8        0x0
                0x000000000000a6a8                _bt_gatt_service_static_list_start = .
 *(SORT_BY_NAME(SORT_BY_ALIGNMENT(._bt_gatt_service_static.static.*)))
                0x000000000000a6a8                _bt_gatt_service_static_list_end = .

k_p4wq_initparam_area
                0x000000000000a6a8        0x0
                0x000000000000a6a8                _k_p4wq_initparam_list_start = .
 *(SORT_BY_NAME(SORT_BY_ALIGNMENT(._k_p4wq_initparam.static.*)))
                0x000000000000a6a8                _k_p4wq_initparam_list_end = .

log_strings_sections
                0x000000000000a6a8        0x0
                0x000000000000a6a8                __log_strings_start = .
 *(SORT_BY_NAME(SORT_BY_ALIGNMENT(.log_strings*)))
                0x000000000000a6a8                __log_strings_end = .

log_const_sections
                0x000000000000a6a8        0x0
                0x000000000000a6a8                __log_const_start = .
 *(SORT_BY_NAME(SORT_BY_ALIGNMENT(.log_const_*)))
                0x000000000000a6a8                __log_const_end = .

log_backends_sections
                0x000000000000a6a8        0x0
                0x000000000000a6a8                __log_backends_start = .
 *(SORT_BY_ALIGNMENT(._log_backend.*))
                0x000000000000a6a8                __log_backends_end = .

shell_area      0x000000000000a6a8        0x0
                0x000000000000a6a8                _shell_list_start = .
 *(SORT_BY_NAME(SORT_BY_ALIGNMENT(._shell.static.*)))
                0x000000000000a6a8                _shell_list_end = .

shell_root_cmds_sections
                0x000000000000a6a8        0x0
                0x000000000000a6a8                __shell_root_cmds_start = .
 *(SORT_BY_NAME(SORT_BY_ALIGNMENT(.shell_root_cmd_*)))
                0x000000000000a6a8                __shell_root_cmds_end = .

font_entry_sections
                0x000000000000a6a8        0x0
                0x000000000000a6a8                __font_entry_start = .
 *(SORT_BY_NAME(SORT_BY_ALIGNMENT(._cfb_font.*)))
                0x000000000000a6a8                __font_entry_end = .

tracing_backend_area
                0x000000000000a6a8        0x0
                0x000000000000a6a8                _tracing_backend_list_start = .
 *(SORT_BY_NAME(SORT_BY_ALIGNMENT(._tracing_backend.static.*)))
                0x000000000000a6a8                _tracing_backend_list_end = .

zephyr_dbg_info
 *(SORT_BY_ALIGNMENT(.dbg_thread_info))

device_handles  0x000000000000a6a8       0x2a
                0x000000000000a6a8                __device_handles_start = .
 *(SORT_BY_NAME(SORT_BY_ALIGNMENT(.__device_handles_pass2*)))
 .__device_handles_pass2
                0x000000000000a6a8       0x2a zephyr/CMakeFiles/zephyr_pre1.dir/dev_handles.c.obj
                0x000000000000a6a8                __devicehdl_DT_N_S_soc_S_pwm_4001c000
                0x000000000000a6ae                __devicehdl_DT_N_S_soc_S_adc_40007000
                0x000000000000a6b4                __devicehdl_DT_N_S_soc_S_uart_40002000
                0x000000000000a6ba                __devicehdl_DT_N_S_soc_S_uart_40028000
                0x000000000000a6c0                __devicehdl_DT_N_S_soc_S_gpio_50000300
                0x000000000000a6c6                __devicehdl_DT_N_S_soc_S_gpio_50000000
                0x000000000000a6cc                __devicehdl_DT_N_S_soc_S_clock_40000000
                0x000000000000a6d2                __device_handles_end = .

rodata          0x000000000000a6e0     0x1bb0
 *(SORT_BY_ALIGNMENT(.rodata))
 .rodata        0x000000000000a6e0        0xf app/libapp.a(main.c.obj)
 *(SORT_BY_ALIGNMENT(.rodata.*))
 *fill*         0x000000000000a6ef        0x1 
 .rodata.delay_machine_code.12410
                0x000000000000a6f0        0x6 zephyr/soc/arm/nordic_nrf/nrf52/libsoc__arm__nordic_nrf__nrf52.a(soc.c.obj)
 *fill*         0x000000000000a6f6        0x2 
 .rodata.apis   0x000000000000a6f8        0x8 zephyr/libzephyr.a(nrf_cc3xx_platform_abort_zephyr.c.obj)
 .rodata.mutex_apis
                0x000000000000a700       0x10 zephyr/libzephyr.a(nrf_cc3xx_platform_mutex_zephyr.c.obj)
 .rodata.mutexes
                0x000000000000a710       0x14 zephyr/libzephyr.a(nrf_cc3xx_platform_mutex_zephyr.c.obj)
 .rodata.static_regions
                0x000000000000a724        0xc zephyr/arch/arch/arm/core/aarch32/mpu/libarch__arm__core__aarch32__mpu.a(arm_core_mpu.c.obj)
 .rodata.mpu_config
                0x000000000000a730        0x8 zephyr/soc/arm/common/cortex_m/libsoc__arm__common__cortex_m.a(arm_mpu_regions.c.obj)
                0x000000000000a730                mpu_config
 .rodata.mpu_regions
                0x000000000000a738       0x18 zephyr/soc/arm/common/cortex_m/libsoc__arm__common__cortex_m.a(arm_mpu_regions.c.obj)
 .rodata.adc_nrfx_driver_api
                0x000000000000a750       0x10 zephyr/drivers/adc/libdrivers__adc.a(adc_nrfx_saadc.c.obj)
 .rodata.clock_control_api
                0x000000000000a760       0x18 zephyr/drivers/clock_control/libdrivers__clock_control.a(clock_control_nrf.c.obj)
 .rodata.config
                0x000000000000a778       0x10 zephyr/drivers/clock_control/libdrivers__clock_control.a(clock_control_nrf.c.obj)
 .rodata.transitions.11168
                0x000000000000a788        0xc zephyr/drivers/clock_control/libdrivers__clock_control.a(clock_control_nrf.c.obj)
 .rodata.gpio_nrfx_drv_api_funcs
                0x000000000000a794       0x24 zephyr/drivers/gpio/libdrivers__gpio.a(gpio_nrfx.c.obj)
 .rodata.gpio_nrfx_p0_cfg
                0x000000000000a7b8       0x10 zephyr/drivers/gpio/libdrivers__gpio.a(gpio_nrfx.c.obj)
 .rodata.gpio_nrfx_p1_cfg
                0x000000000000a7c8       0x10 zephyr/drivers/gpio/libdrivers__gpio.a(gpio_nrfx.c.obj)
 .rodata.pwm_nrfx_0config
                0x000000000000a7d8       0x28 zephyr/drivers/pwm/libdrivers__pwm.a(pwm_nrfx.c.obj)
 .rodata.pwm_nrfx_drv_api_funcs
                0x000000000000a800        0x8 zephyr/drivers/pwm/libdrivers__pwm.a(pwm_nrfx.c.obj)
 .rodata.uart_nrfx_uarte_driver_api
                0x000000000000a808       0x4c zephyr/drivers/serial/libdrivers__serial.a(uart_nrfx_uarte.c.obj)
 .rodata.uarte_0z_config
                0x000000000000a854       0x20 zephyr/drivers/serial/libdrivers__serial.a(uart_nrfx_uarte.c.obj)
 .rodata.uarte_1z_config
                0x000000000000a874       0x20 zephyr/drivers/serial/libdrivers__serial.a(uart_nrfx_uarte.c.obj)
 .rodata.levels.9433
                0x000000000000a894       0x14 zephyr/kernel/libkernel.a(device.c.obj)
 .rodata._k_neg_eagain
                0x000000000000a8a8        0x4 zephyr/kernel/libkernel.a(errno.c.obj)
                0x000000000000a8a8                _k_neg_eagain
 .rodata.CSWTCH.8
                0x000000000000a8ac       0x1c /home/giacomo/ncs/nrfxlib/crypto/nrf_cc310_platform/lib/cortex-m4/soft-float/no-interrupts/libnrf_cc310_platform_0.9.13.a(nrf_cc3xx_platform.c.obj)
 .rodata.mutex_free.str1.4
                0x000000000000a8c8       0x26 /home/giacomo/ncs/nrfxlib/crypto/nrf_cc310_platform/lib/cortex-m4/soft-float/no-interrupts/libnrf_cc310_platform_0.9.13.a(nrf_cc3xx_platform_mutex.c.obj)
 *fill*         0x000000000000a8ee        0x2 
 .rodata.mutex_init.str1.4
                0x000000000000a8f0       0x23 /home/giacomo/ncs/nrfxlib/crypto/nrf_cc310_platform/lib/cortex-m4/soft-float/no-interrupts/libnrf_cc310_platform_0.9.13.a(nrf_cc3xx_platform_mutex.c.obj)
 *fill*         0x000000000000a913        0x1 
 .rodata.CC_PalPowerSaveModeInit.str1.4
                0x000000000000a914       0x20 /home/giacomo/ncs/nrfxlib/crypto/nrf_cc310_platform/lib/cortex-m4/soft-float/no-interrupts/libnrf_cc310_platform_0.9.13.a(cc_pal_pm.c.obj)
 .rodata.my_channel_cfg
                0x000000000000a934        0x8 app/libapp.a(main.c.obj)
 .rodata.z_impl_gpio_pin_configure.constprop.0.str1.1
                0x000000000000a93c       0x97 app/libapp.a(main.c.obj)
 .rodata.thread_CONTROL_code.str1.1
                0x000000000000a9d3       0x6f app/libapp.a(main.c.obj)
 .rodata.thread_FILTER_code.str1.1
                0x000000000000aa42       0x49 app/libapp.a(main.c.obj)
                                         0x4b (size before relaxing)
 .rodata.thread_AUTOMATIC_code.str1.1
                0x000000000000aa8b       0xd8 app/libapp.a(main.c.obj)
 .rodata.thread_MANUAL_code.str1.1
                0x000000000000ab63       0x51 app/libapp.a(main.c.obj)
 .rodata.thread_PWM_code.str1.1
                0x000000000000abb4       0x7a app/libapp.a(main.c.obj)
 .rodata.printDays.str1.1
                0x000000000000ac2e       0x63 app/libapp.a(main.c.obj)
 .rodata.thread_A_code.str1.1
                0x000000000000ac91      0x29c app/libapp.a(main.c.obj)
 .rodata.main.str1.1
                0x000000000000af2d      0x137 app/libapp.a(main.c.obj)
 .rodata.prompt
                0x000000000000b064        0xa app/libapp.a(main.c.obj)
 .rodata.cbvprintf.str1.1
                0x000000000000b06e        0x6 zephyr/libzephyr.a(cbprintf_complete.c.obj)
 .rodata.sys_heap_free.str1.1
                0x000000000000b074       0xcc zephyr/libzephyr.a(heap.c.obj)
                                         0xe9 (size before relaxing)
 .rodata.sys_heap_init.str1.1
                0x000000000000b140       0xbb zephyr/libzephyr.a(heap.c.obj)
 .rodata.sys_notify_finalize.str1.1
                0x000000000000b1fb       0x23 zephyr/libzephyr.a(notify.c.obj)
                                         0x42 (size before relaxing)
 .rodata.mutex_free_platform.str1.1
                0x000000000000b21e       0x26 zephyr/libzephyr.a(nrf_cc3xx_platform_mutex_zephyr.c.obj)
 .rodata.mutex_init_platform.str1.1
                0x000000000000b244       0x2d zephyr/libzephyr.a(nrf_cc3xx_platform_mutex_zephyr.c.obj)
 .rodata.process_event.str1.1
                0x000000000000b271      0x122 zephyr/libzephyr.a(onoff.c.obj)
                                        0x141 (size before relaxing)
 .rodata.pm_state_notify.str1.1
                0x000000000000b393       0x9c zephyr/libzephyr.a(pm.c.obj)
 .rodata.sys_reboot.str1.1
                0x000000000000b393       0x29 zephyr/libzephyr.a(reboot.c.obj)
 .rodata.z_arm_irq_priority_set.str1.1
                0x000000000000b3bc       0x91 zephyr/arch/arch/arm/core/aarch32/libarch__arm__core__aarch32.a(irq_manage.c.obj)
                                         0xae (size before relaxing)
 .rodata.mem_manage_fault.str1.1
                0x000000000000b44d       0xa7 zephyr/arch/arch/arm/core/aarch32/cortex_m/libarch__arm__core__aarch32__cortex_m.a(fault.c.obj)
                                         0xc4 (size before relaxing)
 .rodata.z_arm_fault.str1.1
                0x000000000000b4f4       0xa5 zephyr/arch/arch/arm/core/aarch32/cortex_m/libarch__arm__core__aarch32__cortex_m.a(fault.c.obj)
                                         0xa7 (size before relaxing)
 .rodata.arm_core_mpu_configure_static_mpu_regions.str1.1
                0x000000000000b599       0x63 zephyr/arch/arch/arm/core/aarch32/mpu/libarch__arm__core__aarch32__mpu.a(arm_mpu.c.obj)
                                         0x82 (size before relaxing)
 .rodata.arm_core_mpu_configure_dynamic_mpu_regions.str1.1
                0x000000000000b5fc       0x2d zephyr/arch/arch/arm/core/aarch32/mpu/libarch__arm__core__aarch32__mpu.a(arm_mpu.c.obj)
 .rodata.z_arm_mpu_init.str1.1
                0x000000000000b629       0xa5 zephyr/arch/arch/arm/core/aarch32/mpu/libarch__arm__core__aarch32__mpu.a(arm_mpu.c.obj)
 .rodata.str1.1
                0x000000000000b6ce        0xf zephyr/soc/arm/common/cortex_m/libsoc__arm__common__cortex_m.a(arm_mpu_regions.c.obj)
 .rodata.CSWTCH.9
                0x000000000000b6dd        0x6 zephyr/soc/arm/nordic_nrf/nrf52/libsoc__arm__nordic_nrf__nrf52.a(soc.c.obj)
 .rodata.str1.1
                0x000000000000b6e3        0x6 zephyr/drivers/adc/libdrivers__adc.a(adc_nrfx_saadc.c.obj)
 .rodata.get_status.str1.1
                0x000000000000b6e3       0x61 zephyr/drivers/clock_control/libdrivers__clock_control.a(clock_control_nrf.c.obj)
                                         0x7e (size before relaxing)
 .rodata.clock_event_handler.str1.1
                0x000000000000b744        0x2 zephyr/drivers/clock_control/libdrivers__clock_control.a(clock_control_nrf.c.obj)
 .rodata.z_nrf_clock_control_lf_on.str1.1
                0x000000000000b744        0x9 zephyr/drivers/clock_control/libdrivers__clock_control.a(clock_control_nrf.c.obj)
 .rodata.str1.1
                0x000000000000b74d        0x6 zephyr/drivers/clock_control/libdrivers__clock_control.a(clock_control_nrf.c.obj)
 .rodata.gpio_nrfx_manage_callback.str1.1
                0x000000000000b753       0x6e zephyr/drivers/gpio/libdrivers__gpio.a(gpio_nrfx.c.obj)
                                         0x8b (size before relaxing)
 .rodata.nrfx_gpio_handler.str1.1
                0x000000000000b7c1        0xc zephyr/drivers/gpio/libdrivers__gpio.a(gpio_nrfx.c.obj)
 .rodata.gpio_nrfx_pin_interrupt_configure.str1.1
                0x000000000000b7cd       0x56 zephyr/drivers/gpio/libdrivers__gpio.a(gpio_nrfx.c.obj)
                                         0x58 (size before relaxing)
 .rodata.str1.1
                0x000000000000b823        0x7 zephyr/drivers/gpio/libdrivers__gpio.a(gpio_nrfx.c.obj)
                                          0xe (size before relaxing)
 .rodata.nrf_gpio_pin_port_decode.str1.1
                0x000000000000b82a       0x75 zephyr/drivers/pwm/libdrivers__pwm.a(pwm_nrfx.c.obj)
 .rodata.str1.1
                0x000000000000b82a        0x6 zephyr/drivers/pwm/libdrivers__pwm.a(pwm_nrfx.c.obj)
 .rodata.nrf_gpio_pin_port_decode.str1.1
                0x000000000000b82a       0x75 zephyr/drivers/serial/libdrivers__serial.a(uart_nrfx_uarte.c.obj)
 .rodata.str1.1
                0x000000000000b82a        0xe zephyr/drivers/serial/libdrivers__serial.a(uart_nrfx_uarte.c.obj)
 .rodata.nrf_clock_is_running.constprop.0.str1.1
                0x000000000000b838       0x34 modules/hal_nordic/nrfx/libmodules__hal_nordic__nrfx.a(nrfx_clock.c.obj)
                                         0x53 (size before relaxing)
 .rodata.nrfx_clock_init.str1.1
                0x000000000000b86c       0x4b modules/hal_nordic/nrfx/libmodules__hal_nordic__nrfx.a(nrfx_clock.c.obj)
 .rodata.nrfx_clock_enable.str1.1
                0x000000000000b8b7       0x1e modules/hal_nordic/nrfx/libmodules__hal_nordic__nrfx.a(nrfx_clock.c.obj)
 .rodata.legacy_handler.str1.1
                0x000000000000b8d5       0x64 modules/hal_nordic/nrfx/libmodules__hal_nordic__nrfx.a(nrfx_gpiote.c.obj)
                                         0x81 (size before relaxing)
 .rodata.release_handler.str1.1
                0x000000000000b939       0x14 modules/hal_nordic/nrfx/libmodules__hal_nordic__nrfx.a(nrfx_gpiote.c.obj)
 .rodata.nrf_gpio_pin_port_decode.str1.1
                0x000000000000b94d       0x58 modules/hal_nordic/nrfx/libmodules__hal_nordic__nrfx.a(nrfx_gpiote.c.obj)
 .rodata.nrfx_gpiote_channel_get.str1.1
                0x000000000000b94d        0xa modules/hal_nordic/nrfx/libmodules__hal_nordic__nrfx.a(nrfx_gpiote.c.obj)
 .rodata.nrfx_gpiote_trigger_enable.str1.1
                0x000000000000b957       0x20 modules/hal_nordic/nrfx/libmodules__hal_nordic__nrfx.a(nrfx_gpiote.c.obj)
 .rodata.nrf_pwm_sequence_set.str1.1
                0x000000000000b977       0xcd modules/hal_nordic/nrfx/libmodules__hal_nordic__nrfx.a(nrfx_pwm.c.obj)
                                         0xea (size before relaxing)
 .rodata.nrf_gpio_pin_port_decode.str1.1
                0x000000000000ba44       0x58 modules/hal_nordic/nrfx/libmodules__hal_nordic__nrfx.a(nrfx_pwm.c.obj)
 .rodata.nrfx_pwm_init.str1.1
                0x000000000000ba44       0x65 modules/hal_nordic/nrfx/libmodules__hal_nordic__nrfx.a(nrfx_pwm.c.obj)
 .rodata.nrfx_pwm_uninit.str1.1
                0x000000000000baa9       0x2c modules/hal_nordic/nrfx/libmodules__hal_nordic__nrfx.a(nrfx_pwm.c.obj)
 .rodata.nrfx_pwm_simple_playback.str1.1
                0x000000000000bad5       0x3c modules/hal_nordic/nrfx/libmodules__hal_nordic__nrfx.a(nrfx_pwm.c.obj)
 .rodata.nrfx_pwm_stop.str1.1
                0x000000000000bb11       0x45 modules/hal_nordic/nrfx/libmodules__hal_nordic__nrfx.a(nrfx_pwm.c.obj)
 .rodata.CSWTCH.14
                0x000000000000bb56        0x6 modules/hal_nordic/nrfx/libmodules__hal_nordic__nrfx.a(system_nrf52840.c.obj)
 .rodata.CSWTCH.5
                0x000000000000bb5c        0x6 modules/hal_nordic/nrfx/libmodules__hal_nordic__nrfx.a(system_nrf52840.c.obj)
 .rodata.z_fatal_error.str1.1
                0x000000000000bb62       0x74 zephyr/kernel/libkernel.a(fatal.c.obj)
                                         0x91 (size before relaxing)
 .rodata.idle.str1.1
                0x000000000000bbd6       0x49 zephyr/kernel/libkernel.a(idle.c.obj)
                                         0x66 (size before relaxing)
 .rodata.z_cstart.str1.1
                0x000000000000bc1f        0x5 zephyr/kernel/libkernel.a(init.c.obj)
 .rodata.init_mem_slab_module.str1.1
                0x000000000000bc24       0x61 zephyr/kernel/libkernel.a(mem_slab.c.obj)
                                         0x7e (size before relaxing)
 .rodata.k_mem_slab_alloc.str1.1
                0x000000000000bc85       0x7f zephyr/kernel/libkernel.a(mem_slab.c.obj)
 .rodata.z_impl_k_mutex_lock.str1.1
                0x000000000000bc85       0x59 zephyr/kernel/libkernel.a(mutex.c.obj)
                                         0xf5 (size before relaxing)
 .rodata.z_impl_k_mutex_unlock.str1.1
                0x000000000000bcde       0x76 zephyr/kernel/libkernel.a(mutex.c.obj)
 .rodata.clear_event_registrations.str1.1
                0x000000000000bd54       0xfb zephyr/kernel/libkernel.a(poll.c.obj)
                                        0x199 (size before relaxing)
 .rodata.signal_poll_event.str1.1
                0x000000000000be4f       0x35 zephyr/kernel/libkernel.a(poll.c.obj)
 .rodata.k_sched_time_slice_set.str1.1
                0x000000000000be84       0x9c zephyr/kernel/libkernel.a(sched.c.obj)
 .rodata.k_sched_lock.str1.1
                0x000000000000be84       0x71 zephyr/kernel/libkernel.a(sched.c.obj)
 .rodata.z_priq_dumb_remove.str1.1